../Core/Src/uECC.c:202:6:uECC_set_rng	16	static
../Core/Src/uECC.c:206:19:uECC_get_rng	4	static
../Core/Src/uECC.c:210:5:uECC_curve_private_key_size	16	static
../Core/Src/uECC.c:214:5:uECC_curve_public_key_size	16	static
../Core/Src/uECC.c:219:19:uECC_vli_clear	24	static
../Core/Src/uECC.c:229:26:uECC_vli_isZero	24	static
../Core/Src/uECC.c:239:26:uECC_vli_testBit	16	static
../Core/Src/uECC.c:244:20:vli_numDigits	24	static
../Core/Src/uECC.c:255:25:uECC_vli_numBits	32	static
../Core/Src/uECC.c:274:19:uECC_vli_set	32	static
../Core/Src/uECC.c:283:20:uECC_vli_cmp_unsafe	32	static
../Core/Src/uECC.c:299:26:uECC_vli_equal	32	static
../Core/Src/uECC.c:316:26:uECC_vli_cmp	64	static
../Core/Src/uECC.c:327:19:uECC_vli_rshift1	32	static
../Core/Src/uECC.c:342:26:uECC_vli_add	40	static
../Core/Src/uECC.c:361:26:uECC_vli_sub	40	static
../Core/Src/uECC.c:381:13:muladd	96	static
../Core/Src/uECC.c:423:19:uECC_vli_mult	56	static
../Core/Src/uECC.c:547:19:uECC_vli_modAdd	32	static
../Core/Src/uECC.c:561:19:uECC_vli_modSub	32	static
../Core/Src/uECC.c:576:19:uECC_vli_mmod	192	static
../Core/Src/uECC.c:619:19:uECC_vli_modMult	88	static
../Core/Src/uECC.c:629:19:uECC_vli_modMult_fast	88	static
../Core/Src/uECC.c:679:19:uECC_vli_modSquare_fast	24	static
../Core/Src/uECC.c:688:13:vli_modInv_update	32	static
../Core/Src/uECC.c:703:19:uECC_vli_modInv	160	static
../Core/Src/uECC.c:760:13:apply_z	56	static
../Core/Src/uECC.c:773:13:XYcZ_initial_double	72	static
../Core/Src/uECC.c:801:13:XYcZ_add	72	static
../Core/Src/uECC.c:833:13:XYcZ_addC	144	static
../Core/Src/uECC.c:871:13:EccPoint_mult	240	static
../Core/Src/uECC.c:917:20:regularize_k	32	static
../Core/Src/uECC.c:932:18:uECC_generate_random_int	40	static
../Core/Src/uECC.c:956:20:EccPoint_compute_public_key	112	static
../Core/Src/uECC.c:1004:19:uECC_vli_nativeToBytes	32	static
../Core/Src/uECC.c:1014:19:uECC_vli_bytesToNative	32	static
../Core/Src/uECC.c:1028:5:uECC_make_key	128	static
../Core/Src/uECC.c:1058:5:uECC_shared_secret	192	static
../Core/Src/uECC.c:1104:6:uECC_compress	32	static
../Core/Src/uECC.c:1116:6:uECC_decompress	96	static
../Core/Src/uECC.c:1142:18:uECC_valid_point	88	static
../Core/Src/uECC.c:1165:5:uECC_valid_public_key	80	static
../Core/Src/uECC.c:1180:5:uECC_compute_public_key	120	static
../Core/Src/uECC.c:1218:13:bits2int	48	static
../Core/Src/uECC.c:1256:12:uECC_sign_with_k_internal	192	static
../Core/Src/uECC.c:1340:5:uECC_sign_with_k	64	static
../Core/Src/uECC.c:1351:5:uECC_sign	72	static
../Core/Src/uECC.c:1373:13:HMAC_init	24	static
../Core/Src/uECC.c:1385:13:HMAC_update	24	static
../Core/Src/uECC.c:1391:13:HMAC_finish	32	static
../Core/Src/uECC.c:1410:13:update_V	24	static
../Core/Src/uECC.c:1422:5:uECC_sign_deterministic	96	static
../Core/Src/uECC.c:1495:19:smax	16	static
../Core/Src/uECC.c:1499:5:uECC_verify	520	static
