../Drivers/CMSIS/Include/core_cm7.h:2156:34:__NVIC_SystemReset	4	static,ignoring_inline_asm
../Core/Src/stm32h7xx_it.c:73:6:NMI_Handler	4	static
../Core/Src/stm32h7xx_it.c:87:6:HardFault_Handler	8	static
../Core/Src/stm32h7xx_it.c:102:6:MemManage_Handler	4	static
../Core/Src/stm32h7xx_it.c:117:6:BusFault_Handler	4	static
../Core/Src/stm32h7xx_it.c:132:6:UsageFault_Handler	4	static
../Core/Src/stm32h7xx_it.c:147:6:DebugMon_Handler	4	static
../Core/Src/stm32h7xx_it.c:167:6:TIM1_UP_IRQHandler	8	static
../Core/Src/stm32h7xx_it.c:181:6:USART1_IRQHandler	8	static
../Core/Src/stm32h7xx_it.c:195:6:TIM6_DAC_IRQHandler	8	static
../Core/Src/stm32h7xx_it.c:209:6:ETH_IRQHandler	8	static
