Archive member included to satisfy reference by file (symbol)

D:/STM32CubeIDE_1.18.1/STM32CubeIDE/plugins/com.st.stm32cube.ide.mcu.externaltools.gnu-tools-for-stm32.13.3.rel1.win32_1.0.0.202411081344/tools/bin/../lib/gcc/arm-none-eabi/13.3.1/../../../../arm-none-eabi/lib/thumb/v7e-m+dp/hard\libc_nano.a(libc_a-atoi.o)
                              ./Middlewares/Third_Party/LwIP/src/core/netif.o (atoi)
D:/STM32CubeIDE_1.18.1/STM32CubeIDE/plugins/com.st.stm32cube.ide.mcu.externaltools.gnu-tools-for-stm32.13.3.rel1.win32_1.0.0.202411081344/tools/bin/../lib/gcc/arm-none-eabi/13.3.1/../../../../arm-none-eabi/lib/thumb/v7e-m+dp/hard\libc_nano.a(libc_a-exit.o)
                              D:/STM32CubeIDE_1.18.1/STM32CubeIDE/plugins/com.st.stm32cube.ide.mcu.externaltools.gnu-tools-for-stm32.13.3.rel1.win32_1.0.0.202411081344/tools/bin/../lib/gcc/arm-none-eabi/13.3.1/../../../../arm-none-eabi/lib/thumb/v7e-m+dp/hard/crt0.o (exit)
D:/STM32CubeIDE_1.18.1/STM32CubeIDE/plugins/com.st.stm32cube.ide.mcu.externaltools.gnu-tools-for-stm32.13.3.rel1.win32_1.0.0.202411081344/tools/bin/../lib/gcc/arm-none-eabi/13.3.1/../../../../arm-none-eabi/lib/thumb/v7e-m+dp/hard\libc_nano.a(libc_a-rand.o)
                              ./Middlewares/Third_Party/LwIP/src/core/tcp.o (rand)
D:/STM32CubeIDE_1.18.1/STM32CubeIDE/plugins/com.st.stm32cube.ide.mcu.externaltools.gnu-tools-for-stm32.13.3.rel1.win32_1.0.0.202411081344/tools/bin/../lib/gcc/arm-none-eabi/13.3.1/../../../../arm-none-eabi/lib/thumb/v7e-m+dp/hard\libc_nano.a(libc_a-strtol.o)
                              D:/STM32CubeIDE_1.18.1/STM32CubeIDE/plugins/com.st.stm32cube.ide.mcu.externaltools.gnu-tools-for-stm32.13.3.rel1.win32_1.0.0.202411081344/tools/bin/../lib/gcc/arm-none-eabi/13.3.1/../../../../arm-none-eabi/lib/thumb/v7e-m+dp/hard\libc_nano.a(libc_a-atoi.o) (_strtol_r)
D:/STM32CubeIDE_1.18.1/STM32CubeIDE/plugins/com.st.stm32cube.ide.mcu.externaltools.gnu-tools-for-stm32.13.3.rel1.win32_1.0.0.202411081344/tools/bin/../lib/gcc/arm-none-eabi/13.3.1/../../../../arm-none-eabi/lib/thumb/v7e-m+dp/hard\libc_nano.a(libc_a-ctype_.o)
                              ./Middlewares/Third_Party/LwIP/src/core/ipv4/ip4_addr.o (_ctype_)
D:/STM32CubeIDE_1.18.1/STM32CubeIDE/plugins/com.st.stm32cube.ide.mcu.externaltools.gnu-tools-for-stm32.13.3.rel1.win32_1.0.0.202411081344/tools/bin/../lib/gcc/arm-none-eabi/13.3.1/../../../../arm-none-eabi/lib/thumb/v7e-m+dp/hard\libc_nano.a(libc_a-findfp.o)
                              ./Middlewares/Third_Party/FreeRTOS/Source/tasks.o (__sf)
D:/STM32CubeIDE_1.18.1/STM32CubeIDE/plugins/com.st.stm32cube.ide.mcu.externaltools.gnu-tools-for-stm32.13.3.rel1.win32_1.0.0.202411081344/tools/bin/../lib/gcc/arm-none-eabi/13.3.1/../../../../arm-none-eabi/lib/thumb/v7e-m+dp/hard\libc_nano.a(libc_a-fwalk.o)
                              D:/STM32CubeIDE_1.18.1/STM32CubeIDE/plugins/com.st.stm32cube.ide.mcu.externaltools.gnu-tools-for-stm32.13.3.rel1.win32_1.0.0.202411081344/tools/bin/../lib/gcc/arm-none-eabi/13.3.1/../../../../arm-none-eabi/lib/thumb/v7e-m+dp/hard\libc_nano.a(libc_a-findfp.o) (_fwalk_sglue)
D:/STM32CubeIDE_1.18.1/STM32CubeIDE/plugins/com.st.stm32cube.ide.mcu.externaltools.gnu-tools-for-stm32.13.3.rel1.win32_1.0.0.202411081344/tools/bin/../lib/gcc/arm-none-eabi/13.3.1/../../../../arm-none-eabi/lib/thumb/v7e-m+dp/hard\libc_nano.a(libc_a-printf.o)
                              ./Core/Src/freertos.o (printf)
D:/STM32CubeIDE_1.18.1/STM32CubeIDE/plugins/com.st.stm32cube.ide.mcu.externaltools.gnu-tools-for-stm32.13.3.rel1.win32_1.0.0.202411081344/tools/bin/../lib/gcc/arm-none-eabi/13.3.1/../../../../arm-none-eabi/lib/thumb/v7e-m+dp/hard\libc_nano.a(libc_a-puts.o)
                              ./Core/Src/freertos.o (puts)
D:/STM32CubeIDE_1.18.1/STM32CubeIDE/plugins/com.st.stm32cube.ide.mcu.externaltools.gnu-tools-for-stm32.13.3.rel1.win32_1.0.0.202411081344/tools/bin/../lib/gcc/arm-none-eabi/13.3.1/../../../../arm-none-eabi/lib/thumb/v7e-m+dp/hard\libc_nano.a(libc_a-sprintf.o)
                              ./Core/Src/udpServer.o (sprintf)
D:/STM32CubeIDE_1.18.1/STM32CubeIDE/plugins/com.st.stm32cube.ide.mcu.externaltools.gnu-tools-for-stm32.13.3.rel1.win32_1.0.0.202411081344/tools/bin/../lib/gcc/arm-none-eabi/13.3.1/../../../../arm-none-eabi/lib/thumb/v7e-m+dp/hard\libc_nano.a(libc_a-stdio.o)
                              D:/STM32CubeIDE_1.18.1/STM32CubeIDE/plugins/com.st.stm32cube.ide.mcu.externaltools.gnu-tools-for-stm32.13.3.rel1.win32_1.0.0.202411081344/tools/bin/../lib/gcc/arm-none-eabi/13.3.1/../../../../arm-none-eabi/lib/thumb/v7e-m+dp/hard\libc_nano.a(libc_a-findfp.o) (__sread)
D:/STM32CubeIDE_1.18.1/STM32CubeIDE/plugins/com.st.stm32cube.ide.mcu.externaltools.gnu-tools-for-stm32.13.3.rel1.win32_1.0.0.202411081344/tools/bin/../lib/gcc/arm-none-eabi/13.3.1/../../../../arm-none-eabi/lib/thumb/v7e-m+dp/hard\libc_nano.a(libc_a-wbuf.o)
[...]
Memory Configuration

Name             Origin             Length             Attributes
ITCMRAM          0x00000000         0x00010000         xrw
DTCMRAM          0x20000000         0x00020000         xrw
FLASH            0x08000000         0x00100000         xr
RAM_D1           0x24000000         0x00050000         xrw
RAM_D2           0x30000000         0x00008000         xrw
RAM_D3           0x38000000         0x00004000         xrw
*default*        0x00000000         0xffffffff

Linker script and memory map

LOAD D:/STM32CubeIDE_1.18.1/STM32CubeIDE/plugins/com.st.stm32cube.ide.mcu.externaltools.gnu-tools-for-stm32.13.3.rel1.win32_1.0.0.202411081344/tools/bin/../lib/gcc/arm-none-eabi/13.3.1/thumb/v7e-m+dp/hard/crti.o
LOAD D:/STM32CubeIDE_1.18.1/STM32CubeIDE/plugins/com.st.stm32cube.ide.mcu.externaltools.gnu-tools-for-stm32.13.3.rel1.win32_1.0.0.202411081344/tools/bin/../lib/gcc/arm-none-eabi/13.3.1/thumb/v7e-m+dp/hard/crtbegin.o
LOAD D:/STM32CubeIDE_1.18.1/STM32CubeIDE/plugins/com.st.stm32cube.ide.mcu.externaltools.gnu-tools-for-stm32.13.3.rel1.win32_1.0.0.202411081344/tools/bin/../lib/gcc/arm-none-eabi/13.3.1/../../../../arm-none-eabi/lib/thumb/v7e-m+dp/hard/crt0.o
LOAD ./Core/Src/CANSPI.o
LOAD ./Core/Src/Defind.o
LOAD ./Core/Src/freertos.o
LOAD ./Core/Src/gpio.o
LOAD ./Core/Src/main.o
LOAD ./Core/Src/memorymap.o
LOAD ./Core/Src/stm32h7xx_hal_msp.o
LOAD ./Core/Src/stm32h7xx_hal_timebase_tim.o
LOAD ./Core/Src/stm32h7xx_it.o
LOAD ./Core/Src/syscalls.o
LOAD ./Core/Src/sysmem.o
LOAD ./Core/Src/system_stm32h7xx.o
LOAD ./Core/Src/tim.o
LOAD ./Core/Src/udpServer.o
LOAD ./Core/Src/usart.o
LOAD ./Core/Startup/startup_stm32h723zgtx.o
LOAD ./Drivers/STM32H7xx_HAL_Driver/Src/stm32h7xx_hal.o
LOAD ./Drivers/STM32H7xx_HAL_Driver/Src/stm32h7xx_hal_cortex.o
LOAD ./Drivers/STM32H7xx_HAL_Driver/Src/stm32h7xx_hal_dma.o
LOAD ./Drivers/STM32H7xx_HAL_Driver/Src/stm32h7xx_hal_dma_ex.o
LOAD ./Drivers/STM32H7xx_HAL_Driver/Src/stm32h7xx_hal_eth.o
LOAD ./Drivers/STM32H7xx_HAL_Driver/Src/stm32h7xx_hal_eth_ex.o
LOAD ./Drivers/STM32H7xx_HAL_Driver/Src/stm32h7xx_hal_exti.o
LOAD ./Drivers/STM32H7xx_HAL_Driver/Src/stm32h7xx_hal_flash.o
LOAD ./Drivers/STM32H7xx_HAL_Driver/Src/stm32h7xx_hal_flash_ex.o
LOAD ./Drivers/STM32H7xx_HAL_Driver/Src/stm32h7xx_hal_gpio.o
LOAD ./Drivers/STM32H7xx_HAL_Driver/Src/stm32h7xx_hal_hsem.o
LOAD ./Drivers/STM32H7xx_HAL_Driver/Src/stm32h7xx_hal_i2c.o
LOAD ./Drivers/STM32H7xx_HAL_Driver/Src/stm32h7xx_hal_i2c_ex.o
LOAD ./Drivers/STM32H7xx_HAL_Driver/Src/stm32h7xx_hal_mdma.o
LOAD ./Drivers/STM32H7xx_HAL_Driver/Src/stm32h7xx_hal_pwr.o
LOAD ./Drivers/STM32H7xx_HAL_Driver/Src/stm32h7xx_hal_pwr_ex.o
LOAD ./Drivers/STM32H7xx_HAL_Driver/Src/stm32h7xx_hal_rcc.o
LOAD ./Drivers/STM32H7xx_HAL_Driver/Src/stm32h7xx_hal_rcc_ex.o
LOAD ./Drivers/STM32H7xx_HAL_Driver/Src/stm32h7xx_hal_tim.o
LOAD ./Drivers/STM32H7xx_HAL_Driver/Src/stm32h7xx_hal_tim_ex.o
LOAD ./Drivers/STM32H7xx_HAL_Driver/Src/stm32h7xx_hal_uart.o
LOAD ./Drivers/STM32H7xx_HAL_Driver/Src/stm32h7xx_hal_uart_ex.o
LOAD ./LWIP/App/lwip.o
LOAD ./LWIP/Target/ethernetif.o
LOAD ./Middlewares/Third_Party/FreeRTOS/Source/CMSIS_RTOS_V2/cmsis_os2.o
LOAD ./Middlewares/Third_Party/FreeRTOS/Source/croutine.o
LOAD ./Middlewares/Third_Party/FreeRTOS/Source/event_groups.o
LOAD ./Middlewares/Third_Party/FreeRTOS/Source/list.o
LOAD ./Middlewares/Third_Party/FreeRTOS/Source/queue.o
LOAD ./Middlewares/Third_Party/FreeRTOS/Source/stream_buffer.o
LOAD ./Middlewares/Third_Party/FreeRTOS/Source/tasks.o
LOAD ./Middlewares/Third_Party/FreeRTOS/Source/timers.o
LOAD ./Middlewares/Third_Party/FreeRTOS/Source/portable/GCC/ARM_CM4F/port.o
LOAD ./Middlewares/Third_Party/FreeRTOS/Source/portable/MemMang/heap_4.o
LOAD ./Middlewares/Third_Party/LwIP/src/api/api_lib.o
LOAD ./Middlewares/Third_Party/LwIP/src/api/api_msg.o
LOAD ./Middlewares/Third_Party/LwIP/src/api/err.o
LOAD ./Middlewares/Third_Party/LwIP/src/api/if_api.o
LOAD ./Middlewares/Third_Party/LwIP/src/api/netbuf.o
LOAD ./Middlewares/Third_Party/LwIP/src/api/netdb.o
LOAD ./Middlewares/Third_Party/LwIP/src/api/netifapi.o
LOAD ./Middlewares/Third_Party/LwIP/src/api/sockets.o
LOAD ./Middlewares/Third_Party/LwIP/src/api/tcpip.o
LOAD ./Middlewares/Third_Party/LwIP/src/apps/mqtt/mqtt.o
LOAD ./Middlewares/Third_Party/LwIP/src/core/altcp.o
LOAD ./Middlewares/Third_Party/LwIP/src/core/altcp_alloc.o
LOAD ./Middlewares/Third_Party/LwIP/src/core/altcp_tcp.o
LOAD ./Middlewares/Third_Party/LwIP/src/core/def.o
LOAD ./Middlewares/Third_Party/LwIP/src/core/dns.o
LOAD ./Middlewares/Third_Party/LwIP/src/core/inet_chksum.o
LOAD ./Middlewares/Third_Party/LwIP/src/core/init.o
LOAD ./Middlewares/Third_Party/LwIP/src/core/ip.o
LOAD ./Middlewares/Third_Party/LwIP/src/core/mem.o
LOAD ./Middlewares/Third_Party/LwIP/src/core/memp.o
LOAD ./Middlewares/Third_Party/LwIP/src/core/netif.o
LOAD ./Middlewares/Third_Party/LwIP/src/core/pbuf.o
LOAD ./Middlewares/Third_Party/LwIP/src/core/raw.o
LOAD ./Middlewares/Third_Party/LwIP/src/core/stats.o
LOAD ./Middlewares/Third_Party/LwIP/src/core/sys.o
LOAD ./Middlewares/Third_Party/LwIP/src/core/tcp.o
LOAD ./Middlewares/Third_Party/LwIP/src/core/tcp_in.o
LOAD ./Middlewares/Third_Party/LwIP/src/core/tcp_out.o
LOAD ./Middlewares/Third_Party/LwIP/src/core/timeouts.o
LOAD ./Middlewares/Third_Party/LwIP/src/core/udp.o
LOAD ./Middlewares/Third_Party/LwIP/src/core/ipv4/autoip.o
LOAD ./Middlewares/Third_Party/LwIP/src/core/ipv4/dhcp.o
LOAD ./Middlewares/Third_Party/LwIP/src/core/ipv4/etharp.o
LOAD ./Middlewares/Third_Party/LwIP/src/core/ipv4/icmp.o
LOAD ./Middlewares/Third_Party/LwIP/src/core/ipv4/igmp.o
LOAD ./Middlewares/Third_Party/LwIP/src/core/ipv4/ip4.o
LOAD ./Middlewares/Third_Party/LwIP/src/core/ipv4/ip4_addr.o
LOAD ./Middlewares/Third_Party/LwIP/src/core/ipv4/ip4_frag.o
LOAD ./Middlewares/Third_Party/LwIP/src/core/ipv6/dhcp6.o
LOAD ./Middlewares/Third_Party/LwIP/src/core/ipv6/ethip6.o
LOAD ./Middlewares/Third_Party/LwIP/src/core/ipv6/icmp6.o
LOAD ./Middlewares/Third_Party/LwIP/src/core/ipv6/inet6.o
LOAD ./Middlewares/Third_Party/LwIP/src/core/ipv6/ip6.o
LOAD ./Middlewares/Third_Party/LwIP/src/core/ipv6/ip6_addr.o
LOAD ./Middlewares/Third_Party/LwIP/src/core/ipv6/ip6_frag.o
LOAD ./Middlewares/Third_Party/LwIP/src/core/ipv6/mld6.o
LOAD ./Middlewares/Third_Party/LwIP/src/core/ipv6/nd6.o
LOAD ./Middlewares/Third_Party/LwIP/src/netif/bridgeif.o
LOAD ./Middlewares/Third_Party/LwIP/src/netif/bridgeif_fdb.o
LOAD ./Middlewares/Third_Party/LwIP/src/netif/ethernet.o
LOAD ./Middlewares/Third_Party/LwIP/src/netif/lowpan6.o
LOAD ./Middlewares/Third_Party/LwIP/src/netif/lowpan6_ble.o
LOAD ./Middlewares/Third_Party/LwIP/src/netif/lowpan6_common.o
LOAD ./Middlewares/Third_Party/LwIP/src/netif/slipif.o
LOAD ./Middlewares/Third_Party/LwIP/src/netif/zepif.o
LOAD ./Middlewares/Third_Party/LwIP/src/netif/ppp/auth.o
LOAD ./Middlewares/Third_Party/LwIP/src/netif/ppp/ccp.o
LOAD ./Middlewares/Third_Party/LwIP/src/netif/ppp/chap-md5.o
LOAD ./Middlewares/Third_Party/LwIP/src/netif/ppp/chap-new.o
LOAD ./Middlewares/Third_Party/LwIP/src/netif/ppp/chap_ms.o
LOAD ./Middlewares/Third_Party/LwIP/src/netif/ppp/demand.o
LOAD ./Middlewares/Third_Party/LwIP/src/netif/ppp/eap.o
LOAD ./Middlewares/Third_Party/LwIP/src/netif/ppp/ecp.o
LOAD ./Middlewares/Third_Party/LwIP/src/netif/ppp/eui64.o
LOAD ./Middlewares/Third_Party/LwIP/src/netif/ppp/fsm.o
LOAD ./Middlewares/Third_Party/LwIP/src/netif/ppp/ipcp.o
LOAD ./Middlewares/Third_Party/LwIP/src/netif/ppp/ipv6cp.o
LOAD ./Middlewares/Third_Party/LwIP/src/netif/ppp/lcp.o
LOAD ./Middlewares/Third_Party/LwIP/src/netif/ppp/magic.o
LOAD ./Middlewares/Third_Party/LwIP/src/netif/ppp/mppe.o
LOAD ./Middlewares/Third_Party/LwIP/src/netif/ppp/multilink.o
LOAD ./Middlewares/Third_Party/LwIP/src/netif/ppp/ppp.o
LOAD ./Middlewares/Third_Party/LwIP/src/netif/ppp/pppapi.o
LOAD ./Middlewares/Third_Party/LwIP/src/netif/ppp/pppcrypt.o
LOAD ./Middlewares/Third_Party/LwIP/src/netif/ppp/pppoe.o
LOAD ./Middlewares/Third_Party/LwIP/src/netif/ppp/pppol2tp.o
LOAD ./Middlewares/Third_Party/LwIP/src/netif/ppp/pppos.o
LOAD ./Middlewares/Third_Party/LwIP/src/netif/ppp/upap.o
LOAD ./Middlewares/Third_Party/LwIP/src/netif/ppp/utils.o
LOAD ./Middlewares/Third_Party/LwIP/src/netif/ppp/vj.o
LOAD ./Middlewares/Third_Party/LwIP/system/OS/sys_arch.o
START GROUP
LOAD D:/STM32CubeIDE_1.18.1/STM32CubeIDE/plugins/com.st.stm32cube.ide.mcu.externaltools.gnu-tools-for-stm32.13.3.rel1.win32_1.0.0.202411081344/tools/bin/../lib/gcc/arm-none-eabi/13.3.1/../../../../arm-none-eabi/lib/thumb/v7e-m+dp/hard\libc_nano.a
LOAD D:/STM32CubeIDE_1.18.1/STM32CubeIDE/plugins/com.st.stm32cube.ide.mcu.externaltools.gnu-tools-for-stm32.13.3.rel1.win32_1.0.0.202411081344/tools/bin/../lib/gcc/arm-none-eabi/13.3.1/../../../../arm-none-eabi/lib/thumb/v7e-m+dp/hard\libm.a
END GROUP
START GROUP
LOAD D:/STM32CubeIDE_1.18.1/STM32CubeIDE/plugins/com.st.stm32cube.ide.mcu.externaltools.gnu-tools-for-stm32.13.3.rel1.win32_1.0.0.202411081344/tools/bin/../lib/gcc/arm-none-eabi/13.3.1/thumb/v7e-m+dp/hard\libgcc.a
LOAD D:/STM32CubeIDE_1.18.1/STM32CubeIDE/plugins/com.st.stm32cube.ide.mcu.externaltools.gnu-tools-for-stm32.13.3.rel1.win32_1.0.0.202411081344/tools/bin/../lib/gcc/arm-none-eabi/13.3.1/../../../../arm-none-eabi/lib/thumb/v7e-m+dp/hard\libc_nano.a
END GROUP
START GROUP
LOAD D:/STM32CubeIDE_1.18.1/STM32CubeIDE/plugins/com.st.stm32cube.ide.mcu.externaltools.gnu-tools-for-stm32.13.3.rel1.win32_1.0.0.202411081344/tools/bin/../lib/gcc/arm-none-eabi/13.3.1/thumb/v7e-m+dp/hard\libgcc.a
LOAD D:/STM32CubeIDE_1.18.1/STM32CubeIDE/plugins/com.st.stm32cube.ide.mcu.externaltools.gnu-tools-for-stm32.13.3.rel1.win32_1.0.0.202411081344/tools/bin/../lib/gcc/arm-none-eabi/13.3.1/../../../../arm-none-eabi/lib/thumb/v7e-m+dp/hard\libc_nano.a
LOAD D:/STM32CubeIDE_1.18.1/STM32CubeIDE/plugins/com.st.stm32cube.ide.mcu.externaltools.gnu-tools-for-stm32.13.3.rel1.win32_1.0.0.202411081344/tools/bin/../lib/gcc/arm-none-eabi/13.3.1/../../../../arm-none-eabi/lib/thumb/v7e-m+dp/hard\libnosys.a
END GROUP
START GROUP
LOAD D:/STM32CubeIDE_1.18.1/STM32CubeIDE/plugins/com.st.stm32cube.ide.mcu.externaltools.gnu-tools-for-stm32.13.3.rel1.win32_1.0.0.202411081344/tools/bin/../lib/gcc/arm-none-eabi/13.3.1/thumb/v7e-m+dp/hard\libgcc.a
LOAD D:/STM32CubeIDE_1.18.1/STM32CubeIDE/plugins/com.st.stm32cube.ide.mcu.externaltools.gnu-tools-for-stm32.13.3.rel1.win32_1.0.0.202411081344/tools/bin/../lib/gcc/arm-none-eabi/13.3.1/../../../../arm-none-eabi/lib/thumb/v7e-m+dp/hard\libc_nano.a
LOAD D:/STM32CubeIDE_1.18.1/STM32CubeIDE/plugins/com.st.stm32cube.ide.mcu.externaltools.gnu-tools-for-stm32.13.3.rel1.win32_1.0.0.202411081344/tools/bin/../lib/gcc/arm-none-eabi/13.3.1/../../../../arm-none-eabi/lib/thumb/v7e-m+dp/hard\libnosys.a
END GROUP
LOAD D:/STM32CubeIDE_1.18.1/STM32CubeIDE/plugins/com.st.stm32cube.ide.mcu.externaltools.gnu-tools-for-stm32.13.3.rel1.win32_1.0.0.202411081344/tools/bin/../lib/gcc/arm-none-eabi/13.3.1/thumb/v7e-m+dp/hard/crtend.o
LOAD D:/STM32CubeIDE_1.18.1/STM32CubeIDE/plugins/com.st.stm32cube.ide.mcu.externaltools.gnu-tools-for-stm32.13.3.rel1.win32_1.0.0.202411081344/tools/bin/../lib/gcc/arm-none-eabi/13.3.1/thumb/v7e-m+dp/hard/crtn.o
                0x24050000                        _estack = (ORIGIN (RAM_D1) + LENGTH (RAM_D1))
                0x00000200                        _Min_Heap_Size = 0x200
                0x00000400                        _Min_Stack_Size = 0x400

.isr_vector     0x08000000      0x2cc
                0x08000000                        . = ALIGN (0x4)
 *(.isr_vector)
 .isr_vector    0x08000000      0x2cc ./Core/Startup/startup_stm32h723zgtx.o
                0x08000000                g_pfnVectors
                0x080002cc                        . = ALIGN (0x4)

.text           0x080002d0    0x1901c
                0x080002d0                        . = ALIGN (0x4)
 *(.text)
 .text          0x080002d0       0x40 D:/STM32CubeIDE_1.18.1/STM32CubeIDE/plugins/com.st.stm32cube.ide.mcu.externaltools.gnu-tools-for-stm32.13.3.rel1.win32_1.0.0.202411081344/tools/bin/../lib/gcc/arm-none-eabi/13.3.1/thumb/v7e-m+dp/hard/crtbegin.o
 .text          0x08000310       0x10 D:/STM32CubeIDE_1.18.1/STM32CubeIDE/plugins/com.st.stm32cube.ide.mcu.externaltools.gnu-tools-for-stm32.13.3.rel1.win32_1.0.0.202411081344/tools/bin/../lib/gcc/arm-none-eabi/13.3.1/../../../../arm-none-eabi/lib/thumb/v7e-m+dp/hard\libc_nano.a(libc_a-strlen.o)
                0x08000310                strlen
 .text          0x08000320       0xa0 D:/STM32CubeIDE_1.18.1/STM32CubeIDE/plugins/com.st.stm32cube.ide.mcu.externaltools.gnu-tools-for-stm32.13.3.rel1.win32_1.0.0.202411081344/tools/bin/../lib/gcc/arm-none-eabi/13.3.1/../../../../arm-none-eabi/lib/thumb/v7e-m+dp/hard\libc_nano.a(libc_a-memchr.o)
                0x08000320                memchr
 .text          0x080003c0       0x30 D:/STM32CubeIDE_1.18.1/STM32CubeIDE/plugins/com.st.stm32cube.ide.mcu.externaltools.gnu-tools-for-stm32.13.3.rel1.win32_1.0.0.202411081344/tools/bin/../lib/gcc/arm-none-eabi/13.3.1/thumb/v7e-m+dp/hard\libgcc.a(_aeabi_uldivmod.o)
                0x080003c0                __aeabi_uldivmod
 .text          0x080003f0      0x2f8 D:/STM32CubeIDE_1.18.1/STM32CubeIDE/plugins/com.st.stm32cube.ide.mcu.externaltools.gnu-tools-for-stm32.13.3.rel1.win32_1.0.0.202411081344/tools/bin/../lib/gcc/arm-none-eabi/13.3.1/thumb/v7e-m+dp/hard\libgcc.a(_udivmoddi4.o)
                0x080003f0                __udivmoddi4
 .text          0x080006e8        0x4 D:/STM32CubeIDE_1.18.1/STM32CubeIDE/plugins/com.st.stm32cube.ide.mcu.externaltools.gnu-tools-for-stm32.13.3.rel1.win32_1.0.0.202411081344/tools/bin/../lib/gcc/arm-none-eabi/13.3.1/thumb/v7e-m+dp/hard\libgcc.a(_dvmd_tls.o)
                0x080006e8                __aeabi_idiv0
                0x080006e8                __aeabi_ldiv0
 *(.text*)
 .text.crc32_custom
                0x080006ec       0x64 ./Core/Src/Defind.o
                0x080006ec                crc32_custom
 .text.crc32    0x08000750       0x1e ./Core/Src/Defind.o
                0x08000750                crc32
 *fill*         0x0800076e        0x2 
 .text.DWT_Init
                0x08000770       0x34 ./Core/Src/Defind.o
                0x08000770                DWT_Init
 .text.__NVIC_SystemReset
                0x080007a4       0x2c ./Core/Src/freertos.o
 .text.LAN8720_ReadPHY
                0x080007d0       0x38 ./Core/Src/freertos.o
                0x080007d0                LAN8720_ReadPHY
 .text.PHY_CheckStatus
                0x08000808       0xc0 ./Core/Src/freertos.o
                0x08000808                PHY_CheckStatus
 .text.MX_FREERTOS_Init
                0x080008c8       0x78 ./Core/Src/freertos.o
                0x080008c8                MX_FREERTOS_Init
 .text.StartDefaultTask
                0x08000940       0x28 ./Core/Src/freertos.o
                0x08000940                StartDefaultTask
 .text.StartMotorTask
                0x08000968       0x10 ./Core/Src/freertos.o
                0x08000968                StartMotorTask
 .text.StartSendUDP
                0x08000978       0x10 ./Core/Src/freertos.o
                0x08000978                StartSendUDP
 .text.StartIMUTask
                0x08000988       0x10 ./Core/Src/freertos.o
                0x08000988                StartIMUTask
 .text.MX_GPIO_Init
                0x08000998       0xe8 ./Core/Src/gpio.o
                0x08000998                MX_GPIO_Init
 .text.main     0x08000a80      0x108 ./Core/Src/main.o
                0x08000a80                main
 .text.SystemClock_Config
                0x08000b88       0xdc ./Core/Src/main.o
                0x08000b88                SystemClock_Config
 .text.MPU_Config
                0x08000c64       0xa8 ./Core/Src/main.o
 .text.HAL_TIM_PeriodElapsedCallback
                0x08000d0c       0x24 ./Core/Src/main.o
                0x08000d0c                HAL_TIM_PeriodElapsedCallback
 .text.Error_Handler
                0x08000d30        0xc ./Core/Src/main.o
                0x08000d30                Error_Handler
 .text.HAL_MspInit
                0x08000d3c       0x3c ./Core/Src/stm32h7xx_hal_msp.o
                0x08000d3c                HAL_MspInit
 .text.HAL_InitTick
                0x08000d78       0xc4 ./Core/Src/stm32h7xx_hal_timebase_tim.o
                0x08000d78                HAL_InitTick
 .text.__NVIC_SystemReset
                0x08000e3c       0x2c ./Core/Src/stm32h7xx_it.o
 .text.NMI_Handler
                0x08000e68        0x8 ./Core/Src/stm32h7xx_it.o
                0x08000e68                NMI_Handler
 .text.HardFault_Handler
                0x08000e70        0x8 ./Core/Src/stm32h7xx_it.o
                0x08000e70                HardFault_Handler
 .text.MemManage_Handler
                0x08000e78        0x8 ./Core/Src/stm32h7xx_it.o
                0x08000e78                MemManage_Handler
 .text.BusFault_Handler
                0x08000e80        0x8 ./Core/Src/stm32h7xx_it.o
                0x08000e80                BusFault_Handler
 .text.UsageFault_Handler
                0x08000e88        0x8 ./Core/Src/stm32h7xx_it.o
                0x08000e88                UsageFault_Handler
 .text.DebugMon_Handler
                0x08000e90        0xe ./Core/Src/stm32h7xx_it.o
                0x08000e90                DebugMon_Handler
 *fill*         0x08000e9e        0x2 
 .text.TIM1_UP_IRQHandler
                0x08000ea0       0x14 ./Core/Src/stm32h7xx_it.o
                0x08000ea0                TIM1_UP_IRQHandler
 .text.USART1_IRQHandler
                0x08000eb4       0x14 ./Core/Src/stm32h7xx_it.o
                0x08000eb4                USART1_IRQHandler
 .text.TIM6_DAC_IRQHandler
                0x08000ec8       0x14 ./Core/Src/stm32h7xx_it.o
                0x08000ec8                TIM6_DAC_IRQHandler
 .text.ETH_IRQHandler
                0x08000edc       0x14 ./Core/Src/stm32h7xx_it.o
                0x08000edc                ETH_IRQHandler
 .text._getpid  0x08000ef0       0x10 ./Core/Src/syscalls.o
                0x08000ef0                _getpid
 .text._kill    0x08000f00       0x24 ./Core/Src/syscalls.o
                0x08000f00                _kill
 .text._exit    0x08000f24       0x16 ./Core/Src/syscalls.o
                0x08000f24                _exit
 .text._read    0x08000f3a       0x3a ./Core/Src/syscalls.o
                0x08000f3a                _read
 .text._write   0x08000f74       0x38 ./Core/Src/syscalls.o
                0x08000f74                _write
 .text._close   0x08000fac       0x18 ./Core/Src/syscalls.o
                0x08000fac                _close
 .text._fstat   0x08000fc4       0x20 ./Core/Src/syscalls.o
                0x08000fc4                _fstat
 .text._isatty  0x08000fe4       0x16 ./Core/Src/syscalls.o
                0x08000fe4                _isatty
 .text._lseek   0x08000ffa       0x1a ./Core/Src/syscalls.o
                0x08000ffa                _lseek
 .text._sbrk    0x08001014       0x70 ./Core/Src/sysmem.o
                0x08001014                _sbrk
 .text.SystemInit
                0x08001084      0x120 ./Core/Src/system_stm32h7xx.o
                0x08001084                SystemInit
 .text.ExitRun0Mode
                0x080011a4       0x30 ./Core/Src/system_stm32h7xx.o
                0x080011a4                ExitRun0Mode
 .text.MX_TIM6_Init
                0x080011d4       0x70 ./Core/Src/tim.o
                0x080011d4                MX_TIM6_Init
 .text.HAL_TIM_Base_MspInit
                0x08001244       0x50 ./Core/Src/tim.o
                0x08001244                HAL_TIM_Base_MspInit
 .text.del_mem  0x08001294       0x70 ./Core/Src/udpServer.o
                0x08001294                del_mem
 .text.jump_to_code
                0x08001304       0x44 ./Core/Src/udpServer.o
                0x08001304                jump_to_code
 .text.udpServer_init
                0x08001348       0x80 ./Core/Src/udpServer.o
                0x08001348                udpServer_init
 .text.udp_receive_callback
                0x080013c8       0xf8 ./Core/Src/udpServer.o
                0x080013c8                udp_receive_callback
 .text.send_udp_response
                0x080014c0       0x58 ./Core/Src/udpServer.o
                0x080014c0                send_udp_response
 .text.bl_check_connect
                0x08001518       0x68 ./Core/Src/udpServer.o
                0x08001518                bl_check_connect
 .text.bl_check_mem
                0x08001580       0x58 ./Core/Src/udpServer.o
                0x08001580                bl_check_mem
 .text.bl_write_mem
                0x080015d8      0x4c0 ./Core/Src/udpServer.o
                0x080015d8                bl_write_mem
 .text.bl_erase_mem
                0x08001a98       0x64 ./Core/Src/udpServer.o
                0x08001a98                bl_erase_mem
 .text.bl_jump_to_code
                0x08001afc       0x5c ./Core/Src/udpServer.o
                0x08001afc                bl_jump_to_code
 .text.MX_USART1_UART_Init
                0x08001b58       0x98 ./Core/Src/usart.o
                0x08001b58                MX_USART1_UART_Init
 .text.HAL_UART_MspInit
                0x08001bf0       0xe4 ./Core/Src/usart.o
                0x08001bf0                HAL_UART_MspInit
 .text.Reset_Handler
                0x08001cd4       0x54 ./Core/Startup/startup_stm32h723zgtx.o
                0x08001cd4                Reset_Handler
 .text.Default_Handler
                0x08001d28        0x2 ./Core/Startup/startup_stm32h723zgtx.o
                0x08001d28                RTC_Alarm_IRQHandler
                0x08001d28                EXTI2_IRQHandler
                0x08001d28                TIM8_CC_IRQHandler
                0x08001d28                UART8_IRQHandler
                0x08001d28                SPI4_IRQHandler
                0x08001d28                FDCAN3_IT0_IRQHandler
                0x08001d28                TIM1_CC_IRQHandler
                0x08001d28                BDMA_Channel6_IRQHandler
                0x08001d28                DMA2_Stream5_IRQHandler
                0x08001d28                DMA1_Stream5_IRQHandler
                0x08001d28                CORDIC_IRQHandler
                0x08001d28                BDMA_Channel1_IRQHandler
                0x08001d28                TAMP_STAMP_IRQHandler
                0x08001d28                EXTI3_IRQHandler
                0x08001d28                LPTIM4_IRQHandler
                0x08001d28                TIM8_TRG_COM_TIM14_IRQHandler
                0x08001d28                LPTIM2_IRQHandler
                0x08001d28                DFSDM1_FLT1_IRQHandler
                0x08001d28                DMAMUX2_OVR_IRQHandler
                0x08001d28                TIM8_UP_TIM13_IRQHandler
                0x08001d28                I2C3_ER_IRQHandler
                0x08001d28                DFSDM1_FLT2_IRQHandler
                0x08001d28                I2C5_EV_IRQHandler
                0x08001d28                USART10_IRQHandler
                0x08001d28                MDMA_IRQHandler
                0x08001d28                LPTIM3_IRQHandler
                0x08001d28                HSEM1_IRQHandler
                0x08001d28                EXTI0_IRQHandler
                0x08001d28                I2C2_EV_IRQHandler
                0x08001d28                DMA1_Stream2_IRQHandler
                0x08001d28                FPU_IRQHandler
                0x08001d28                OTG_HS_WKUP_IRQHandler
                0x08001d28                FDCAN1_IT1_IRQHandler
                0x08001d28                LTDC_ER_IRQHandler
                0x08001d28                DMA2_Stream2_IRQHandler
                0x08001d28                SPI1_IRQHandler
                0x08001d28                OCTOSPI1_IRQHandler
                0x08001d28                DMA2_Stream3_IRQHandler
                0x08001d28                OCTOSPI2_IRQHandler
                0x08001d28                DFSDM1_FLT3_IRQHandler
                0x08001d28                TIM23_IRQHandler
                0x08001d28                USART6_IRQHandler
                0x08001d28                TIM17_IRQHandler
                0x08001d28                USART3_IRQHandler
                0x08001d28                BDMA_Channel7_IRQHandler
                0x08001d28                LPTIM5_IRQHandler
                0x08001d28                UART5_IRQHandler
                0x08001d28                ADC3_IRQHandler
                0x08001d28                DMA2_Stream0_IRQHandler
                0x08001d28                TIM4_IRQHandler
                0x08001d28                BDMA_Channel2_IRQHandler
                0x08001d28                I2C1_EV_IRQHandler
                0x08001d28                DMA1_Stream6_IRQHandler
                0x08001d28                DMAMUX1_OVR_IRQHandler
                0x08001d28                DMA1_Stream1_IRQHandler
                0x08001d28                TIM16_IRQHandler
                0x08001d28                UART4_IRQHandler
                0x08001d28                BDMA_Channel5_IRQHandler
                0x08001d28                TIM3_IRQHandler
                0x08001d28                RCC_IRQHandler
                0x08001d28                UART9_IRQHandler
                0x08001d28                TIM8_BRK_TIM12_IRQHandler
                0x08001d28                TIM1_TRG_COM_IRQHandler
                0x08001d28                Default_Handler
                0x08001d28                ECC_IRQHandler
                0x08001d28                FMAC_IRQHandler
                0x08001d28                CEC_IRQHandler
                0x08001d28                EXTI15_10_IRQHandler
                0x08001d28                BDMA_Channel0_IRQHandler
                0x08001d28                ADC_IRQHandler
                0x08001d28                I2C5_ER_IRQHandler
                0x08001d28                DMA1_Stream7_IRQHandler
                0x08001d28                SPI5_IRQHandler
                0x08001d28                TIM7_IRQHandler
                0x08001d28                FDCAN3_IT1_IRQHandler
                0x08001d28                SDMMC1_IRQHandler
                0x08001d28                TIM5_IRQHandler
                0x08001d28                DMA2_Stream7_IRQHandler
                0x08001d28                TIM15_IRQHandler
                0x08001d28                PVD_AVD_IRQHandler
                0x08001d28                I2C3_EV_IRQHandler
                0x08001d28                EXTI9_5_IRQHandler
                0x08001d28                RTC_WKUP_IRQHandler
                0x08001d28                LTDC_IRQHandler
                0x08001d28                ETH_WKUP_IRQHandler
                0x08001d28                SPDIF_RX_IRQHandler
                0x08001d28                SPI2_IRQHandler
                0x08001d28                OTG_HS_EP1_IN_IRQHandler
                0x08001d28                DMA1_Stream0_IRQHandler
                0x08001d28                TIM24_IRQHandler
                0x08001d28                CRS_IRQHandler
                0x08001d28                EXTI4_IRQHandler
                0x08001d28                RNG_IRQHandler
                0x08001d28                FDCAN2_IT1_IRQHandler
                0x08001d28                BDMA_Channel4_IRQHandler
                0x08001d28                OTG_HS_EP1_OUT_IRQHandler
                0x08001d28                WWDG_IRQHandler
                0x08001d28                SPI6_IRQHandler
                0x08001d28                MDIOS_IRQHandler
                0x08001d28                I2C4_EV_IRQHandler
                0x08001d28                FDCAN2_IT0_IRQHandler
                0x08001d28                LPUART1_IRQHandler
                0x08001d28                FDCAN1_IT0_IRQHandler
                0x08001d28                TIM2_IRQHandler
                0x08001d28                OTG_HS_IRQHandler
                0x08001d28                DMA2D_IRQHandler
                0x08001d28                TIM1_BRK_IRQHandler
                0x08001d28                EXTI1_IRQHandler
                0x08001d28                SDMMC2_IRQHandler
                0x08001d28                BDMA_Channel3_IRQHandler
                0x08001d28                DTS_IRQHandler
                0x08001d28                UART7_IRQHandler
                0x08001d28                MDIOS_WKUP_IRQHandler
                0x08001d28                USART2_IRQHandler
                0x08001d28                DFSDM1_FLT0_IRQHandler
                0x08001d28                SAI4_IRQHandler
                0x08001d28                I2C2_ER_IRQHandler
                0x08001d28                DMA2_Stream1_IRQHandler
                0x08001d28                FLASH_IRQHandler
                0x08001d28                DMA2_Stream4_IRQHandler
                0x08001d28                SPI3_IRQHandler
                0x08001d28                WAKEUP_PIN_IRQHandler
                0x08001d28                DMA1_Stream4_IRQHandler
                0x08001d28                I2C1_ER_IRQHandler
                0x08001d28                FMC_IRQHandler
                0x08001d28                FDCAN_CAL_IRQHandler
                0x08001d28                SWPMI1_IRQHandler
                0x08001d28                COMP1_IRQHandler
                0x08001d28                LPTIM1_IRQHandler
                0x08001d28                DCMI_PSSI_IRQHandler
                0x08001d28                I2C4_ER_IRQHandler
                0x08001d28                DMA2_Stream6_IRQHandler
                0x08001d28                SAI1_IRQHandler
                0x08001d28                DMA1_Stream3_IRQHandler
 *fill*         0x08001d2a        0x2 
 .text.HAL_Init
                0x08001d2c       0x78 ./Drivers/STM32H7xx_HAL_Driver/Src/stm32h7xx_hal.o
                0x08001d2c                HAL_Init
 .text.HAL_IncTick
                0x08001da4       0x28 ./Drivers/STM32H7xx_HAL_Driver/Src/stm32h7xx_hal.o
                0x08001da4                HAL_IncTick
 .text.HAL_GetTick
                0x08001dcc       0x18 ./Drivers/STM32H7xx_HAL_Driver/Src/stm32h7xx_hal.o
                0x08001dcc                HAL_GetTick
 .text.HAL_SYSCFG_ETHInterfaceSelect
                0x08001de4       0x28 ./Drivers/STM32H7xx_HAL_Driver/Src/stm32h7xx_hal.o
                0x08001de4                HAL_SYSCFG_ETHInterfaceSelect
 .text.__NVIC_SetPriorityGrouping
                0x08001e0c       0x48 ./Drivers/STM32H7xx_HAL_Driver/Src/stm32h7xx_hal_cortex.o
 .text.__NVIC_GetPriorityGrouping
                0x08001e54       0x1c ./Drivers/STM32H7xx_HAL_Driver/Src/stm32h7xx_hal_cortex.o
 .text.__NVIC_EnableIRQ
                0x08001e70       0x3c ./Drivers/STM32H7xx_HAL_Driver/Src/stm32h7xx_hal_cortex.o
 .text.__NVIC_SetPriority
                0x08001eac       0x54 ./Drivers/STM32H7xx_HAL_Driver/Src/stm32h7xx_hal_cortex.o
 .text.NVIC_EncodePriority
                0x08001f00       0x66 ./Drivers/STM32H7xx_HAL_Driver/Src/stm32h7xx_hal_cortex.o
 .text.HAL_NVIC_SetPriorityGrouping
                0x08001f66       0x16 ./Drivers/STM32H7xx_HAL_Driver/Src/stm32h7xx_hal_cortex.o
                0x08001f66                HAL_NVIC_SetPriorityGrouping
 .text.HAL_NVIC_SetPriority
                0x08001f7c       0x34 ./Drivers/STM32H7xx_HAL_Driver/Src/stm32h7xx_hal_cortex.o
                0x08001f7c                HAL_NVIC_SetPriority
 .text.HAL_NVIC_EnableIRQ
                0x08001fb0       0x1c ./Drivers/STM32H7xx_HAL_Driver/Src/stm32h7xx_hal_cortex.o
                0x08001fb0                HAL_NVIC_EnableIRQ
 .text.HAL_MPU_Disable
                0x08001fcc       0x30 ./Drivers/STM32H7xx_HAL_Driver/Src/stm32h7xx_hal_cortex.o
                0x08001fcc                HAL_MPU_Disable
 .text.HAL_MPU_Enable
                0x08001ffc       0x40 ./Drivers/STM32H7xx_HAL_Driver/Src/stm32h7xx_hal_cortex.o
                0x08001ffc                HAL_MPU_Enable
 .text.HAL_MPU_ConfigRegion
                0x0800203c       0x80 ./Drivers/STM32H7xx_HAL_Driver/Src/stm32h7xx_hal_cortex.o
                0x0800203c                HAL_MPU_ConfigRegion
 .text.HAL_DMA_Abort
                0x080020bc      0x63c ./Drivers/STM32H7xx_HAL_Driver/Src/stm32h7xx_hal_dma.o
                0x080020bc                HAL_DMA_Abort
 .text.HAL_DMA_Abort_IT
                0x080026f8      0x48c ./Drivers/STM32H7xx_HAL_Driver/Src/stm32h7xx_hal_dma.o
                0x080026f8                HAL_DMA_Abort_IT
 .text.HAL_ETH_Init
                0x08002b84      0x1fc ./Drivers/STM32H7xx_HAL_Driver/Src/stm32h7xx_hal_eth.o
                0x08002b84                HAL_ETH_Init
 .text.HAL_ETH_MspInit
                0x08002d80       0x14 ./Drivers/STM32H7xx_HAL_Driver/Src/stm32h7xx_hal_eth.o
                0x08002d80                HAL_ETH_MspInit
 .text.HAL_ETH_Transmit_IT
                0x08002d94       0xa2 ./Drivers/STM32H7xx_HAL_Driver/Src/stm32h7xx_hal_eth.o
                0x08002d94                HAL_ETH_Transmit_IT
 .text.HAL_ETH_ReadData
                0x08002e36      0x17a ./Drivers/STM32H7xx_HAL_Driver/Src/stm32h7xx_hal_eth.o
                0x08002e36                HAL_ETH_ReadData
 .text.ETH_UpdateDescriptor
                0x08002fb0       0xf2 ./Drivers/STM32H7xx_HAL_Driver/Src/stm32h7xx_hal_eth.o
 .text.HAL_ETH_ReleaseTxPacket
                0x080030a2       0xc6 ./Drivers/STM32H7xx_HAL_Driver/Src/stm32h7xx_hal_eth.o
                0x080030a2                HAL_ETH_ReleaseTxPacket
 .text.HAL_ETH_IRQHandler
                0x08003168      0x1e8 ./Drivers/STM32H7xx_HAL_Driver/Src/stm32h7xx_hal_eth.o
                0x08003168                HAL_ETH_IRQHandler
 .text.HAL_ETH_PMTCallback
                0x08003350       0x14 ./Drivers/STM32H7xx_HAL_Driver/Src/stm32h7xx_hal_eth.o
                0x08003350                HAL_ETH_PMTCallback
 .text.HAL_ETH_EEECallback
                0x08003364       0x14 ./Drivers/STM32H7xx_HAL_Driver/Src/stm32h7xx_hal_eth.o
                0x08003364                HAL_ETH_EEECallback
 .text.HAL_ETH_WakeUpCallback
                0x08003378       0x14 ./Drivers/STM32H7xx_HAL_Driver/Src/stm32h7xx_hal_eth.o
                0x08003378                HAL_ETH_WakeUpCallback
 .text.HAL_ETH_ReadPHYRegister
                0x0800338c       0xa8 ./Drivers/STM32H7xx_HAL_Driver/Src/stm32h7xx_hal_eth.o
                0x0800338c                HAL_ETH_ReadPHYRegister
 .text.HAL_ETH_SetMDIOClockRange
                0x08003434       0xa0 ./Drivers/STM32H7xx_HAL_Driver/Src/stm32h7xx_hal_eth.o
                0x08003434                HAL_ETH_SetMDIOClockRange
 .text.HAL_ETH_GetError
                0x080034d4       0x1a ./Drivers/STM32H7xx_HAL_Driver/Src/stm32h7xx_hal_eth.o
                0x080034d4                HAL_ETH_GetError
 .text.HAL_ETH_GetDMAError
                0x080034ee       0x1a ./Drivers/STM32H7xx_HAL_Driver/Src/stm32h7xx_hal_eth.o
                0x080034ee                HAL_ETH_GetDMAError
 .text.ETH_SetMACConfig
                0x08003508      0x238 ./Drivers/STM32H7xx_HAL_Driver/Src/stm32h7xx_hal_eth.o
 .text.ETH_SetDMAConfig
                0x08003740      0x10c ./Drivers/STM32H7xx_HAL_Driver/Src/stm32h7xx_hal_eth.o
 .text.ETH_MACDMAConfig
                0x0800384c      0x13a ./Drivers/STM32H7xx_HAL_Driver/Src/stm32h7xx_hal_eth.o
 .text.ETH_DMATxDescListInit
                0x08003986       0x92 ./Drivers/STM32H7xx_HAL_Driver/Src/stm32h7xx_hal_eth.o
 .text.ETH_DMARxDescListInit
                0x08003a18       0xba ./Drivers/STM32H7xx_HAL_Driver/Src/stm32h7xx_hal_eth.o
 *fill*         0x08003ad2        0x2 
 .text.ETH_Prepare_Tx_Descriptors
                0x08003ad4      0x538 ./Drivers/STM32H7xx_HAL_Driver/Src/stm32h7xx_hal_eth.o
 .text.HAL_FLASH_Program
                0x0800400c       0xe0 ./Drivers/STM32H7xx_HAL_Driver/Src/stm32h7xx_hal_flash.o
                0x0800400c                HAL_FLASH_Program
 .text.HAL_FLASH_Unlock
                0x080040ec       0x44 ./Drivers/STM32H7xx_HAL_Driver/Src/stm32h7xx_hal_flash.o
                0x080040ec                HAL_FLASH_Unlock
 .text.HAL_FLASH_Lock
                0x08004130       0x30 ./Drivers/STM32H7xx_HAL_Driver/Src/stm32h7xx_hal_flash.o
                0x08004130                HAL_FLASH_Lock
 .text.FLASH_WaitForLastOperation
                0x08004160       0xac ./Drivers/STM32H7xx_HAL_Driver/Src/stm32h7xx_hal_flash.o
                0x08004160                FLASH_WaitForLastOperation
 .text.HAL_FLASHEx_Erase
                0x0800420c      0x118 ./Drivers/STM32H7xx_HAL_Driver/Src/stm32h7xx_hal_flash_ex.o
                0x0800420c                HAL_FLASHEx_Erase
 .text.FLASH_MassErase
                0x08004324       0x48 ./Drivers/STM32H7xx_HAL_Driver/Src/stm32h7xx_hal_flash_ex.o
 .text.FLASH_Erase_Sector
                0x0800436c       0x48 ./Drivers/STM32H7xx_HAL_Driver/Src/stm32h7xx_hal_flash_ex.o
                0x0800436c                FLASH_Erase_Sector
 .text.HAL_GPIO_Init
                0x080043b4      0x350 ./Drivers/STM32H7xx_HAL_Driver/Src/stm32h7xx_hal_gpio.o
                0x080043b4                HAL_GPIO_Init
 .text.HAL_GPIO_WritePin
                0x08004704       0x32 ./Drivers/STM32H7xx_HAL_Driver/Src/stm32h7xx_hal_gpio.o
                0x08004704                HAL_GPIO_WritePin
 *fill*         0x08004736        0x2 
 .text.HAL_PWREx_ConfigSupply
                0x08004738       0x74 ./Drivers/STM32H7xx_HAL_Driver/Src/stm32h7xx_hal_pwr_ex.o
                0x08004738                HAL_PWREx_ConfigSupply
 .text.HAL_RCC_OscConfig
                0x080047ac      0x7b4 ./Drivers/STM32H7xx_HAL_Driver/Src/stm32h7xx_hal_rcc.o
                0x080047ac                HAL_RCC_OscConfig
 .text.HAL_RCC_ClockConfig
                0x08004f60      0x36c ./Drivers/STM32H7xx_HAL_Driver/Src/stm32h7xx_hal_rcc.o
                0x08004f60                HAL_RCC_ClockConfig
 .text.HAL_RCC_GetSysClockFreq
                0x080052cc      0x2f4 ./Drivers/STM32H7xx_HAL_Driver/Src/stm32h7xx_hal_rcc.o
                0x080052cc                HAL_RCC_GetSysClockFreq
 .text.HAL_RCC_GetHCLKFreq
                0x080055c0       0x60 ./Drivers/STM32H7xx_HAL_Driver/Src/stm32h7xx_hal_rcc.o
                0x080055c0                HAL_RCC_GetHCLKFreq
 .text.HAL_RCC_GetPCLK1Freq
                0x08005620       0x2c ./Drivers/STM32H7xx_HAL_Driver/Src/stm32h7xx_hal_rcc.o
                0x08005620                HAL_RCC_GetPCLK1Freq
 .text.HAL_RCC_GetPCLK2Freq
                0x0800564c       0x2c ./Drivers/STM32H7xx_HAL_Driver/Src/stm32h7xx_hal_rcc.o
                0x0800564c                HAL_RCC_GetPCLK2Freq
 .text.HAL_RCC_GetClockConfig
                0x08005678       0x84 ./Drivers/STM32H7xx_HAL_Driver/Src/stm32h7xx_hal_rcc.o
                0x08005678                HAL_RCC_GetClockConfig
 .text.HAL_RCCEx_PeriphCLKConfig
                0x080056fc     0x1340 ./Drivers/STM32H7xx_HAL_Driver/Src/stm32h7xx_hal_rcc_ex.o
                0x080056fc                HAL_RCCEx_PeriphCLKConfig
 .text.HAL_RCCEx_GetD3PCLK1Freq
                0x08006a3c       0x2c ./Drivers/STM32H7xx_HAL_Driver/Src/stm32h7xx_hal_rcc_ex.o
                0x08006a3c                HAL_RCCEx_GetD3PCLK1Freq
 .text.HAL_RCCEx_GetPLL2ClockFreq
                0x08006a68      0x2a8 ./Drivers/STM32H7xx_HAL_Driver/Src/stm32h7xx_hal_rcc_ex.o
                0x08006a68                HAL_RCCEx_GetPLL2ClockFreq
 .text.HAL_RCCEx_GetPLL3ClockFreq
                0x08006d10      0x2a8 ./Drivers/STM32H7xx_HAL_Driver/Src/stm32h7xx_hal_rcc_ex.o
                0x08006d10                HAL_RCCEx_GetPLL3ClockFreq
 .text.RCCEx_PLL2_Config
                0x08006fb8      0x164 ./Drivers/STM32H7xx_HAL_Driver/Src/stm32h7xx_hal_rcc_ex.o
 .text.RCCEx_PLL3_Config
                0x0800711c      0x164 ./Drivers/STM32H7xx_HAL_Driver/Src/stm32h7xx_hal_rcc_ex.o
 .text.HAL_TIM_Base_Init
                0x08007280       0xae ./Drivers/STM32H7xx_HAL_Driver/Src/stm32h7xx_hal_tim.o
                0x08007280                HAL_TIM_Base_Init
 *fill*         0x0800732e        0x2 
 .text.HAL_TIM_Base_Start_IT
                0x08007330      0x10c ./Drivers/STM32H7xx_HAL_Driver/Src/stm32h7xx_hal_tim.o
                0x08007330                HAL_TIM_Base_Start_IT
 .text.HAL_TIM_IRQHandler
                0x0800743c      0x20e ./Drivers/STM32H7xx_HAL_Driver/Src/stm32h7xx_hal_tim.o
                0x0800743c                HAL_TIM_IRQHandler
 .text.HAL_TIM_OC_DelayElapsedCallback
                0x0800764a       0x14 ./Drivers/STM32H7xx_HAL_Driver/Src/stm32h7xx_hal_tim.o
                0x0800764a                HAL_TIM_OC_DelayElapsedCallback
 .text.HAL_TIM_IC_CaptureCallback
                0x0800765e       0x14 ./Drivers/STM32H7xx_HAL_Driver/Src/stm32h7xx_hal_tim.o
                0x0800765e                HAL_TIM_IC_CaptureCallback
 .text.HAL_TIM_PWM_PulseFinishedCallback
                0x08007672       0x14 ./Drivers/STM32H7xx_HAL_Driver/Src/stm32h7xx_hal_tim.o
                0x08007672                HAL_TIM_PWM_PulseFinishedCallback
 .text.HAL_TIM_TriggerCallback
                0x08007686       0x14 ./Drivers/STM32H7xx_HAL_Driver/Src/stm32h7xx_hal_tim.o
                0x08007686                HAL_TIM_TriggerCallback
 *fill*         0x0800769a        0x2 
 .text.TIM_Base_SetConfig
                0x0800769c      0x158 ./Drivers/STM32H7xx_HAL_Driver/Src/stm32h7xx_hal_tim.o
                0x0800769c                TIM_Base_SetConfig
 .text.HAL_TIMEx_MasterConfigSynchronization
                0x080077f4      0x138 ./Drivers/STM32H7xx_HAL_Driver/Src/stm32h7xx_hal_tim_ex.o
                0x080077f4                HAL_TIMEx_MasterConfigSynchronization
 .text.HAL_TIMEx_CommutCallback
                0x0800792c       0x14 ./Drivers/STM32H7xx_HAL_Driver/Src/stm32h7xx_hal_tim_ex.o
                0x0800792c                HAL_TIMEx_CommutCallback
 .text.HAL_TIMEx_BreakCallback
                0x08007940       0x14 ./Drivers/STM32H7xx_HAL_Driver/Src/stm32h7xx_hal_tim_ex.o
                0x08007940                HAL_TIMEx_BreakCallback
 .text.HAL_TIMEx_Break2Callback
                0x08007954       0x14 ./Drivers/STM32H7xx_HAL_Driver/Src/stm32h7xx_hal_tim_ex.o
                0x08007954                HAL_TIMEx_Break2Callback
 .text.HAL_UART_Init
                0x08007968       0xa0 ./Drivers/STM32H7xx_HAL_Driver/Src/stm32h7xx_hal_uart.o
                0x08007968                HAL_UART_Init
 .text.HAL_UART_IRQHandler
                0x08007a08      0x7ac ./Drivers/STM32H7xx_HAL_Driver/Src/stm32h7xx_hal_uart.o
                0x08007a08                HAL_UART_IRQHandler
 .text.HAL_UART_TxCpltCallback
                0x080081b4       0x14 ./Drivers/STM32H7xx_HAL_Driver/Src/stm32h7xx_hal_uart.o
                0x080081b4                HAL_UART_TxCpltCallback
 .text.HAL_UART_ErrorCallback
                0x080081c8       0x14 ./Drivers/STM32H7xx_HAL_Driver/Src/stm32h7xx_hal_uart.o
                0x080081c8                HAL_UART_ErrorCallback
 .text.HAL_UARTEx_RxEventCallback
                0x080081dc       0x18 ./Drivers/STM32H7xx_HAL_Driver/Src/stm32h7xx_hal_uart.o
                0x080081dc                HAL_UARTEx_RxEventCallback
 .text.UART_SetConfig
                0x080081f4      0xcd8 ./Drivers/STM32H7xx_HAL_Driver/Src/stm32h7xx_hal_uart.o
                0x080081f4                UART_SetConfig
 .text.UART_AdvFeatureConfig
                0x08008ecc      0x144 ./Drivers/STM32H7xx_HAL_Driver/Src/stm32h7xx_hal_uart.o
                0x08008ecc                UART_AdvFeatureConfig
 .text.UART_CheckIdleState
                0x08009010      0x154 ./Drivers/STM32H7xx_HAL_Driver/Src/stm32h7xx_hal_uart.o
                0x08009010                UART_CheckIdleState
 .text.UART_WaitOnFlagUntilTimeout
                0x08009164       0xda ./Drivers/STM32H7xx_HAL_Driver/Src/stm32h7xx_hal_uart.o
                0x08009164                UART_WaitOnFlagUntilTimeout
 *fill*         0x0800923e        0x2 
 .text.UART_EndRxTransfer
                0x08009240       0xcc ./Drivers/STM32H7xx_HAL_Driver/Src/stm32h7xx_hal_uart.o
 .text.UART_DMAAbortOnError
                0x0800930c       0x24 ./Drivers/STM32H7xx_HAL_Driver/Src/stm32h7xx_hal_uart.o
 .text.UART_EndTransmit_IT
                0x08009330       0x56 ./Drivers/STM32H7xx_HAL_Driver/Src/stm32h7xx_hal_uart.o
 .text.HAL_UARTEx_WakeupCallback
                0x08009386       0x14 ./Drivers/STM32H7xx_HAL_Driver/Src/stm32h7xx_hal_uart_ex.o
                0x08009386                HAL_UARTEx_WakeupCallback
 .text.HAL_UARTEx_RxFifoFullCallback
                0x0800939a       0x14 ./Drivers/STM32H7xx_HAL_Driver/Src/stm32h7xx_hal_uart_ex.o
                0x0800939a                HAL_UARTEx_RxFifoFullCallback
 .text.HAL_UARTEx_TxFifoEmptyCallback
                0x080093ae       0x14 ./Drivers/STM32H7xx_HAL_Driver/Src/stm32h7xx_hal_uart_ex.o
                0x080093ae                HAL_UARTEx_TxFifoEmptyCallback
 .text.HAL_UARTEx_DisableFifoMode
                0x080093c2       0x72 ./Drivers/STM32H7xx_HAL_Driver/Src/stm32h7xx_hal_uart_ex.o
                0x080093c2                HAL_UARTEx_DisableFifoMode
 .text.HAL_UARTEx_SetTxFifoThreshold
                0x08009434       0x7c ./Drivers/STM32H7xx_HAL_Driver/Src/stm32h7xx_hal_uart_ex.o
                0x08009434                HAL_UARTEx_SetTxFifoThreshold
 .text.HAL_UARTEx_SetRxFifoThreshold
                0x080094b0       0x7c ./Drivers/STM32H7xx_HAL_Driver/Src/stm32h7xx_hal_uart_ex.o
                0x080094b0                HAL_UARTEx_SetRxFifoThreshold
 .text.UARTEx_SetNbDataToProcess
                0x0800952c       0x9c ./Drivers/STM32H7xx_HAL_Driver/Src/stm32h7xx_hal_uart_ex.o
 .text.MX_LWIP_Init
                0x080095c8      0x284 ./LWIP/App/lwip.o
                0x080095c8                MX_LWIP_Init
 .text.ethernet_link_status_updated
                0x0800984c       0x14 ./LWIP/App/lwip.o
 .text.HAL_ETH_RxCpltCallback
                0x08009860       0x20 ./LWIP/Target/ethernetif.o
                0x08009860                HAL_ETH_RxCpltCallback
 .text.HAL_ETH_TxCpltCallback
                0x08009880       0x20 ./LWIP/Target/ethernetif.o
                0x08009880                HAL_ETH_TxCpltCallback
 .text.HAL_ETH_ErrorCallback
                0x080098a0       0x30 ./LWIP/Target/ethernetif.o
                0x080098a0                HAL_ETH_ErrorCallback
 .text.low_level_init
                0x080098d0      0x170 ./LWIP/Target/ethernetif.o
 .text.low_level_output
                0x08009a40      0x15c ./LWIP/Target/ethernetif.o
 .text.low_level_input
                0x08009b9c       0x34 ./LWIP/Target/ethernetif.o
 .text.ethernetif_input
                0x08009bd0       0x54 ./LWIP/Target/ethernetif.o
                0x08009bd0                ethernetif_input
 .text.ethernetif_init
                0x08009c24       0x5c ./LWIP/Target/ethernetif.o
                0x08009c24                ethernetif_init
 .text.pbuf_free_custom
                0x08009c80       0x40 ./LWIP/Target/ethernetif.o
                0x08009c80                pbuf_free_custom
 .text.sys_now  0x08009cc0        0xe ./LWIP/Target/ethernetif.o
                0x08009cc0                sys_now
 .text.ethernet_link_thread
                0x08009cce       0x10 ./LWIP/Target/ethernetif.o
                0x08009cce                ethernet_link_thread
 *fill*         0x08009cde        0x2 
 .text.HAL_ETH_RxAllocateCallback
                0x08009ce0       0x60 ./LWIP/Target/ethernetif.o
                0x08009ce0                HAL_ETH_RxAllocateCallback
 .text.HAL_ETH_RxLinkCallback
                0x08009d40       0xd0 ./LWIP/Target/ethernetif.o
                0x08009d40                HAL_ETH_RxLinkCallback
 .text.HAL_ETH_TxFreeCallback
                0x08009e10       0x16 ./LWIP/Target/ethernetif.o
                0x08009e10                HAL_ETH_TxFreeCallback
 *fill*         0x08009e26        0x2 
 .text.__NVIC_SetPriority
                0x08009e28       0x54 ./Middlewares/Third_Party/FreeRTOS/Source/CMSIS_RTOS_V2/cmsis_os2.o
 .text.SysTick_Handler
                0x08009e7c       0x20 ./Middlewares/Third_Party/FreeRTOS/Source/CMSIS_RTOS_V2/cmsis_os2.o
                0x08009e7c                SysTick_Handler
 .text.SVC_Setup
                0x08009e9c       0x12 ./Middlewares/Third_Party/FreeRTOS/Source/CMSIS_RTOS_V2/cmsis_os2.o
 *fill*         0x08009eae        0x2 
 .text.osKernelInitialize
                0x08009eb0       0x48 ./Middlewares/Third_Party/FreeRTOS/Source/CMSIS_RTOS_V2/cmsis_os2.o
                0x08009eb0                osKernelInitialize
 .text.osKernelStart
                0x08009ef8       0x4c ./Middlewares/Third_Party/FreeRTOS/Source/CMSIS_RTOS_V2/cmsis_os2.o
                0x08009ef8                osKernelStart
 .text.osKernelGetTickCount
                0x08009f44       0x2a ./Middlewares/Third_Party/FreeRTOS/Source/CMSIS_RTOS_V2/cmsis_os2.o
                0x08009f44                osKernelGetTickCount
 .text.osThreadNew
                0x08009f6e      0x124 ./Middlewares/Third_Party/FreeRTOS/Source/CMSIS_RTOS_V2/cmsis_os2.o
                0x08009f6e                osThreadNew
 .text.osDelay  0x0800a092       0x36 ./Middlewares/Third_Party/FreeRTOS/Source/CMSIS_RTOS_V2/cmsis_os2.o
                0x0800a092                osDelay
 .text.osMutexNew
                0x0800a0c8      0x10c ./Middlewares/Third_Party/FreeRTOS/Source/CMSIS_RTOS_V2/cmsis_os2.o
                0x0800a0c8                osMutexNew
 .text.osMutexAcquire
                0x0800a1d4       0x96 ./Middlewares/Third_Party/FreeRTOS/Source/CMSIS_RTOS_V2/cmsis_os2.o
                0x0800a1d4                osMutexAcquire
 .text.osMutexRelease
                0x0800a26a       0x7a ./Middlewares/Third_Party/FreeRTOS/Source/CMSIS_RTOS_V2/cmsis_os2.o
                0x0800a26a                osMutexRelease
 .text.osSemaphoreNew
                0x0800a2e4      0x112 ./Middlewares/Third_Party/FreeRTOS/Source/CMSIS_RTOS_V2/cmsis_os2.o
                0x0800a2e4                osSemaphoreNew
 *fill*         0x0800a3f6        0x2 
 .text.osSemaphoreAcquire
                0x0800a3f8       0xa4 ./Middlewares/Third_Party/FreeRTOS/Source/CMSIS_RTOS_V2/cmsis_os2.o
                0x0800a3f8                osSemaphoreAcquire
 .text.osSemaphoreRelease
                0x0800a49c       0x88 ./Middlewares/Third_Party/FreeRTOS/Source/CMSIS_RTOS_V2/cmsis_os2.o
                0x0800a49c                osSemaphoreRelease
 .text.osMessageQueueNew
                0x0800a524       0xe6 ./Middlewares/Third_Party/FreeRTOS/Source/CMSIS_RTOS_V2/cmsis_os2.o
                0x0800a524                osMessageQueueNew
 *fill*         0x0800a60a        0x2 
 .text.osMessageQueuePut
                0x0800a60c       0xc0 ./Middlewares/Third_Party/FreeRTOS/Source/CMSIS_RTOS_V2/cmsis_os2.o
                0x0800a60c                osMessageQueuePut
 .text.osMessageQueueGet
                0x0800a6cc       0xbc ./Middlewares/Third_Party/FreeRTOS/Source/CMSIS_RTOS_V2/cmsis_os2.o
                0x0800a6cc                osMessageQueueGet
 .text.vApplicationGetIdleTaskMemory
                0x0800a788       0x34 ./Middlewares/Third_Party/FreeRTOS/Source/CMSIS_RTOS_V2/cmsis_os2.o
                0x0800a788                vApplicationGetIdleTaskMemory
 .text.vApplicationGetTimerTaskMemory
                0x0800a7bc       0x34 ./Middlewares/Third_Party/FreeRTOS/Source/CMSIS_RTOS_V2/cmsis_os2.o
                0x0800a7bc                vApplicationGetTimerTaskMemory
 .text.vListInitialise
                0x0800a7f0       0x40 ./Middlewares/Third_Party/FreeRTOS/Source/list.o
                0x0800a7f0                vListInitialise
 .text.vListInitialiseItem
                0x0800a830       0x1a ./Middlewares/Third_Party/FreeRTOS/Source/list.o
                0x0800a830                vListInitialiseItem
 .text.vListInsertEnd
                0x0800a84a       0x48 ./Middlewares/Third_Party/FreeRTOS/Source/list.o
                0x0800a84a                vListInsertEnd
 .text.vListInsert
                0x0800a892       0x72 ./Middlewares/Third_Party/FreeRTOS/Source/list.o
                0x0800a892                vListInsert
 .text.uxListRemove
                0x0800a904       0x54 ./Middlewares/Third_Party/FreeRTOS/Source/list.o
                0x0800a904                uxListRemove
 .text.xQueueGenericReset
                0x0800a958       0xd4 ./Middlewares/Third_Party/FreeRTOS/Source/queue.o
                0x0800a958                xQueueGenericReset
 .text.xQueueGenericCreateStatic
                0x0800aa2c       0xfa ./Middlewares/Third_Party/FreeRTOS/Source/queue.o
                0x0800aa2c                xQueueGenericCreateStatic
 .text.xQueueGenericCreate
                0x0800ab26       0x76 ./Middlewares/Third_Party/FreeRTOS/Source/queue.o
                0x0800ab26                xQueueGenericCreate
 .text.prvInitialiseNewQueue
                0x0800ab9c       0x46 ./Middlewares/Third_Party/FreeRTOS/Source/queue.o
 .text.prvInitialiseMutex
                0x0800abe2       0x34 ./Middlewares/Third_Party/FreeRTOS/Source/queue.o
 .text.xQueueCreateMutex
                0x0800ac16       0x30 ./Middlewares/Third_Party/FreeRTOS/Source/queue.o
                0x0800ac16                xQueueCreateMutex
 .text.xQueueCreateMutexStatic
                0x0800ac46       0x36 ./Middlewares/Third_Party/FreeRTOS/Source/queue.o
                0x0800ac46                xQueueCreateMutexStatic
 .text.xQueueGiveMutexRecursive
                0x0800ac7c       0x6a ./Middlewares/Third_Party/FreeRTOS/Source/queue.o
                0x0800ac7c                xQueueGiveMutexRecursive
 .text.xQueueTakeMutexRecursive
                0x0800ace6       0x6e ./Middlewares/Third_Party/FreeRTOS/Source/queue.o
                0x0800ace6                xQueueTakeMutexRecursive
 .text.xQueueCreateCountingSemaphoreStatic
                0x0800ad54       0x72 ./Middlewares/Third_Party/FreeRTOS/Source/queue.o
                0x0800ad54                xQueueCreateCountingSemaphoreStatic
 .text.xQueueCreateCountingSemaphore
                0x0800adc6       0x6a ./Middlewares/Third_Party/FreeRTOS/Source/queue.o
                0x0800adc6                xQueueCreateCountingSemaphore
 .text.xQueueGenericSend
                0x0800ae30      0x204 ./Middlewares/Third_Party/FreeRTOS/Source/queue.o
                0x0800ae30                xQueueGenericSend
 .text.xQueueGenericSendFromISR
                0x0800b034      0x13c ./Middlewares/Third_Party/FreeRTOS/Source/queue.o
                0x0800b034                xQueueGenericSendFromISR
 .text.xQueueGiveFromISR
                0x0800b170      0x120 ./Middlewares/Third_Party/FreeRTOS/Source/queue.o
                0x0800b170                xQueueGiveFromISR
 .text.xQueueReceive
                0x0800b290      0x1c4 ./Middlewares/Third_Party/FreeRTOS/Source/queue.o
                0x0800b290                xQueueReceive
 .text.xQueueSemaphoreTake
                0x0800b454      0x220 ./Middlewares/Third_Party/FreeRTOS/Source/queue.o
                0x0800b454                xQueueSemaphoreTake
 .text.xQueueReceiveFromISR
                0x0800b674      0x104 ./Middlewares/Third_Party/FreeRTOS/Source/queue.o
                0x0800b674                xQueueReceiveFromISR
 .text.vQueueDelete
                0x0800b778       0x48 ./Middlewares/Third_Party/FreeRTOS/Source/queue.o
                0x0800b778                vQueueDelete
 .text.prvGetDisinheritPriorityAfterTimeout
                0x0800b7c0       0x30 ./Middlewares/Third_Party/FreeRTOS/Source/queue.o
 .text.prvCopyDataToQueue
                0x0800b7f0       0xd4 ./Middlewares/Third_Party/FreeRTOS/Source/queue.o
 .text.prvCopyDataFromQueue
                0x0800b8c4       0x4c ./Middlewares/Third_Party/FreeRTOS/Source/queue.o
 .text.prvUnlockQueue
                0x0800b910       0xa4 ./Middlewares/Third_Party/FreeRTOS/Source/queue.o
 .text.prvIsQueueEmpty
                0x0800b9b4       0x2c ./Middlewares/Third_Party/FreeRTOS/Source/queue.o
 .text.prvIsQueueFull
                0x0800b9e0       0x30 ./Middlewares/Third_Party/FreeRTOS/Source/queue.o
 .text.vQueueAddToRegistry
                0x0800ba10       0x54 ./Middlewares/Third_Party/FreeRTOS/Source/queue.o
                0x0800ba10                vQueueAddToRegistry
 .text.vQueueUnregisterQueue
                0x0800ba64       0x54 ./Middlewares/Third_Party/FreeRTOS/Source/queue.o
                0x0800ba64                vQueueUnregisterQueue
 .text.vQueueWaitForMessageRestricted
                0x0800bab8       0x68 ./Middlewares/Third_Party/FreeRTOS/Source/queue.o
                0x0800bab8                vQueueWaitForMessageRestricted
 .text.xTaskCreateStatic
                0x0800bb20       0xc0 ./Middlewares/Third_Party/FreeRTOS/Source/tasks.o
                0x0800bb20                xTaskCreateStatic
 .text.xTaskCreate
                0x0800bbe0       0x8a ./Middlewares/Third_Party/FreeRTOS/Source/tasks.o
                0x0800bbe0                xTaskCreate
 *fill*         0x0800bc6a        0x2 
 .text.prvInitialiseNewTask
                0x0800bc6c      0x150 ./Middlewares/Third_Party/FreeRTOS/Source/tasks.o
 .text.prvAddNewTaskToReadyList
                0x0800bdbc       0xe0 ./Middlewares/Third_Party/FreeRTOS/Source/tasks.o
 .text.vTaskDelay
                0x0800be9c       0x6c ./Middlewares/Third_Party/FreeRTOS/Source/tasks.o
                0x0800be9c                vTaskDelay
 .text.vTaskStartScheduler
                0x0800bf08       0xe0 ./Middlewares/Third_Party/FreeRTOS/Source/tasks.o
                0x0800bf08                vTaskStartScheduler
 .text.vTaskSuspendAll
                0x0800bfe8       0x1c ./Middlewares/Third_Party/FreeRTOS/Source/tasks.o
                0x0800bfe8                vTaskSuspendAll
 .text.xTaskResumeAll
                0x0800c004      0x13c ./Middlewares/Third_Party/FreeRTOS/Source/tasks.o
                0x0800c004                xTaskResumeAll
 .text.xTaskGetTickCount
                0x0800c140       0x20 ./Middlewares/Third_Party/FreeRTOS/Source/tasks.o
                0x0800c140                xTaskGetTickCount
 .text.xTaskGetTickCountFromISR
                0x0800c160       0x24 ./Middlewares/Third_Party/FreeRTOS/Source/tasks.o
                0x0800c160                xTaskGetTickCountFromISR
 .text.xTaskIncrementTick
                0x0800c184      0x174 ./Middlewares/Third_Party/FreeRTOS/Source/tasks.o
                0x0800c184                xTaskIncrementTick
 .text.vTaskSwitchContext
                0x0800c2f8       0xcc ./Middlewares/Third_Party/FreeRTOS/Source/tasks.o
                0x0800c2f8                vTaskSwitchContext
 .text.vTaskPlaceOnEventList
                0x0800c3c4       0x4c ./Middlewares/Third_Party/FreeRTOS/Source/tasks.o
                0x0800c3c4                vTaskPlaceOnEventList
 .text.vTaskPlaceOnEventListRestricted
                0x0800c410       0x58 ./Middlewares/Third_Party/FreeRTOS/Source/tasks.o
                0x0800c410                vTaskPlaceOnEventListRestricted
 .text.xTaskRemoveFromEventList
                0x0800c468       0xc8 ./Middlewares/Third_Party/FreeRTOS/Source/tasks.o
                0x0800c468                xTaskRemoveFromEventList
 .text.vTaskInternalSetTimeOutState
                0x0800c530       0x2c ./Middlewares/Third_Party/FreeRTOS/Source/tasks.o
                0x0800c530                vTaskInternalSetTimeOutState
 .text.xTaskCheckForTimeOut
                0x0800c55c       0xc8 ./Middlewares/Third_Party/FreeRTOS/Source/tasks.o
                0x0800c55c                xTaskCheckForTimeOut
 .text.vTaskMissedYield
                0x0800c624       0x18 ./Middlewares/Third_Party/FreeRTOS/Source/tasks.o
                0x0800c624                vTaskMissedYield
 .text.prvIdleTask
                0x0800c63c       0x30 ./Middlewares/Third_Party/FreeRTOS/Source/tasks.o
 .text.prvInitialiseTaskLists
                0x0800c66c       0x80 ./Middlewares/Third_Party/FreeRTOS/Source/tasks.o
 .text.prvCheckTasksWaitingTermination
                0x0800c6ec       0x5c ./Middlewares/Third_Party/FreeRTOS/Source/tasks.o
 .text.prvDeleteTCB
                0x0800c748       0x6a ./Middlewares/Third_Party/FreeRTOS/Source/tasks.o
 *fill*         0x0800c7b2        0x2 
 .text.prvResetNextTaskUnblockTime
                0x0800c7b4       0x40 ./Middlewares/Third_Party/FreeRTOS/Source/tasks.o
 .text.xTaskGetCurrentTaskHandle
                0x0800c7f4       0x20 ./Middlewares/Third_Party/FreeRTOS/Source/tasks.o
                0x0800c7f4                xTaskGetCurrentTaskHandle
 .text.xTaskGetSchedulerState
                0x0800c814       0x3c ./Middlewares/Third_Party/FreeRTOS/Source/tasks.o
                0x0800c814                xTaskGetSchedulerState
 .text.xTaskPriorityInherit
                0x0800c850       0xd0 ./Middlewares/Third_Party/FreeRTOS/Source/tasks.o
                0x0800c850                xTaskPriorityInherit
 .text.xTaskPriorityDisinherit
                0x0800c920       0xe0 ./Middlewares/Third_Party/FreeRTOS/Source/tasks.o
                0x0800c920                xTaskPriorityDisinherit
 .text.vTaskPriorityDisinheritAfterTimeout
                0x0800ca00      0x108 ./Middlewares/Third_Party/FreeRTOS/Source/tasks.o
                0x0800ca00                vTaskPriorityDisinheritAfterTimeout
 .text.pvTaskIncrementMutexHeldCount
                0x0800cb08       0x28 ./Middlewares/Third_Party/FreeRTOS/Source/tasks.o
                0x0800cb08                pvTaskIncrementMutexHeldCount
 .text.prvAddCurrentTaskToDelayedList
                0x0800cb30       0xa8 ./Middlewares/Third_Party/FreeRTOS/Source/tasks.o
 .text.xTimerCreateTimerTask
                0x0800cbd8       0x94 ./Middlewares/Third_Party/FreeRTOS/Source/timers.o
                0x0800cbd8                xTimerCreateTimerTask
 .text.xTimerGenericCommand
                0x0800cc6c       0x9c ./Middlewares/Third_Party/FreeRTOS/Source/timers.o
                0x0800cc6c                xTimerGenericCommand
 .text.prvProcessExpiredTimer
                0x0800cd08       0x9c ./Middlewares/Third_Party/FreeRTOS/Source/timers.o
 .text.prvTimerTask
                0x0800cda4       0x26 ./Middlewares/Third_Party/FreeRTOS/Source/timers.o
 *fill*         0x0800cdca        0x2 
 .text.prvProcessTimerOrBlockTask
                0x0800cdcc       0x9c ./Middlewares/Third_Party/FreeRTOS/Source/timers.o
 .text.prvGetNextExpireTime
                0x0800ce68       0x48 ./Middlewares/Third_Party/FreeRTOS/Source/timers.o
 .text.prvSampleTimeNow
                0x0800ceb0       0x40 ./Middlewares/Third_Party/FreeRTOS/Source/timers.o
 .text.prvInsertTimerInActiveList
                0x0800cef0       0x84 ./Middlewares/Third_Party/FreeRTOS/Source/timers.o
 .text.prvProcessReceivedCommands
                0x0800cf74      0x1cc ./Middlewares/Third_Party/FreeRTOS/Source/timers.o
 .text.prvSwitchTimerLists
                0x0800d140       0xcc ./Middlewares/Third_Party/FreeRTOS/Source/timers.o
 .text.prvCheckForValidListAndQueue
                0x0800d20c       0x80 ./Middlewares/Third_Party/FreeRTOS/Source/timers.o
 .text.pxPortInitialiseStack
                0x0800d28c       0x68 ./Middlewares/Third_Party/FreeRTOS/Source/portable/GCC/ARM_CM4F/port.o
                0x0800d28c                pxPortInitialiseStack
 .text.prvTaskExitError
                0x0800d2f4       0x5c ./Middlewares/Third_Party/FreeRTOS/Source/portable/GCC/ARM_CM4F/port.o
 .text.SVC_Handler
                0x0800d350       0x28 ./Middlewares/Third_Party/FreeRTOS/Source/portable/GCC/ARM_CM4F/port.o
                0x0800d350                SVC_Handler
 .text.prvPortStartFirstTask
                0x0800d378       0x28 ./Middlewares/Third_Party/FreeRTOS/Source/portable/GCC/ARM_CM4F/port.o
 .text.xPortStartScheduler
                0x0800d3a0      0x148 ./Middlewares/Third_Party/FreeRTOS/Source/portable/GCC/ARM_CM4F/port.o
                0x0800d3a0                xPortStartScheduler
 .text.vPortEnterCritical
                0x0800d4e8       0x64 ./Middlewares/Third_Party/FreeRTOS/Source/portable/GCC/ARM_CM4F/port.o
                0x0800d4e8                vPortEnterCritical
 .text.vPortExitCritical
                0x0800d54c       0x54 ./Middlewares/Third_Party/FreeRTOS/Source/portable/GCC/ARM_CM4F/port.o
                0x0800d54c                vPortExitCritical
 .text.PendSV_Handler
                0x0800d5a0       0x68 ./Middlewares/Third_Party/FreeRTOS/Source/portable/GCC/ARM_CM4F/port.o
                0x0800d5a0                PendSV_Handler
 .text.xPortSysTickHandler
                0x0800d608       0x44 ./Middlewares/Third_Party/FreeRTOS/Source/portable/GCC/ARM_CM4F/port.o
                0x0800d608                xPortSysTickHandler
 .text.vPortSetupTimerInterrupt
                0x0800d64c       0x48 ./Middlewares/Third_Party/FreeRTOS/Source/portable/GCC/ARM_CM4F/port.o
                0x0800d64c                vPortSetupTimerInterrupt
 .text.vPortEnableVFP
                0x0800d694       0x14 ./Middlewares/Third_Party/FreeRTOS/Source/portable/GCC/ARM_CM4F/port.o
 .text.vPortValidateInterruptPriority
                0x0800d6a8       0x84 ./Middlewares/Third_Party/FreeRTOS/Source/portable/GCC/ARM_CM4F/port.o
                0x0800d6a8                vPortValidateInterruptPriority
 .text.pvPortMalloc
                0x0800d72c      0x19c ./Middlewares/Third_Party/FreeRTOS/Source/portable/MemMang/heap_4.o
                0x0800d72c                pvPortMalloc
 .text.vPortFree
                0x0800d8c8       0xc8 ./Middlewares/Third_Party/FreeRTOS/Source/portable/MemMang/heap_4.o
                0x0800d8c8                vPortFree
 .text.prvHeapInit
                0x0800d990       0xc4 ./Middlewares/Third_Party/FreeRTOS/Source/portable/MemMang/heap_4.o
 .text.prvInsertBlockIntoFreeList
                0x0800da54       0xb4 ./Middlewares/Third_Party/FreeRTOS/Source/portable/MemMang/heap_4.o
 .text.tcpip_timeouts_mbox_fetch
                0x0800db08       0x6c ./Middlewares/Third_Party/LwIP/src/api/tcpip.o
 .text.tcpip_thread
                0x0800db74       0x68 ./Middlewares/Third_Party/LwIP/src/api/tcpip.o
 .text.tcpip_thread_handle_msg
                0x0800dbdc       0x90 ./Middlewares/Third_Party/LwIP/src/api/tcpip.o
 .text.tcpip_inpkt
                0x0800dc6c       0x88 ./Middlewares/Third_Party/LwIP/src/api/tcpip.o
                0x0800dc6c                tcpip_inpkt
 .text.tcpip_input
                0x0800dcf4       0x44 ./Middlewares/Third_Party/LwIP/src/api/tcpip.o
                0x0800dcf4                tcpip_input
 .text.tcpip_try_callback
                0x0800dd38       0x80 ./Middlewares/Third_Party/LwIP/src/api/tcpip.o
                0x0800dd38                tcpip_try_callback
 .text.tcpip_init
                0x0800ddb8       0x94 ./Middlewares/Third_Party/LwIP/src/api/tcpip.o
                0x0800ddb8                tcpip_init
 .text.lwip_htons
                0x0800de4c       0x2c ./Middlewares/Third_Party/LwIP/src/core/def.o
                0x0800de4c                lwip_htons
 .text.lwip_htonl
                0x0800de78       0x32 ./Middlewares/Third_Party/LwIP/src/core/def.o
                0x0800de78                lwip_htonl
 .text.lwip_standard_chksum
                0x0800deaa       0xba ./Middlewares/Third_Party/LwIP/src/core/inet_chksum.o
                0x0800deaa                lwip_standard_chksum
 .text.inet_chksum
                0x0800df64       0x24 ./Middlewares/Third_Party/LwIP/src/core/inet_chksum.o
                0x0800df64                inet_chksum
 .text.inet_chksum_pbuf
                0x0800df88       0x9a ./Middlewares/Third_Party/LwIP/src/core/inet_chksum.o
                0x0800df88                inet_chksum_pbuf
 .text.lwip_init
                0x0800e022       0x2e ./Middlewares/Third_Party/LwIP/src/core/init.o
                0x0800e022                lwip_init
 .text.ptr_to_mem
                0x0800e050       0x24 ./Middlewares/Third_Party/LwIP/src/core/mem.o
 .text.mem_to_ptr
                0x0800e074       0x24 ./Middlewares/Third_Party/LwIP/src/core/mem.o
 .text.plug_holes
                0x0800e098      0x144 ./Middlewares/Third_Party/LwIP/src/core/mem.o
 .text.mem_init
                0x0800e1dc       0x9c ./Middlewares/Third_Party/LwIP/src/core/mem.o
                0x0800e1dc                mem_init
 .text.mem_link_valid
                0x0800e278       0x78 ./Middlewares/Third_Party/LwIP/src/core/mem.o
 .text.mem_free
                0x0800e2f0       0xf0 ./Middlewares/Third_Party/LwIP/src/core/mem.o
                0x0800e2f0                mem_free
 .text.mem_trim
                0x0800e3e0      0x208 ./Middlewares/Third_Party/LwIP/src/core/mem.o
                0x0800e3e0                mem_trim
 .text.mem_malloc
                0x0800e5e8      0x20c ./Middlewares/Third_Party/LwIP/src/core/mem.o
                0x0800e5e8                mem_malloc
 .text.memp_init_pool
                0x0800e7f4       0x60 ./Middlewares/Third_Party/LwIP/src/core/memp.o
                0x0800e7f4                memp_init_pool
 .text.memp_init
                0x0800e854       0x34 ./Middlewares/Third_Party/LwIP/src/core/memp.o
                0x0800e854                memp_init
 .text.do_memp_malloc_pool
                0x0800e888       0x54 ./Middlewares/Third_Party/LwIP/src/core/memp.o
 .text.memp_malloc_pool
                0x0800e8dc       0x44 ./Middlewares/Third_Party/LwIP/src/core/memp.o
                0x0800e8dc                memp_malloc_pool
 .text.memp_malloc
                0x0800e920       0x4c ./Middlewares/Third_Party/LwIP/src/core/memp.o
                0x0800e920                memp_malloc
 .text.do_memp_free_pool
                0x0800e96c       0x4c ./Middlewares/Third_Party/LwIP/src/core/memp.o
 .text.memp_free_pool
                0x0800e9b8       0x48 ./Middlewares/Third_Party/LwIP/src/core/memp.o
                0x0800e9b8                memp_free_pool
 .text.memp_free
                0x0800ea00       0x54 ./Middlewares/Third_Party/LwIP/src/core/memp.o
                0x0800ea00                memp_free
 .text.netif_init
                0x0800ea54        0xe ./Middlewares/Third_Party/LwIP/src/core/netif.o
                0x0800ea54                netif_init
 *fill*         0x0800ea62        0x2 
 .text.netif_add
                0x0800ea64      0x19c ./Middlewares/Third_Party/LwIP/src/core/netif.o
                0x0800ea64                netif_add
 .text.netif_do_ip_addr_changed
                0x0800ec00       0x22 ./Middlewares/Third_Party/LwIP/src/core/netif.o
 *fill*         0x0800ec22        0x2 
 .text.netif_do_set_ipaddr
                0x0800ec24       0x94 ./Middlewares/Third_Party/LwIP/src/core/netif.o
 .text.netif_do_set_netmask
                0x0800ecb8       0x3e ./Middlewares/Third_Party/LwIP/src/core/netif.o
 .text.netif_do_set_gw
                0x0800ecf6       0x3e ./Middlewares/Third_Party/LwIP/src/core/netif.o
 .text.netif_set_addr
                0x0800ed34       0x94 ./Middlewares/Third_Party/LwIP/src/core/netif.o
                0x0800ed34                netif_set_addr
 .text.netif_set_default
                0x0800edc8       0x20 ./Middlewares/Third_Party/LwIP/src/core/netif.o
                0x0800edc8                netif_set_default
 .text.netif_set_up
                0x0800ede8       0x58 ./Middlewares/Third_Party/LwIP/src/core/netif.o
                0x0800ede8                netif_set_up
 .text.netif_issue_reports
                0x0800ee40       0x80 ./Middlewares/Third_Party/LwIP/src/core/netif.o
 .text.netif_set_link_callback
                0x0800eec0       0x22 ./Middlewares/Third_Party/LwIP/src/core/netif.o
                0x0800eec0                netif_set_link_callback
 .text.netif_null_output_ip4
                0x0800eee2       0x1c ./Middlewares/Third_Party/LwIP/src/core/netif.o
 *fill*         0x0800eefe        0x2 
 .text.netif_get_by_index
                0x0800ef00       0x4c ./Middlewares/Third_Party/LwIP/src/core/netif.o
                0x0800ef00                netif_get_by_index
 .text.pbuf_free_ooseq
                0x0800ef4c       0x40 ./Middlewares/Third_Party/LwIP/src/core/pbuf.o
 .text.pbuf_free_ooseq_callback
                0x0800ef8c       0x14 ./Middlewares/Third_Party/LwIP/src/core/pbuf.o
 .text.pbuf_pool_is_empty
                0x0800efa0       0x3c ./Middlewares/Third_Party/LwIP/src/core/pbuf.o
 .text.pbuf_init_alloced_pbuf
                0x0800efdc       0x54 ./Middlewares/Third_Party/LwIP/src/core/pbuf.o
 .text.pbuf_alloc
                0x0800f030      0x1ec ./Middlewares/Third_Party/LwIP/src/core/pbuf.o
                0x0800f030                pbuf_alloc
 .text.pbuf_alloc_reference
                0x0800f21c       0x68 ./Middlewares/Third_Party/LwIP/src/core/pbuf.o
                0x0800f21c                pbuf_alloc_reference
 .text.pbuf_alloced_custom
                0x0800f284       0x68 ./Middlewares/Third_Party/LwIP/src/core/pbuf.o
                0x0800f284                pbuf_alloced_custom
 .text.pbuf_realloc
                0x0800f2ec      0x110 ./Middlewares/Third_Party/LwIP/src/core/pbuf.o
                0x0800f2ec                pbuf_realloc
 .text.pbuf_add_header_impl
                0x0800f3fc       0xd0 ./Middlewares/Third_Party/LwIP/src/core/pbuf.o
 .text.pbuf_add_header
                0x0800f4cc       0x1e ./Middlewares/Third_Party/LwIP/src/core/pbuf.o
                0x0800f4cc                pbuf_add_header
 *fill*         0x0800f4ea        0x2 
 .text.pbuf_remove_header
                0x0800f4ec       0xa4 ./Middlewares/Third_Party/LwIP/src/core/pbuf.o
                0x0800f4ec                pbuf_remove_header
 .text.pbuf_header_impl
                0x0800f590       0x42 ./Middlewares/Third_Party/LwIP/src/core/pbuf.o
 .text.pbuf_header_force
                0x0800f5d2       0x24 ./Middlewares/Third_Party/LwIP/src/core/pbuf.o
                0x0800f5d2                pbuf_header_force
 *fill*         0x0800f5f6        0x2 
 .text.pbuf_free
                0x0800f5f8      0x110 ./Middlewares/Third_Party/LwIP/src/core/pbuf.o
                0x0800f5f8                pbuf_free
 .text.pbuf_clen
                0x0800f708       0x2e ./Middlewares/Third_Party/LwIP/src/core/pbuf.o
                0x0800f708                pbuf_clen
 *fill*         0x0800f736        0x2 
 .text.pbuf_ref
                0x0800f738       0x44 ./Middlewares/Third_Party/LwIP/src/core/pbuf.o
                0x0800f738                pbuf_ref
 .text.pbuf_cat
                0x0800f77c       0xac ./Middlewares/Third_Party/LwIP/src/core/pbuf.o
                0x0800f77c                pbuf_cat
 .text.pbuf_chain
                0x0800f828       0x20 ./Middlewares/Third_Party/LwIP/src/core/pbuf.o
                0x0800f828                pbuf_chain
 .text.pbuf_copy
                0x0800f848      0x1a4 ./Middlewares/Third_Party/LwIP/src/core/pbuf.o
                0x0800f848                pbuf_copy
 .text.pbuf_copy_partial
                0x0800f9ec       0xe4 ./Middlewares/Third_Party/LwIP/src/core/pbuf.o
                0x0800f9ec                pbuf_copy_partial
 .text.pbuf_clone
                0x0800fad0       0x64 ./Middlewares/Third_Party/LwIP/src/core/pbuf.o
                0x0800fad0                pbuf_clone
 .text.tcp_init
                0x0800fb34       0x24 ./Middlewares/Third_Party/LwIP/src/core/tcp.o
                0x0800fb34                tcp_init
 .text.tcp_free
                0x0800fb58       0x38 ./Middlewares/Third_Party/LwIP/src/core/tcp.o
                0x0800fb58                tcp_free
 .text.tcp_free_listen
                0x0800fb90       0x38 ./Middlewares/Third_Party/LwIP/src/core/tcp.o
 .text.tcp_tmr  0x0800fbc8       0x2c ./Middlewares/Third_Party/LwIP/src/core/tcp.o
                0x0800fbc8                tcp_tmr
 .text.tcp_remove_listener
                0x0800fbf4       0x54 ./Middlewares/Third_Party/LwIP/src/core/tcp.o
 .text.tcp_listen_closed
                0x0800fc48       0x74 ./Middlewares/Third_Party/LwIP/src/core/tcp.o
 .text.tcp_close_shutdown
                0x0800fcbc      0x1c4 ./Middlewares/Third_Party/LwIP/src/core/tcp.o
 .text.tcp_close_shutdown_fin
                0x0800fe80       0xd4 ./Middlewares/Third_Party/LwIP/src/core/tcp.o
 .text.tcp_close
                0x0800ff54       0x58 ./Middlewares/Third_Party/LwIP/src/core/tcp.o
                0x0800ff54                tcp_close
 .text.tcp_abandon
                0x0800ffac      0x17c ./Middlewares/Third_Party/LwIP/src/core/tcp.o
                0x0800ffac                tcp_abandon
 .text.tcp_abort
                0x08010128       0x18 ./Middlewares/Third_Party/LwIP/src/core/tcp.o
                0x08010128                tcp_abort
 .text.tcp_update_rcv_ann_wnd
                0x08010140       0xb4 ./Middlewares/Third_Party/LwIP/src/core/tcp.o
                0x08010140                tcp_update_rcv_ann_wnd
 .text.tcp_recved
                0x080101f4       0xa0 ./Middlewares/Third_Party/LwIP/src/core/tcp.o
                0x080101f4                tcp_recved
 .text.tcp_slowtmr
                0x08010294      0x684 ./Middlewares/Third_Party/LwIP/src/core/tcp.o
                0x08010294                tcp_slowtmr
 .text.tcp_fasttmr
                0x08010918       0xc8 ./Middlewares/Third_Party/LwIP/src/core/tcp.o
                0x08010918                tcp_fasttmr
 .text.tcp_process_refused_data
                0x080109e0       0xf8 ./Middlewares/Third_Party/LwIP/src/core/tcp.o
                0x080109e0                tcp_process_refused_data
 .text.tcp_segs_free
                0x08010ad8       0x2a ./Middlewares/Third_Party/LwIP/src/core/tcp.o
                0x08010ad8                tcp_segs_free
 .text.tcp_seg_free
                0x08010b02       0x30 ./Middlewares/Third_Party/LwIP/src/core/tcp.o
                0x08010b02                tcp_seg_free
 *fill*         0x08010b32        0x2 
 .text.tcp_seg_copy
                0x08010b34       0x58 ./Middlewares/Third_Party/LwIP/src/core/tcp.o
                0x08010b34                tcp_seg_copy
 .text.tcp_recv_null
                0x08010b8c       0x6c ./Middlewares/Third_Party/LwIP/src/core/tcp.o
                0x08010b8c                tcp_recv_null
 .text.tcp_kill_prio
                0x08010bf8       0x9c ./Middlewares/Third_Party/LwIP/src/core/tcp.o
 .text.tcp_kill_state
                0x08010c94       0x94 ./Middlewares/Third_Party/LwIP/src/core/tcp.o
 .text.tcp_kill_timewait
                0x08010d28       0x60 ./Middlewares/Third_Party/LwIP/src/core/tcp.o
 .text.tcp_handle_closepend
                0x08010d88       0x4c ./Middlewares/Third_Party/LwIP/src/core/tcp.o
 .text.tcp_alloc
                0x08010dd4      0x108 ./Middlewares/Third_Party/LwIP/src/core/tcp.o
                0x08010dd4                tcp_alloc
 .text.tcp_pcb_purge
                0x08010edc       0xa0 ./Middlewares/Third_Party/LwIP/src/core/tcp.o
                0x08010edc                tcp_pcb_purge
 .text.tcp_pcb_remove
                0x08010f7c      0x128 ./Middlewares/Third_Party/LwIP/src/core/tcp.o
                0x08010f7c                tcp_pcb_remove
 .text.tcp_next_iss
                0x080110a4       0x4c ./Middlewares/Third_Party/LwIP/src/core/tcp.o
                0x080110a4                tcp_next_iss
 .text.tcp_eff_send_mss_netif
                0x080110f0       0x74 ./Middlewares/Third_Party/LwIP/src/core/tcp.o
                0x080110f0                tcp_eff_send_mss_netif
 .text.tcp_netif_ip_addr_changed_pcblist
                0x08011164       0x64 ./Middlewares/Third_Party/LwIP/src/core/tcp.o
 .text.tcp_netif_ip_addr_changed
                0x080111c8       0x7c ./Middlewares/Third_Party/LwIP/src/core/tcp.o
                0x080111c8                tcp_netif_ip_addr_changed
 .text.tcp_free_ooseq
                0x08011244       0x28 ./Middlewares/Third_Party/LwIP/src/core/tcp.o
                0x08011244                tcp_free_ooseq
 .text.tcp_input
                0x0801126c      0x818 ./Middlewares/Third_Party/LwIP/src/core/tcp_in.o
                0x0801126c                tcp_input
 .text.tcp_input_delayed_close
                0x08011a84       0x80 ./Middlewares/Third_Party/LwIP/src/core/tcp_in.o
 .text.tcp_listen_input
                0x08011b04      0x1fc ./Middlewares/Third_Party/LwIP/src/core/tcp_in.o
 .text.tcp_timewait_input
                0x08011d00       0xf4 ./Middlewares/Third_Party/LwIP/src/core/tcp_in.o
 .text.tcp_process
                0x08011df4      0x7e0 ./Middlewares/Third_Party/LwIP/src/core/tcp_in.o
 .text.tcp_oos_insert_segment
                0x080125d4      0x110 ./Middlewares/Third_Party/LwIP/src/core/tcp_in.o
 .text.tcp_free_acked_segments
                0x080126e4       0xf8 ./Middlewares/Third_Party/LwIP/src/core/tcp_in.o
 .text.tcp_receive
                0x080127dc      0xf28 ./Middlewares/Third_Party/LwIP/src/core/tcp_in.o
 .text.tcp_get_next_optbyte
                0x08013704       0x6c ./Middlewares/Third_Party/LwIP/src/core/tcp_in.o
 .text.tcp_parseopt
                0x08013770       0xec ./Middlewares/Third_Party/LwIP/src/core/tcp_in.o
 .text.tcp_trigger_input_pcb_close
                0x0801385c       0x20 ./Middlewares/Third_Party/LwIP/src/core/tcp_in.o
                0x0801385c                tcp_trigger_input_pcb_close
 .text.tcp_route
                0x0801387c       0x38 ./Middlewares/Third_Party/LwIP/src/core/tcp_out.o
 .text.tcp_create_segment
                0x080138b4      0x138 ./Middlewares/Third_Party/LwIP/src/core/tcp_out.o
 .text.tcp_split_unsent_seg
                0x080139ec      0x290 ./Middlewares/Third_Party/LwIP/src/core/tcp_out.o
                0x080139ec                tcp_split_unsent_seg
 .text.tcp_send_fin
                0x08013c7c       0xa0 ./Middlewares/Third_Party/LwIP/src/core/tcp_out.o
                0x08013c7c                tcp_send_fin
 .text.tcp_enqueue_flags
                0x08013d1c      0x1dc ./Middlewares/Third_Party/LwIP/src/core/tcp_out.o
                0x08013d1c                tcp_enqueue_flags
 .text.tcp_output
                0x08013ef8      0x3e8 ./Middlewares/Third_Party/LwIP/src/core/tcp_out.o
                0x08013ef8                tcp_output
 .text.tcp_output_segment_busy
                0x080142e0       0x40 ./Middlewares/Third_Party/LwIP/src/core/tcp_out.o
 .text.tcp_output_segment
                0x08014320      0x1c0 ./Middlewares/Third_Party/LwIP/src/core/tcp_out.o
 .text.tcp_rexmit_rto_prepare
                0x080144e0       0xe0 ./Middlewares/Third_Party/LwIP/src/core/tcp_out.o
                0x080144e0                tcp_rexmit_rto_prepare
 .text.tcp_rexmit_rto_commit
                0x080145c0       0x50 ./Middlewares/Third_Party/LwIP/src/core/tcp_out.o
                0x080145c0                tcp_rexmit_rto_commit
 .text.tcp_rexmit_rto
                0x08014610       0x44 ./Middlewares/Third_Party/LwIP/src/core/tcp_out.o
                0x08014610                tcp_rexmit_rto
 .text.tcp_rexmit
                0x08014654       0xd8 ./Middlewares/Third_Party/LwIP/src/core/tcp_out.o
                0x08014654                tcp_rexmit
 .text.tcp_rexmit_fast
                0x0801472c       0xc4 ./Middlewares/Third_Party/LwIP/src/core/tcp_out.o
                0x0801472c                tcp_rexmit_fast
 .text.tcp_output_alloc_header_common
                0x080147f0       0xe4 ./Middlewares/Third_Party/LwIP/src/core/tcp_out.o
 .text.tcp_output_alloc_header
                0x080148d4       0x7c ./Middlewares/Third_Party/LwIP/src/core/tcp_out.o
 .text.tcp_output_fill_options
                0x08014950       0x7c ./Middlewares/Third_Party/LwIP/src/core/tcp_out.o
 .text.tcp_output_control_segment
                0x080149cc       0x94 ./Middlewares/Third_Party/LwIP/src/core/tcp_out.o
 .text.tcp_rst  0x08014a60       0xa4 ./Middlewares/Third_Party/LwIP/src/core/tcp_out.o
                0x08014a60                tcp_rst
 .text.tcp_send_empty_ack
                0x08014b04       0xc4 ./Middlewares/Third_Party/LwIP/src/core/tcp_out.o
                0x08014b04                tcp_send_empty_ack
 .text.tcp_keepalive
                0x08014bc8       0x80 ./Middlewares/Third_Party/LwIP/src/core/tcp_out.o
                0x08014bc8                tcp_keepalive
 .text.tcp_zero_window_probe
                0x08014c48      0x154 ./Middlewares/Third_Party/LwIP/src/core/tcp_out.o
                0x08014c48                tcp_zero_window_probe
 .text.tcpip_tcp_timer
                0x08014d9c       0x48 ./Middlewares/Third_Party/LwIP/src/core/timeouts.o
 .text.tcp_timer_needed
                0x08014de4       0x40 ./Middlewares/Third_Party/LwIP/src/core/timeouts.o
                0x08014de4                tcp_timer_needed
 .text.sys_timeout_abs
                0x08014e24       0xdc ./Middlewares/Third_Party/LwIP/src/core/timeouts.o
 .text.lwip_cyclic_timer
                0x08014f00       0x64 ./Middlewares/Third_Party/LwIP/src/core/timeouts.o
 .text.sys_timeouts_init
                0x08014f64       0x44 ./Middlewares/Third_Party/LwIP/src/core/timeouts.o
                0x08014f64                sys_timeouts_init
 .text.sys_timeout
                0x08014fa8       0x4c ./Middlewares/Third_Party/LwIP/src/core/timeouts.o
                0x08014fa8                sys_timeout
 .text.sys_check_timeouts
                0x08014ff4       0x74 ./Middlewares/Third_Party/LwIP/src/core/timeouts.o
                0x08014ff4                sys_check_timeouts
 .text.sys_timeouts_sleeptime
                0x08015068       0x70 ./Middlewares/Third_Party/LwIP/src/core/timeouts.o
                0x08015068                sys_timeouts_sleeptime
 .text.udp_init
                0x080150d8       0x24 ./Middlewares/Third_Party/LwIP/src/core/udp.o
                0x080150d8                udp_init
 .text.udp_new_port
                0x080150fc       0x70 ./Middlewares/Third_Party/LwIP/src/core/udp.o
 .text.udp_input_local_match
                0x0801516c       0xc8 ./Middlewares/Third_Party/LwIP/src/core/udp.o
 .text.udp_input
                0x08015234      0x228 ./Middlewares/Third_Party/LwIP/src/core/udp.o
                0x08015234                udp_input
 .text.udp_sendto
                0x0801545c       0xb8 ./Middlewares/Third_Party/LwIP/src/core/udp.o
                0x0801545c                udp_sendto
 .text.udp_sendto_if
                0x08015514       0xe8 ./Middlewares/Third_Party/LwIP/src/core/udp.o
                0x08015514                udp_sendto_if
 .text.udp_sendto_if_src
                0x080155fc      0x1cc ./Middlewares/Third_Party/LwIP/src/core/udp.o
                0x080155fc                udp_sendto_if_src
 .text.udp_bind
                0x080157c8      0x110 ./Middlewares/Third_Party/LwIP/src/core/udp.o
                0x080157c8                udp_bind
 .text.udp_recv
                0x080158d8       0x40 ./Middlewares/Third_Party/LwIP/src/core/udp.o
                0x080158d8                udp_recv
 .text.udp_remove
                0x08015918       0x84 ./Middlewares/Third_Party/LwIP/src/core/udp.o
                0x08015918                udp_remove
 .text.udp_new  0x0801599c       0x2e ./Middlewares/Third_Party/LwIP/src/core/udp.o
                0x0801599c                udp_new
 *fill*         0x080159ca        0x2 
 .text.udp_netif_ip_addr_changed
                0x080159cc       0x60 ./Middlewares/Third_Party/LwIP/src/core/udp.o
                0x080159cc                udp_netif_ip_addr_changed
 .text.etharp_free_entry
                0x08015a2c       0x64 ./Middlewares/Third_Party/LwIP/src/core/ipv4/etharp.o
 .text.etharp_tmr
                0x08015a90      0x150 ./Middlewares/Third_Party/LwIP/src/core/ipv4/etharp.o
                0x08015a90                etharp_tmr
 .text.etharp_find_entry
                0x08015be0      0x2f0 ./Middlewares/Third_Party/LwIP/src/core/ipv4/etharp.o
 .text.etharp_update_arp_entry
                0x08015ed0      0x14c ./Middlewares/Third_Party/LwIP/src/core/ipv4/etharp.o
 .text.etharp_input
                0x0801601c      0x114 ./Middlewares/Third_Party/LwIP/src/core/ipv4/etharp.o
                0x0801601c                etharp_input
 .text.etharp_output_to_arp_index
                0x08016130      0x134 ./Middlewares/Third_Party/LwIP/src/core/ipv4/etharp.o
 .text.etharp_output
                0x08016264      0x204 ./Middlewares/Third_Party/LwIP/src/core/ipv4/etharp.o
                0x08016264                etharp_output
 .text.etharp_query
                0x08016468      0x27c ./Middlewares/Third_Party/LwIP/src/core/ipv4/etharp.o
                0x08016468                etharp_query
 .text.etharp_raw
                0x080166e4      0x118 ./Middlewares/Third_Party/LwIP/src/core/ipv4/etharp.o
 .text.etharp_request_dst
                0x080167fc       0x44 ./Middlewares/Third_Party/LwIP/src/core/ipv4/etharp.o
 .text.etharp_request
                0x08016840       0x24 ./Middlewares/Third_Party/LwIP/src/core/ipv4/etharp.o
                0x08016840                etharp_request
 .text.icmp_input
                0x08016864      0x240 ./Middlewares/Third_Party/LwIP/src/core/ipv4/icmp.o
                0x08016864                icmp_input
 .text.icmp_dest_unreach
                0x08016aa4       0x20 ./Middlewares/Third_Party/LwIP/src/core/ipv4/icmp.o
                0x08016aa4                icmp_dest_unreach
 .text.icmp_time_exceeded
                0x08016ac4       0x20 ./Middlewares/Third_Party/LwIP/src/core/ipv4/icmp.o
                0x08016ac4                icmp_time_exceeded
 .text.icmp_send_response
                0x08016ae4       0xe8 ./Middlewares/Third_Party/LwIP/src/core/ipv4/icmp.o
 .text.ip4_route
                0x08016bcc       0xe0 ./Middlewares/Third_Party/LwIP/src/core/ipv4/ip4.o
                0x08016bcc                ip4_route
 .text.ip4_input_accept
                0x08016cac       0x54 ./Middlewares/Third_Party/LwIP/src/core/ipv4/ip4.o
 .text.ip4_input
                0x08016d00      0x248 ./Middlewares/Third_Party/LwIP/src/core/ipv4/ip4.o
                0x08016d00                ip4_input
 .text.ip4_output_if
                0x08016f48       0x54 ./Middlewares/Third_Party/LwIP/src/core/ipv4/ip4.o
                0x08016f48                ip4_output_if
 .text.ip4_output_if_src
                0x08016f9c      0x15c ./Middlewares/Third_Party/LwIP/src/core/ipv4/ip4.o
                0x08016f9c                ip4_output_if_src
 .text.ip4_addr_isbroadcast_u32
                0x080170f8       0x82 ./Middlewares/Third_Party/LwIP/src/core/ipv4/ip4_addr.o
                0x080170f8                ip4_addr_isbroadcast_u32
 *fill*         0x0801717a        0x2 
 .text.ip_reass_tmr
                0x0801717c       0x58 ./Middlewares/Third_Party/LwIP/src/core/ipv4/ip4_frag.o
                0x0801717c                ip_reass_tmr
 .text.ip_reass_free_complete_datagram
                0x080171d4      0x148 ./Middlewares/Third_Party/LwIP/src/core/ipv4/ip4_frag.o
 .text.ip_reass_remove_oldest_datagram
                0x0801731c       0xc4 ./Middlewares/Third_Party/LwIP/src/core/ipv4/ip4_frag.o
 .text.ip_reass_enqueue_new_datagram
                0x080173e0       0x74 ./Middlewares/Third_Party/LwIP/src/core/ipv4/ip4_frag.o
 .text.ip_reass_dequeue_datagram
                0x08017454       0x5c ./Middlewares/Third_Party/LwIP/src/core/ipv4/ip4_frag.o
 .text.ip_reass_chain_frag_into_datagram_and_validate
                0x080174b0      0x2d4 ./Middlewares/Third_Party/LwIP/src/core/ipv4/ip4_frag.o
 .text.ip4_reass
                0x08017784      0x338 ./Middlewares/Third_Party/LwIP/src/core/ipv4/ip4_frag.o
                0x08017784                ip4_reass
 .text.ip_frag_alloc_pbuf_custom_ref
                0x08017abc       0x10 ./Middlewares/Third_Party/LwIP/src/core/ipv4/ip4_frag.o
 .text.ip_frag_free_pbuf_custom_ref
                0x08017acc       0x38 ./Middlewares/Third_Party/LwIP/src/core/ipv4/ip4_frag.o
 .text.ipfrag_free_pbuf_custom
                0x08017b04       0x68 ./Middlewares/Third_Party/LwIP/src/core/ipv4/ip4_frag.o
 .text.ip4_frag
                0x08017b6c      0x28c ./Middlewares/Third_Party/LwIP/src/core/ipv4/ip4_frag.o
                0x08017b6c                ip4_frag
 .text.ethernet_input
                0x08017df8      0x11c ./Middlewares/Third_Party/LwIP/src/netif/ethernet.o
                0x08017df8                ethernet_input
 .text.ethernet_output
                0x08017f14       0x90 ./Middlewares/Third_Party/LwIP/src/netif/ethernet.o
                0x08017f14                ethernet_output
 .text.sys_mbox_new
                0x08017fa4       0x34 ./Middlewares/Third_Party/LwIP/system/OS/sys_arch.o
                0x08017fa4                sys_mbox_new
 .text.sys_mbox_trypost
                0x08017fd8       0x34 ./Middlewares/Third_Party/LwIP/system/OS/sys_arch.o
                0x08017fd8                sys_mbox_trypost
 .text.sys_arch_mbox_fetch
                0x0801800c       0x62 ./Middlewares/Third_Party/LwIP/system/OS/sys_arch.o
                0x0801800c                sys_arch_mbox_fetch
 .text.sys_mbox_valid
                0x0801806e       0x22 ./Middlewares/Third_Party/LwIP/system/OS/sys_arch.o
                0x0801806e                sys_mbox_valid
 .text.sys_init
                0x08018090       0x18 ./Middlewares/Third_Party/LwIP/system/OS/sys_arch.o
                0x08018090                sys_init
 .text.sys_mutex_new
                0x080180a8       0x2c ./Middlewares/Third_Party/LwIP/system/OS/sys_arch.o
                0x080180a8                sys_mutex_new
 .text.sys_mutex_lock
                0x080180d4       0x1e ./Middlewares/Third_Party/LwIP/system/OS/sys_arch.o
                0x080180d4                sys_mutex_lock
 .text.sys_mutex_unlock
                0x080180f2       0x1a ./Middlewares/Third_Party/LwIP/system/OS/sys_arch.o
                0x080180f2                sys_mutex_unlock
 .text.sys_thread_new
                0x0801810c       0x40 ./Middlewares/Third_Party/LwIP/system/OS/sys_arch.o
                0x0801810c                sys_thread_new
 .text.rand     0x0801814c       0x7c D:/STM32CubeIDE_1.18.1/STM32CubeIDE/plugins/com.st.stm32cube.ide.mcu.externaltools.gnu-tools-for-stm32.13.3.rel1.win32_1.0.0.202411081344/tools/bin/../lib/gcc/arm-none-eabi/13.3.1/../../../../arm-none-eabi/lib/thumb/v7e-m+dp/hard\libc_nano.a(libc_a-rand.o)
                0x0801814c                rand
 .text.std      0x080181c8       0x6c D:/STM32CubeIDE_1.18.1/STM32CubeIDE/plugins/com.st.stm32cube.ide.mcu.externaltools.gnu-tools-for-stm32.13.3.rel1.win32_1.0.0.202411081344/tools/bin/../lib/gcc/arm-none-eabi/13.3.1/../../../../arm-none-eabi/lib/thumb/v7e-m+dp/hard\libc_nano.a(libc_a-findfp.o)
 .text.stdio_exit_handler