../Core/Src/main.c:99:6:check_signature_magic_number_app_1	16	static
../Core/Src/main.c:107:6:check_signature_magic_number_app_2	16	static
../Core/Src/main.c:115:10:cal_flash_used_app_1	24	static,ignoring_inline_asm
../Core/Src/main.c:154:10:cal_flash_used_app_2	24	static,ignoring_inline_asm
../Core/Src/main.c:193:5:del_mem	40	static
../Core/Src/main.c:216:6:clear_flag	8	static
../Core/Src/main.c:219:6:bl_jump_to_code_uart	32	static
../Core/Src/main.c:243:6:bl_check_connect_uart	40	static
../Core/Src/main.c:258:6:bl_reset_metadata_state	4	static
../Core/Src/main.c:269:6:bl_write_mem_uart	1360	static,ignoring_inline_asm
../Core/Src/main.c:424:6:bl_del_mem	56	static
../Core/Src/main.c:469:6:bl_check_mem_uart	192	static
../Core/Src/main.c:486:6:bl_verify_signature	416	static
../Core/Src/main.c:571:6:bl_check_version	192	static
../Core/Src/main.c:600:6:jump_to_user_code_uart	32	static,ignoring_inline_asm
../Core/Src/main.c:610:5:check_ECC_Flag	16	static
../Core/Src/main.c:629:5:is_fail_counter_exceeded	24	static
../Core/Src/main.c:633:5:is_run_ok_flag_set	24	static
../Core/Src/main.c:637:9:get_fail_counter	152	static
../Core/Src/main.c:656:6:increase_fail_counter	160	static
../Core/Src/main.c:675:5:count_version_in_flash	16	static
../Core/Src/main.c:685:6:check_condition_jump_to_code_uart	104	dynamic
../Core/Src/main.c:752:6:process_uart_command	16	static
../Core/Src/main.c:792:5:main	8	static,ignoring_inline_asm
../Core/Src/main.c:858:6:SystemClock_Config	120	static
../Core/Src/main.c:919:6:MPU_Config	24	static
../Core/Src/main.c:978:6:HAL_TIM_PeriodElapsedCallback	16	static
../Core/Src/main.c:996:6:Error_Handler	4	static,ignoring_inline_asm
