../Drivers/CMSIS/Include/core_cm7.h:2156:34:__NVIC_SystemReset	4	static,ignoring_inline_asm
../Core/Src/stm32h7xx_it.c:72:6:NMI_Handler	4	static
../Core/Src/stm32h7xx_it.c:86:6:HardFault_Handler	8	static
../Core/Src/stm32h7xx_it.c:101:6:MemManage_Handler	4	static
../Core/Src/stm32h7xx_it.c:116:6:BusFault_Handler	4	static
../Core/Src/stm32h7xx_it.c:131:6:UsageFault_Handler	4	static
../Core/Src/stm32h7xx_it.c:146:6:SVC_Handler	4	static
../Core/Src/stm32h7xx_it.c:159:6:DebugMon_Handler	4	static
../Core/Src/stm32h7xx_it.c:172:6:PendSV_Handler	4	static
../Core/Src/stm32h7xx_it.c:185:6:SysTick_Handler	4	static
../Core/Src/stm32h7xx_it.c:206:6:TIM1_UP_IRQHandler	8	static
../Core/Src/stm32h7xx_it.c:220:6:USART1_IRQHandler	8	static
../Core/Src/stm32h7xx_it.c:234:6:TIM6_DAC_IRQHandler	8	static
