../LWIP/Target/ethernetif.c:180:6:HAL_ETH_RxCpltCallback	16	static
../LWIP/Target/ethernetif.c:189:6:HAL_ETH_TxCpltCallback	16	static
../LWIP/Target/ethernetif.c:198:6:HAL_ETH_ErrorCallback	16	static
../LWIP/Target/ethernetif.c:220:13:low_level_init	176	static
../LWIP/Target/ethernetif.c:391:14:low_level_output	80	static
../LWIP/Target/ethernetif.c:463:22:low_level_input	24	static
../LWIP/Target/ethernetif.c:484:6:ethernetif_input	24	static
../LWIP/Target/ethernetif.c:541:7:ethernetif_init	16	static
../LWIP/Target/ethernetif.c:592:6:pbuf_free_custom	24	static
../LWIP/Target/ethernetif.c:615:7:sys_now	8	static
../LWIP/Target/ethernetif.c:628:6:HAL_ETH_MspInit	64	static
../LWIP/Target/ethernetif.c:700:6:HAL_ETH_MspDeInit	16	static
../LWIP/Target/ethernetif.c:748:9:ETH_PHY_IO_Init	8	static
../LWIP/Target/ethernetif.c:765:9:ETH_PHY_IO_DeInit	4	static
../LWIP/Target/ethernetif.c:777:9:ETH_PHY_IO_ReadReg	24	static
../LWIP/Target/ethernetif.c:794:9:ETH_PHY_IO_WriteReg	24	static
../LWIP/Target/ethernetif.c:808:9:ETH_PHY_IO_GetTick	8	static
../LWIP/Target/ethernetif.c:817:6:ethernet_link_thread	136	static
../LWIP/Target/ethernetif.c:888:6:HAL_ETH_RxAllocateCallback	32	static
../LWIP/Target/ethernetif.c:910:6:HAL_ETH_RxLinkCallback	56	static,ignoring_inline_asm
../LWIP/Target/ethernetif.c:950:6:HAL_ETH_TxFreeCallback	16	static
