Archive member included to satisfy reference by file (symbol)

D:/STM32CubeIDE_1.18.1/STM32CubeIDE/plugins/com.st.stm32cube.ide.mcu.externaltools.gnu-tools-for-stm32.13.3.rel1.win32_1.0.0.202411081344/tools/bin/../lib/gcc/arm-none-eabi/13.3.1/../../../../arm-none-eabi/lib/thumb/v7e-m+dp/hard\libc_nano.a(libc_a-exit.o)
                              D:/STM32CubeIDE_1.18.1/STM32CubeIDE/plugins/com.st.stm32cube.ide.mcu.externaltools.gnu-tools-for-stm32.13.3.rel1.win32_1.0.0.202411081344/tools/bin/../lib/gcc/arm-none-eabi/13.3.1/../../../../arm-none-eabi/lib/thumb/v7e-m+dp/hard/crt0.o (exit)
D:/STM32CubeIDE_1.18.1/STM32CubeIDE/plugins/com.st.stm32cube.ide.mcu.externaltools.gnu-tools-for-stm32.13.3.rel1.win32_1.0.0.202411081344/tools/bin/../lib/gcc/arm-none-eabi/13.3.1/../../../../arm-none-eabi/lib/thumb/v7e-m+dp/hard\libc_nano.a(libc_a-findfp.o)
                              D:/STM32CubeIDE_1.18.1/STM32CubeIDE/plugins/com.st.stm32cube.ide.mcu.externaltools.gnu-tools-for-stm32.13.3.rel1.win32_1.0.0.202411081344/tools/bin/../lib/gcc/arm-none-eabi/13.3.1/../../../../arm-none-eabi/lib/thumb/v7e-m+dp/hard\libc_nano.a(libc_a-exit.o) (__stdio_exit_handler)
D:/STM32CubeIDE_1.18.1/STM32CubeIDE/plugins/com.st.stm32cube.ide.mcu.externaltools.gnu-tools-for-stm32.13.3.rel1.win32_1.0.0.202411081344/tools/bin/../lib/gcc/arm-none-eabi/13.3.1/../../../../arm-none-eabi/lib/thumb/v7e-m+dp/hard\libc_nano.a(libc_a-fwalk.o)
                              D:/STM32CubeIDE_1.18.1/STM32CubeIDE/plugins/com.st.stm32cube.ide.mcu.externaltools.gnu-tools-for-stm32.13.3.rel1.win32_1.0.0.202411081344/tools/bin/../lib/gcc/arm-none-eabi/13.3.1/../../../../arm-none-eabi/lib/thumb/v7e-m+dp/hard\libc_nano.a(libc_a-findfp.o) (_fwalk_sglue)
D:/STM32CubeIDE_1.18.1/STM32CubeIDE/plugins/com.st.stm32cube.ide.mcu.externaltools.gnu-tools-for-stm32.13.3.rel1.win32_1.0.0.202411081344/tools/bin/../lib/gcc/arm-none-eabi/13.3.1/../../../../arm-none-eabi/lib/thumb/v7e-m+dp/hard\libc_nano.a(libc_a-stdio.o)
                              D:/STM32CubeIDE_1.18.1/STM32CubeIDE/plugins/com.st.stm32cube.ide.mcu.externaltools.gnu-tools-for-stm32.13.3.rel1.win32_1.0.0.202411081344/tools/bin/../lib/gcc/arm-none-eabi/13.3.1/../../../../arm-none-eabi/lib/thumb/v7e-m+dp/hard\libc_nano.a(libc_a-findfp.o) (__sread)
D:/STM32CubeIDE_1.18.1/STM32CubeIDE/plugins/com.st.stm32cube.ide.mcu.externaltools.gnu-tools-for-stm32.13.3.rel1.win32_1.0.0.202411081344/tools/bin/../lib/gcc/arm-none-eabi/13.3.1/../../../../arm-none-eabi/lib/thumb/v7e-m+dp/hard\libc_nano.a(libc_a-memset.o)
                              D:/STM32CubeIDE_1.18.1/STM32CubeIDE/plugins/com.st.stm32cube.ide.mcu.externaltools.gnu-tools-for-stm32.13.3.rel1.win32_1.0.0.202411081344/tools/bin/../lib/gcc/arm-none-eabi/13.3.1/../../../../arm-none-eabi/lib/thumb/v7e-m+dp/hard/crt0.o (memset)
D:/STM32CubeIDE_1.18.1/STM32CubeIDE/plugins/com.st.stm32cube.ide.mcu.externaltools.gnu-tools-for-stm32.13.3.rel1.win32_1.0.0.202411081344/tools/bin/../lib/gcc/arm-none-eabi/13.3.1/../../../../arm-none-eabi/lib/thumb/v7e-m+dp/hard\libc_nano.a(libc_a-closer.o)
                              D:/STM32CubeIDE_1.18.1/STM32CubeIDE/plugins/com.st.stm32cube.ide.mcu.externaltools.gnu-tools-for-stm32.13.3.rel1.win32_1.0.0.202411081344/tools/bin/../lib/gcc/arm-none-eabi/13.3.1/../../../../arm-none-eabi/lib/thumb/v7e-m+dp/hard\libc_nano.a(libc_a-stdio.o) (_close_r)
D:/STM32CubeIDE_1.18.1/STM32CubeIDE/plugins/com.st.stm32cube.ide.mcu.externaltools.gnu-tools-for-stm32.13.3.rel1.win32_1.0.0.202411081344/tools/bin/../lib/gcc/arm-none-eabi/13.3.1/../../../../arm-none-eabi/lib/thumb/v7e-m+dp/hard\libc_nano.a(libc_a-reent.o)
                              D:/STM32CubeIDE_1.18.1/STM32CubeIDE/plugins/com.st.stm32cube.ide.mcu.externaltools.gnu-tools-for-stm32.13.3.rel1.win32_1.0.0.202411081344/tools/bin/../lib/gcc/arm-none-eabi/13.3.1/../../../../arm-none-eabi/lib/thumb/v7e-m+dp/hard\libc_nano.a(libc_a-closer.o) (errno)
D:/STM32CubeIDE_1.18.1/STM32CubeIDE/plugins/com.st.stm32cube.ide.mcu.externaltools.gnu-tools-for-stm32.13.3.rel1.win32_1.0.0.202411081344/tools/bin/../lib/gcc/arm-none-eabi/13.3.1/../../../../arm-none-eabi/lib/thumb/v7e-m+dp/hard\libc_nano.a(libc_a-impure.o)
                              D:/STM32CubeIDE_1.18.1/STM32CubeIDE/plugins/com.st.stm32cube.ide.mcu.externaltools.gnu-tools-for-stm32.13.3.rel1.win32_1.0.0.202411081344/tools/bin/../lib/gcc/arm-none-eabi/13.3.1/../../../../arm-none-eabi/lib/thumb/v7e-m+dp/hard\libc_nano.a(libc_a-reent.o) (_impure_ptr)
D:/STM32CubeIDE_1.18.1/STM32CubeIDE/plugins/com.st.stm32cube.ide.mcu.externaltools.gnu-tools-for-stm32.13.3.rel1.win32_1.0.0.202411081344/tools/bin/../lib/gcc/arm-none-eabi/13.3.1/../../../../arm-none-eabi/lib/thumb/v7e-m+dp/hard\libc_nano.a(libc_a-lseekr.o)
[...]
Memory Configuration

Name             Origin             Length             Attributes
ITCMRAM          0x00000000         0x00010000         xrw
DTCMRAM          0x20000000         0x00020000         xrw
FLASH            0x080600e0         0x00100000         xr
RAM_D1           0x24000000         0x00050000         xrw
RAM_D2           0x30000000         0x00008000         xrw
RAM_D3           0x38000000         0x00004000         xrw
*default*        0x00000000         0xffffffff

Linker script and memory map

LOAD D:/STM32CubeIDE_1.18.1/STM32CubeIDE/plugins/com.st.stm32cube.ide.mcu.externaltools.gnu-tools-for-stm32.13.3.rel1.win32_1.0.0.202411081344/tools/bin/../lib/gcc/arm-none-eabi/13.3.1/thumb/v7e-m+dp/hard/crti.o
LOAD D:/STM32CubeIDE_1.18.1/STM32CubeIDE/plugins/com.st.stm32cube.ide.mcu.externaltools.gnu-tools-for-stm32.13.3.rel1.win32_1.0.0.202411081344/tools/bin/../lib/gcc/arm-none-eabi/13.3.1/thumb/v7e-m+dp/hard/crtbegin.o
LOAD D:/STM32CubeIDE_1.18.1/STM32CubeIDE/plugins/com.st.stm32cube.ide.mcu.externaltools.gnu-tools-for-stm32.13.3.rel1.win32_1.0.0.202411081344/tools/bin/../lib/gcc/arm-none-eabi/13.3.1/../../../../arm-none-eabi/lib/thumb/v7e-m+dp/hard/crt0.o
LOAD ./Core/Src/Defind.o
LOAD ./Core/Src/main.o
LOAD ./Core/Src/stm32h7xx_hal_msp.o
LOAD ./Core/Src/stm32h7xx_it.o
LOAD ./Core/Src/syscalls.o
LOAD ./Core/Src/sysmem.o
LOAD ./Core/Src/system_stm32h7xx.o
LOAD ./Core/Startup/startup_stm32h723zgtx.o
LOAD ./Drivers/STM32H7xx_HAL_Driver/Src/stm32h7xx_hal.o
LOAD ./Drivers/STM32H7xx_HAL_Driver/Src/stm32h7xx_hal_cortex.o
LOAD ./Drivers/STM32H7xx_HAL_Driver/Src/stm32h7xx_hal_dma.o
LOAD ./Drivers/STM32H7xx_HAL_Driver/Src/stm32h7xx_hal_dma_ex.o
LOAD ./Drivers/STM32H7xx_HAL_Driver/Src/stm32h7xx_hal_exti.o
LOAD ./Drivers/STM32H7xx_HAL_Driver/Src/stm32h7xx_hal_flash.o
LOAD ./Drivers/STM32H7xx_HAL_Driver/Src/stm32h7xx_hal_flash_ex.o
LOAD ./Drivers/STM32H7xx_HAL_Driver/Src/stm32h7xx_hal_gpio.o
LOAD ./Drivers/STM32H7xx_HAL_Driver/Src/stm32h7xx_hal_hsem.o
LOAD ./Drivers/STM32H7xx_HAL_Driver/Src/stm32h7xx_hal_i2c.o
LOAD ./Drivers/STM32H7xx_HAL_Driver/Src/stm32h7xx_hal_i2c_ex.o
LOAD ./Drivers/STM32H7xx_HAL_Driver/Src/stm32h7xx_hal_mdma.o
LOAD ./Drivers/STM32H7xx_HAL_Driver/Src/stm32h7xx_hal_pwr.o
LOAD ./Drivers/STM32H7xx_HAL_Driver/Src/stm32h7xx_hal_pwr_ex.o
LOAD ./Drivers/STM32H7xx_HAL_Driver/Src/stm32h7xx_hal_rcc.o
LOAD ./Drivers/STM32H7xx_HAL_Driver/Src/stm32h7xx_hal_rcc_ex.o
LOAD ./Drivers/STM32H7xx_HAL_Driver/Src/stm32h7xx_hal_uart.o
LOAD ./Drivers/STM32H7xx_HAL_Driver/Src/stm32h7xx_hal_uart_ex.o
START GROUP
LOAD D:/STM32CubeIDE_1.18.1/STM32CubeIDE/plugins/com.st.stm32cube.ide.mcu.externaltools.gnu-tools-for-stm32.13.3.rel1.win32_1.0.0.202411081344/tools/bin/../lib/gcc/arm-none-eabi/13.3.1/../../../../arm-none-eabi/lib/thumb/v7e-m+dp/hard\libc_nano.a
LOAD D:/STM32CubeIDE_1.18.1/STM32CubeIDE/plugins/com.st.stm32cube.ide.mcu.externaltools.gnu-tools-for-stm32.13.3.rel1.win32_1.0.0.202411081344/tools/bin/../lib/gcc/arm-none-eabi/13.3.1/../../../../arm-none-eabi/lib/thumb/v7e-m+dp/hard\libm.a
END GROUP
START GROUP
LOAD D:/STM32CubeIDE_1.18.1/STM32CubeIDE/plugins/com.st.stm32cube.ide.mcu.externaltools.gnu-tools-for-stm32.13.3.rel1.win32_1.0.0.202411081344/tools/bin/../lib/gcc/arm-none-eabi/13.3.1/thumb/v7e-m+dp/hard\libgcc.a
LOAD D:/STM32CubeIDE_1.18.1/STM32CubeIDE/plugins/com.st.stm32cube.ide.mcu.externaltools.gnu-tools-for-stm32.13.3.rel1.win32_1.0.0.202411081344/tools/bin/../lib/gcc/arm-none-eabi/13.3.1/../../../../arm-none-eabi/lib/thumb/v7e-m+dp/hard\libc_nano.a
END GROUP
START GROUP
LOAD D:/STM32CubeIDE_1.18.1/STM32CubeIDE/plugins/com.st.stm32cube.ide.mcu.externaltools.gnu-tools-for-stm32.13.3.rel1.win32_1.0.0.202411081344/tools/bin/../lib/gcc/arm-none-eabi/13.3.1/thumb/v7e-m+dp/hard\libgcc.a
LOAD D:/STM32CubeIDE_1.18.1/STM32CubeIDE/plugins/com.st.stm32cube.ide.mcu.externaltools.gnu-tools-for-stm32.13.3.rel1.win32_1.0.0.202411081344/tools/bin/../lib/gcc/arm-none-eabi/13.3.1/../../../../arm-none-eabi/lib/thumb/v7e-m+dp/hard\libc_nano.a
LOAD D:/STM32CubeIDE_1.18.1/STM32CubeIDE/plugins/com.st.stm32cube.ide.mcu.externaltools.gnu-tools-for-stm32.13.3.rel1.win32_1.0.0.202411081344/tools/bin/../lib/gcc/arm-none-eabi/13.3.1/../../../../arm-none-eabi/lib/thumb/v7e-m+dp/hard\libnosys.a
END GROUP
START GROUP
LOAD D:/STM32CubeIDE_1.18.1/STM32CubeIDE/plugins/com.st.stm32cube.ide.mcu.externaltools.gnu-tools-for-stm32.13.3.rel1.win32_1.0.0.202411081344/tools/bin/../lib/gcc/arm-none-eabi/13.3.1/thumb/v7e-m+dp/hard\libgcc.a
LOAD D:/STM32CubeIDE_1.18.1/STM32CubeIDE/plugins/com.st.stm32cube.ide.mcu.externaltools.gnu-tools-for-stm32.13.3.rel1.win32_1.0.0.202411081344/tools/bin/../lib/gcc/arm-none-eabi/13.3.1/../../../../arm-none-eabi/lib/thumb/v7e-m+dp/hard\libc_nano.a
LOAD D:/STM32CubeIDE_1.18.1/STM32CubeIDE/plugins/com.st.stm32cube.ide.mcu.externaltools.gnu-tools-for-stm32.13.3.rel1.win32_1.0.0.202411081344/tools/bin/../lib/gcc/arm-none-eabi/13.3.1/../../../../arm-none-eabi/lib/thumb/v7e-m+dp/hard\libnosys.a
END GROUP
LOAD D:/STM32CubeIDE_1.18.1/STM32CubeIDE/plugins/com.st.stm32cube.ide.mcu.externaltools.gnu-tools-for-stm32.13.3.rel1.win32_1.0.0.202411081344/tools/bin/../lib/gcc/arm-none-eabi/13.3.1/thumb/v7e-m+dp/hard/crtend.o
LOAD D:/STM32CubeIDE_1.18.1/STM32CubeIDE/plugins/com.st.stm32cube.ide.mcu.externaltools.gnu-tools-for-stm32.13.3.rel1.win32_1.0.0.202411081344/tools/bin/../lib/gcc/arm-none-eabi/13.3.1/thumb/v7e-m+dp/hard/crtn.o
                0x24050000                        _estack = (ORIGIN (RAM_D1) + LENGTH (RAM_D1))
                0x00000200                        _Min_Heap_Size = 0x200
                0x00000400                        _Min_Stack_Size = 0x400

.isr_vector     0x080600e0      0x2cc
                0x080600e0                        . = ALIGN (0x4)
 *(.isr_vector)
 .isr_vector    0x080600e0      0x2cc ./Core/Startup/startup_stm32h723zgtx.o
                0x080600e0                g_pfnVectors
                0x080603ac                        . = ALIGN (0x4)

.text           0x080603ac     0x5974
                0x080603ac                        . = ALIGN (0x4)
 *(.text)
 .text          0x080603ac       0x40 D:/STM32CubeIDE_1.18.1/STM32CubeIDE/plugins/com.st.stm32cube.ide.mcu.externaltools.gnu-tools-for-stm32.13.3.rel1.win32_1.0.0.202411081344/tools/bin/../lib/gcc/arm-none-eabi/13.3.1/thumb/v7e-m+dp/hard/crtbegin.o
 .text          0x080603ec       0x10 D:/STM32CubeIDE_1.18.1/STM32CubeIDE/plugins/com.st.stm32cube.ide.mcu.externaltools.gnu-tools-for-stm32.13.3.rel1.win32_1.0.0.202411081344/tools/bin/../lib/gcc/arm-none-eabi/13.3.1/../../../../arm-none-eabi/lib/thumb/v7e-m+dp/hard\libc_nano.a(libc_a-strlen.o)
                0x080603ec                strlen
 .text          0x080603fc       0x30 D:/STM32CubeIDE_1.18.1/STM32CubeIDE/plugins/com.st.stm32cube.ide.mcu.externaltools.gnu-tools-for-stm32.13.3.rel1.win32_1.0.0.202411081344/tools/bin/../lib/gcc/arm-none-eabi/13.3.1/thumb/v7e-m+dp/hard\libgcc.a(_aeabi_uldivmod.o)
                0x080603fc                __aeabi_uldivmod
 .text          0x0806042c      0x2f8 D:/STM32CubeIDE_1.18.1/STM32CubeIDE/plugins/com.st.stm32cube.ide.mcu.externaltools.gnu-tools-for-stm32.13.3.rel1.win32_1.0.0.202411081344/tools/bin/../lib/gcc/arm-none-eabi/13.3.1/thumb/v7e-m+dp/hard\libgcc.a(_udivmoddi4.o)
                0x0806042c                __udivmoddi4
 .text          0x08060724        0x4 D:/STM32CubeIDE_1.18.1/STM32CubeIDE/plugins/com.st.stm32cube.ide.mcu.externaltools.gnu-tools-for-stm32.13.3.rel1.win32_1.0.0.202411081344/tools/bin/../lib/gcc/arm-none-eabi/13.3.1/thumb/v7e-m+dp/hard\libgcc.a(_dvmd_tls.o)
                0x08060724                __aeabi_idiv0
                0x08060724                __aeabi_ldiv0
 *(.text*)
 .text.crc32_custom
                0x08060728       0x64 ./Core/Src/Defind.o
                0x08060728                crc32_custom
 .text.crc32    0x0806078c       0x1e ./Core/Src/Defind.o
                0x0806078c                crc32
 .text.del_mem  0x080607aa       0x58 ./Core/Src/main.o
                0x080607aa                del_mem
 *fill*         0x08060802        0x2 
 .text.jump_to_bl_code_uart
                0x08060804       0x50 ./Core/Src/main.o
                0x08060804                jump_to_bl_code_uart
 .text.set_run_ok_flag
                0x08060854       0x9c ./Core/Src/main.o
                0x08060854                set_run_ok_flag
 .text.set_user_to_bl_flag
                0x080608f0       0x80 ./Core/Src/main.o
                0x080608f0                set_user_to_bl_flag
 .text.user_code_go_back_to_bootloader
                0x08060970       0x88 ./Core/Src/main.o
                0x08060970                user_code_go_back_to_bootloader
 .text.processing_uart_command
                0x080609f8       0x5c ./Core/Src/main.o
                0x080609f8                processing_uart_command
 .text.main     0x08060a54       0x58 ./Core/Src/main.o
                0x08060a54                main
 .text.SystemClock_Config
                0x08060aac       0xe0 ./Core/Src/main.o
                0x08060aac                SystemClock_Config
 .text.MX_USART1_UART_Init
                0x08060b8c       0x98 ./Core/Src/main.o
                0x08060b8c                MX_USART1_UART_Init
 .text.MX_GPIO_Init
                0x08060c24       0xac ./Core/Src/main.o
                0x08060c24                MX_GPIO_Init
 .text.MPU_Config
                0x08060cd0       0x58 ./Core/Src/main.o
                0x08060cd0                MPU_Config
 .text.Error_Handler
                0x08060d28        0xc ./Core/Src/main.o
                0x08060d28                Error_Handler
 .text.HAL_MspInit
                0x08060d34       0x34 ./Core/Src/stm32h7xx_hal_msp.o
                0x08060d34                HAL_MspInit
 .text.HAL_UART_MspInit
                0x08060d68       0xd4 ./Core/Src/stm32h7xx_hal_msp.o
                0x08060d68                HAL_UART_MspInit
 .text.NMI_Handler
                0x08060e3c        0x8 ./Core/Src/stm32h7xx_it.o
                0x08060e3c                NMI_Handler
 .text.HardFault_Handler
                0x08060e44        0x8 ./Core/Src/stm32h7xx_it.o
                0x08060e44                HardFault_Handler
 .text.MemManage_Handler
                0x08060e4c        0x8 ./Core/Src/stm32h7xx_it.o
                0x08060e4c                MemManage_Handler
 .text.BusFault_Handler
                0x08060e54        0x8 ./Core/Src/stm32h7xx_it.o
                0x08060e54                BusFault_Handler
 .text.UsageFault_Handler
                0x08060e5c        0x8 ./Core/Src/stm32h7xx_it.o
                0x08060e5c                UsageFault_Handler
 .text.SVC_Handler
                0x08060e64        0xe ./Core/Src/stm32h7xx_it.o
                0x08060e64                SVC_Handler
 .text.DebugMon_Handler
                0x08060e72        0xe ./Core/Src/stm32h7xx_it.o
                0x08060e72                DebugMon_Handler
 .text.PendSV_Handler
                0x08060e80        0xe ./Core/Src/stm32h7xx_it.o
                0x08060e80                PendSV_Handler
 .text.SysTick_Handler
                0x08060e8e        0xc ./Core/Src/stm32h7xx_it.o
                0x08060e8e                SysTick_Handler
 *fill*         0x08060e9a        0x2 
 .text.SystemInit
                0x08060e9c      0x120 ./Core/Src/system_stm32h7xx.o
                0x08060e9c                SystemInit
 .text.ExitRun0Mode
                0x08060fbc       0x30 ./Core/Src/system_stm32h7xx.o
                0x08060fbc                ExitRun0Mode
 .text.Reset_Handler
                0x08060fec       0x54 ./Core/Startup/startup_stm32h723zgtx.o
                0x08060fec                Reset_Handler
 .text.Default_Handler
                0x08061040        0x2 ./Core/Startup/startup_stm32h723zgtx.o
                0x08061040                RTC_Alarm_IRQHandler
                0x08061040                EXTI2_IRQHandler
                0x08061040                TIM8_CC_IRQHandler
                0x08061040                UART8_IRQHandler
                0x08061040                SPI4_IRQHandler
                0x08061040                FDCAN3_IT0_IRQHandler
                0x08061040                TIM1_CC_IRQHandler
                0x08061040                BDMA_Channel6_IRQHandler
                0x08061040                DMA2_Stream5_IRQHandler
                0x08061040                DMA1_Stream5_IRQHandler
                0x08061040                CORDIC_IRQHandler
                0x08061040                BDMA_Channel1_IRQHandler
                0x08061040                TAMP_STAMP_IRQHandler
                0x08061040                EXTI3_IRQHandler
                0x08061040                LPTIM4_IRQHandler
                0x08061040                TIM8_TRG_COM_TIM14_IRQHandler
                0x08061040                LPTIM2_IRQHandler
                0x08061040                DFSDM1_FLT1_IRQHandler
                0x08061040                DMAMUX2_OVR_IRQHandler
                0x08061040                TIM8_UP_TIM13_IRQHandler
                0x08061040                I2C3_ER_IRQHandler
                0x08061040                DFSDM1_FLT2_IRQHandler
                0x08061040                I2C5_EV_IRQHandler
                0x08061040                USART10_IRQHandler
                0x08061040                MDMA_IRQHandler
                0x08061040                LPTIM3_IRQHandler
                0x08061040                HSEM1_IRQHandler
                0x08061040                EXTI0_IRQHandler
                0x08061040                I2C2_EV_IRQHandler
                0x08061040                DMA1_Stream2_IRQHandler
                0x08061040                FPU_IRQHandler
                0x08061040                OTG_HS_WKUP_IRQHandler
                0x08061040                FDCAN1_IT1_IRQHandler
                0x08061040                LTDC_ER_IRQHandler
                0x08061040                DMA2_Stream2_IRQHandler
                0x08061040                SPI1_IRQHandler
                0x08061040                OCTOSPI1_IRQHandler
                0x08061040                TIM6_DAC_IRQHandler
                0x08061040                DMA2_Stream3_IRQHandler
                0x08061040                OCTOSPI2_IRQHandler
                0x08061040                DFSDM1_FLT3_IRQHandler
                0x08061040                TIM23_IRQHandler
                0x08061040                USART6_IRQHandler
                0x08061040                TIM17_IRQHandler
                0x08061040                USART3_IRQHandler
                0x08061040                BDMA_Channel7_IRQHandler
                0x08061040                LPTIM5_IRQHandler
                0x08061040                UART5_IRQHandler
                0x08061040                ADC3_IRQHandler
                0x08061040                DMA2_Stream0_IRQHandler
                0x08061040                TIM4_IRQHandler
                0x08061040                BDMA_Channel2_IRQHandler
                0x08061040                I2C1_EV_IRQHandler
                0x08061040                DMA1_Stream6_IRQHandler
                0x08061040                DMAMUX1_OVR_IRQHandler
                0x08061040                DMA1_Stream1_IRQHandler
                0x08061040                TIM16_IRQHandler
                0x08061040                UART4_IRQHandler
                0x08061040                BDMA_Channel5_IRQHandler
                0x08061040                TIM3_IRQHandler
                0x08061040                RCC_IRQHandler
                0x08061040                UART9_IRQHandler
                0x08061040                TIM8_BRK_TIM12_IRQHandler
                0x08061040                TIM1_TRG_COM_IRQHandler
                0x08061040                Default_Handler
                0x08061040                ECC_IRQHandler
                0x08061040                FMAC_IRQHandler
                0x08061040                CEC_IRQHandler
                0x08061040                EXTI15_10_IRQHandler
                0x08061040                BDMA_Channel0_IRQHandler
                0x08061040                ADC_IRQHandler
                0x08061040                I2C5_ER_IRQHandler
                0x08061040                DMA1_Stream7_IRQHandler
                0x08061040                SPI5_IRQHandler
                0x08061040                TIM7_IRQHandler
                0x08061040                FDCAN3_IT1_IRQHandler
                0x08061040                SDMMC1_IRQHandler
                0x08061040                TIM5_IRQHandler
                0x08061040                DMA2_Stream7_IRQHandler
                0x08061040                TIM15_IRQHandler
                0x08061040                PVD_AVD_IRQHandler
                0x08061040                I2C3_EV_IRQHandler
                0x08061040                EXTI9_5_IRQHandler
                0x08061040                RTC_WKUP_IRQHandler
                0x08061040                LTDC_IRQHandler
                0x08061040                ETH_WKUP_IRQHandler
                0x08061040                SPDIF_RX_IRQHandler
                0x08061040                SPI2_IRQHandler
                0x08061040                OTG_HS_EP1_IN_IRQHandler
                0x08061040                DMA1_Stream0_IRQHandler
                0x08061040                TIM24_IRQHandler
                0x08061040                CRS_IRQHandler
                0x08061040                EXTI4_IRQHandler
                0x08061040                RNG_IRQHandler
                0x08061040                FDCAN2_IT1_IRQHandler
                0x08061040                ETH_IRQHandler
                0x08061040                TIM1_UP_IRQHandler
                0x08061040                BDMA_Channel4_IRQHandler
                0x08061040                OTG_HS_EP1_OUT_IRQHandler
                0x08061040                WWDG_IRQHandler
                0x08061040                SPI6_IRQHandler
                0x08061040                MDIOS_IRQHandler
                0x08061040                I2C4_EV_IRQHandler
                0x08061040                FDCAN2_IT0_IRQHandler
                0x08061040                LPUART1_IRQHandler
                0x08061040                FDCAN1_IT0_IRQHandler
                0x08061040                TIM2_IRQHandler
                0x08061040                OTG_HS_IRQHandler
                0x08061040                DMA2D_IRQHandler
                0x08061040                TIM1_BRK_IRQHandler
                0x08061040                EXTI1_IRQHandler
                0x08061040                SDMMC2_IRQHandler
                0x08061040                BDMA_Channel3_IRQHandler
                0x08061040                DTS_IRQHandler
                0x08061040                UART7_IRQHandler
                0x08061040                MDIOS_WKUP_IRQHandler
                0x08061040                USART2_IRQHandler
                0x08061040                DFSDM1_FLT0_IRQHandler
                0x08061040                SAI4_IRQHandler
                0x08061040                I2C2_ER_IRQHandler
                0x08061040                DMA2_Stream1_IRQHandler
                0x08061040                FLASH_IRQHandler
                0x08061040                DMA2_Stream4_IRQHandler
                0x08061040                USART1_IRQHandler
                0x08061040                SPI3_IRQHandler
                0x08061040                WAKEUP_PIN_IRQHandler
                0x08061040                DMA1_Stream4_IRQHandler
                0x08061040                I2C1_ER_IRQHandler
                0x08061040                FMC_IRQHandler
                0x08061040                FDCAN_CAL_IRQHandler
                0x08061040                SWPMI1_IRQHandler
                0x08061040                COMP1_IRQHandler
                0x08061040                LPTIM1_IRQHandler
                0x08061040                DCMI_PSSI_IRQHandler
                0x08061040                I2C4_ER_IRQHandler
                0x08061040                DMA2_Stream6_IRQHandler
                0x08061040                SAI1_IRQHandler
                0x08061040                DMA1_Stream3_IRQHandler
 *fill*         0x08061042        0x2 
 .text.HAL_Init
                0x08061044       0x78 ./Drivers/STM32H7xx_HAL_Driver/Src/stm32h7xx_hal.o
                0x08061044                HAL_Init
 .text.HAL_InitTick
                0x080610bc       0x6c ./Drivers/STM32H7xx_HAL_Driver/Src/stm32h7xx_hal.o
                0x080610bc                HAL_InitTick
 .text.HAL_IncTick
                0x08061128       0x28 ./Drivers/STM32H7xx_HAL_Driver/Src/stm32h7xx_hal.o
                0x08061128                HAL_IncTick
 .text.HAL_GetTick
                0x08061150       0x18 ./Drivers/STM32H7xx_HAL_Driver/Src/stm32h7xx_hal.o
                0x08061150                HAL_GetTick
 .text.__NVIC_SetPriorityGrouping
                0x08061168       0x48 ./Drivers/STM32H7xx_HAL_Driver/Src/stm32h7xx_hal_cortex.o
 .text.__NVIC_GetPriorityGrouping
                0x080611b0       0x1c ./Drivers/STM32H7xx_HAL_Driver/Src/stm32h7xx_hal_cortex.o
 .text.__NVIC_SetPriority
                0x080611cc       0x54 ./Drivers/STM32H7xx_HAL_Driver/Src/stm32h7xx_hal_cortex.o
 .text.NVIC_EncodePriority
                0x08061220       0x66 ./Drivers/STM32H7xx_HAL_Driver/Src/stm32h7xx_hal_cortex.o
 *fill*         0x08061286        0x2 
 .text.SysTick_Config
                0x08061288       0x44 ./Drivers/STM32H7xx_HAL_Driver/Src/stm32h7xx_hal_cortex.o
 .text.HAL_NVIC_SetPriorityGrouping
                0x080612cc       0x16 ./Drivers/STM32H7xx_HAL_Driver/Src/stm32h7xx_hal_cortex.o
                0x080612cc                HAL_NVIC_SetPriorityGrouping
 .text.HAL_NVIC_SetPriority
                0x080612e2       0x34 ./Drivers/STM32H7xx_HAL_Driver/Src/stm32h7xx_hal_cortex.o
                0x080612e2                HAL_NVIC_SetPriority
 .text.HAL_SYSTICK_Config
                0x08061316       0x18 ./Drivers/STM32H7xx_HAL_Driver/Src/stm32h7xx_hal_cortex.o
                0x08061316                HAL_SYSTICK_Config
 *fill*         0x0806132e        0x2 
 .text.HAL_MPU_Disable
                0x08061330       0x30 ./Drivers/STM32H7xx_HAL_Driver/Src/stm32h7xx_hal_cortex.o
                0x08061330                HAL_MPU_Disable
 .text.HAL_MPU_Enable
                0x08061360       0x40 ./Drivers/STM32H7xx_HAL_Driver/Src/stm32h7xx_hal_cortex.o
                0x08061360                HAL_MPU_Enable
 .text.HAL_MPU_ConfigRegion
                0x080613a0       0x80 ./Drivers/STM32H7xx_HAL_Driver/Src/stm32h7xx_hal_cortex.o
                0x080613a0                HAL_MPU_ConfigRegion
 .text.HAL_FLASH_Program
                0x08061420       0xe0 ./Drivers/STM32H7xx_HAL_Driver/Src/stm32h7xx_hal_flash.o
                0x08061420                HAL_FLASH_Program
 .text.HAL_FLASH_Unlock
                0x08061500       0x44 ./Drivers/STM32H7xx_HAL_Driver/Src/stm32h7xx_hal_flash.o
                0x08061500                HAL_FLASH_Unlock
 .text.HAL_FLASH_Lock
                0x08061544       0x30 ./Drivers/STM32H7xx_HAL_Driver/Src/stm32h7xx_hal_flash.o
                0x08061544                HAL_FLASH_Lock
 .text.FLASH_WaitForLastOperation
                0x08061574       0xac ./Drivers/STM32H7xx_HAL_Driver/Src/stm32h7xx_hal_flash.o
                0x08061574                FLASH_WaitForLastOperation
 .text.HAL_FLASHEx_Erase
                0x08061620      0x118 ./Drivers/STM32H7xx_HAL_Driver/Src/stm32h7xx_hal_flash_ex.o
                0x08061620                HAL_FLASHEx_Erase
 .text.FLASH_MassErase
                0x08061738       0x48 ./Drivers/STM32H7xx_HAL_Driver/Src/stm32h7xx_hal_flash_ex.o
 .text.FLASH_Erase_Sector
                0x08061780       0x48 ./Drivers/STM32H7xx_HAL_Driver/Src/stm32h7xx_hal_flash_ex.o
                0x08061780                FLASH_Erase_Sector
 .text.HAL_GPIO_Init
                0x080617c8      0x350 ./Drivers/STM32H7xx_HAL_Driver/Src/stm32h7xx_hal_gpio.o
                0x080617c8                HAL_GPIO_Init
 .text.HAL_GPIO_WritePin
                0x08061b18       0x32 ./Drivers/STM32H7xx_HAL_Driver/Src/stm32h7xx_hal_gpio.o
                0x08061b18                HAL_GPIO_WritePin
 .text.HAL_GPIO_TogglePin
                0x08061b4a       0x34 ./Drivers/STM32H7xx_HAL_Driver/Src/stm32h7xx_hal_gpio.o
                0x08061b4a                HAL_GPIO_TogglePin
 *fill*         0x08061b7e        0x2 
 .text.HAL_PWREx_ConfigSupply
                0x08061b80       0x74 ./Drivers/STM32H7xx_HAL_Driver/Src/stm32h7xx_hal_pwr_ex.o
                0x08061b80                HAL_PWREx_ConfigSupply
 .text.HAL_RCC_OscConfig
                0x08061bf4      0x7b4 ./Drivers/STM32H7xx_HAL_Driver/Src/stm32h7xx_hal_rcc.o
                0x08061bf4                HAL_RCC_OscConfig
 .text.HAL_RCC_ClockConfig
                0x080623a8      0x36c ./Drivers/STM32H7xx_HAL_Driver/Src/stm32h7xx_hal_rcc.o
                0x080623a8                HAL_RCC_ClockConfig
 .text.HAL_RCC_GetSysClockFreq
                0x08062714      0x2f4 ./Drivers/STM32H7xx_HAL_Driver/Src/stm32h7xx_hal_rcc.o
                0x08062714                HAL_RCC_GetSysClockFreq
 .text.HAL_RCC_GetHCLKFreq
                0x08062a08       0x60 ./Drivers/STM32H7xx_HAL_Driver/Src/stm32h7xx_hal_rcc.o
                0x08062a08                HAL_RCC_GetHCLKFreq
 .text.HAL_RCC_GetPCLK1Freq
                0x08062a68       0x2c ./Drivers/STM32H7xx_HAL_Driver/Src/stm32h7xx_hal_rcc.o
                0x08062a68                HAL_RCC_GetPCLK1Freq
 .text.HAL_RCC_GetPCLK2Freq
                0x08062a94       0x2c ./Drivers/STM32H7xx_HAL_Driver/Src/stm32h7xx_hal_rcc.o
                0x08062a94                HAL_RCC_GetPCLK2Freq
 .text.HAL_RCCEx_PeriphCLKConfig
                0x08062ac0     0x1340 ./Drivers/STM32H7xx_HAL_Driver/Src/stm32h7xx_hal_rcc_ex.o
                0x08062ac0                HAL_RCCEx_PeriphCLKConfig
 .text.HAL_RCCEx_GetD3PCLK1Freq
                0x08063e00       0x2c ./Drivers/STM32H7xx_HAL_Driver/Src/stm32h7xx_hal_rcc_ex.o
                0x08063e00                HAL_RCCEx_GetD3PCLK1Freq
 .text.HAL_RCCEx_GetPLL2ClockFreq
                0x08063e2c      0x2a8 ./Drivers/STM32H7xx_HAL_Driver/Src/stm32h7xx_hal_rcc_ex.o
                0x08063e2c                HAL_RCCEx_GetPLL2ClockFreq
 .text.HAL_RCCEx_GetPLL3ClockFreq
                0x080640d4      0x2a8 ./Drivers/STM32H7xx_HAL_Driver/Src/stm32h7xx_hal_rcc_ex.o
                0x080640d4                HAL_RCCEx_GetPLL3ClockFreq
 .text.RCCEx_PLL2_Config
                0x0806437c      0x164 ./Drivers/STM32H7xx_HAL_Driver/Src/stm32h7xx_hal_rcc_ex.o
 .text.RCCEx_PLL3_Config
                0x080644e0      0x164 ./Drivers/STM32H7xx_HAL_Driver/Src/stm32h7xx_hal_rcc_ex.o
 .text.HAL_UART_Init
                0x08064644       0xa0 ./Drivers/STM32H7xx_HAL_Driver/Src/stm32h7xx_hal_uart.o
                0x08064644                HAL_UART_Init
 .text.HAL_UART_Transmit
                0x080646e4      0x11c ./Drivers/STM32H7xx_HAL_Driver/Src/stm32h7xx_hal_uart.o
                0x080646e4                HAL_UART_Transmit
 .text.HAL_UART_Receive
                0x08064800      0x190 ./Drivers/STM32H7xx_HAL_Driver/Src/stm32h7xx_hal_uart.o
                0x08064800                HAL_UART_Receive
 .text.UART_SetConfig
                0x08064990      0xcd8 ./Drivers/STM32H7xx_HAL_Driver/Src/stm32h7xx_hal_uart.o
                0x08064990                UART_SetConfig
 .text.UART_AdvFeatureConfig
                0x08065668      0x144 ./Drivers/STM32H7xx_HAL_Driver/Src/stm32h7xx_hal_uart.o
                0x08065668                UART_AdvFeatureConfig
 .text.UART_CheckIdleState
                0x080657ac      0x154 ./Drivers/STM32H7xx_HAL_Driver/Src/stm32h7xx_hal_uart.o
                0x080657ac                UART_CheckIdleState
 .text.UART_WaitOnFlagUntilTimeout
                0x08065900       0xda ./Drivers/STM32H7xx_HAL_Driver/Src/stm32h7xx_hal_uart.o
                0x08065900                UART_WaitOnFlagUntilTimeout
 *fill*         0x080659da        0x2 
 .text.UART_EndRxTransfer
                0x080659dc       0xcc ./Drivers/STM32H7xx_HAL_Driver/Src/stm32h7xx_hal_uart.o
 .text.HAL_UARTEx_DisableFifoMode
                0x08065aa8       0x72 ./Drivers/STM32H7xx_HAL_Driver/Src/stm32h7xx_hal_uart_ex.o
                0x08065aa8                HAL_UARTEx_DisableFifoMode
 .text.HAL_UARTEx_SetTxFifoThreshold
                0x08065b1a       0x7c ./Drivers/STM32H7xx_HAL_Driver/Src/stm32h7xx_hal_uart_ex.o
                0x08065b1a                HAL_UARTEx_SetTxFifoThreshold
 .text.HAL_UARTEx_SetRxFifoThreshold
                0x08065b96       0x7c ./Drivers/STM32H7xx_HAL_Driver/Src/stm32h7xx_hal_uart_ex.o
                0x08065b96                HAL_UARTEx_SetRxFifoThreshold
 *fill*         0x08065c12        0x2 
 .text.UARTEx_SetNbDataToProcess
                0x08065c14       0x9c ./Drivers/STM32H7xx_HAL_Driver/Src/stm32h7xx_hal_uart_ex.o
 .text.memset   0x08065cb0       0x10 D:/STM32CubeIDE_1.18.1/STM32CubeIDE/plugins/com.st.stm32cube.ide.mcu.externaltools.gnu-tools-for-stm32.13.3.rel1.win32_1.0.0.202411081344/tools/bin/../lib/gcc/arm-none-eabi/13.3.1/../../../../arm-none-eabi/lib/thumb/v7e-m+dp/hard\libc_nano.a(libc_a-memset.o)
                0x08065cb0                memset
 .text.__libc_init_array
                0x08065cc0       0x48 D:/STM32CubeIDE_1.18.1/STM32CubeIDE/plugins/com.st.stm32cube.ide.mcu.externaltools.gnu-tools-for-stm32.13.3.rel1.win32_1.0.0.202411081344/tools/bin/../lib/gcc/arm-none-eabi/13.3.1/../../../../arm-none-eabi/lib/thumb/v7e-m+dp/hard\libc_nano.a(libc_a-init.o)
                0x08065cc0                __libc_init_array
 *(.glue_7)
 .glue_7        0x08065d08        0x0 linker stubs
 *(.glue_7t)
 .glue_7t       0x08065d08        0x0 linker stubs
 *(.eh_frame)
 .eh_frame      0x08065d08        0x0 D:/STM32CubeIDE_1.18.1/STM32CubeIDE/plugins/com.st.stm32cube.ide.mcu.externaltools.gnu-tools-for-stm32.13.3.rel1.win32_1.0.0.202411081344/tools/bin/../lib/gcc/arm-none-eabi/13.3.1/thumb/v7e-m+dp/hard/crtbegin.o
 *(.init)
 .init          0x08065d08        0x4 D:/STM32CubeIDE_1.18.1/STM32CubeIDE/plugins/com.st.stm32cube.ide.mcu.externaltools.gnu-tools-for-stm32.13.3.rel1.win32_1.0.0.202411081344/tools/bin/../lib/gcc/arm-none-eabi/13.3.1/thumb/v7e-m+dp/hard/crti.o
                0x08065d08                _init
 .init          0x08065d0c        0x8 D:/STM32CubeIDE_1.18.1/STM32CubeIDE/plugins/com.st.stm32cube.ide.mcu.externaltools.gnu-tools-for-stm32.13.3.rel1.win32_1.0.0.202411081344/tools/bin/../lib/gcc/arm-none-eabi/13.3.1/thumb/v7e-m+dp/hard/crtn.o
 *(.fini)
 .fini          0x08065d14        0x4 D:/STM32CubeIDE_1.18.1/STM32CubeIDE/plugins/com.st.stm32cube.ide.mcu.externaltools.gnu-tools-for-stm32.13.3.rel1.win32_1.0.0.202411081344/tools/bin/../lib/gcc/arm-none-eabi/13.3.1/thumb/v7e-m+dp/hard/crti.o
                0x08065d14                _fini
 .fini          0x08065d18        0x8 D:/STM32CubeIDE_1.18.1/STM32CubeIDE/plugins/com.st.stm32cube.ide.mcu.externaltools.gnu-tools-for-stm32.13.3.rel1.win32_1.0.0.202411081344/tools/bin/../lib/gcc/arm-none-eabi/13.3.1/thumb/v7e-m+dp/hard/crtn.o
                0x08065d20                        . = ALIGN (0x4)
                0x08065d20                        _etext = .

.vfp11_veneer   0x08065d20        0x0
 .vfp11_veneer  0x08065d20        0x0 linker stubs

.v4_bx          0x08065d20        0x0
 .v4_bx         0x08065d20        0x0 linker stubs

.iplt           0x08065d20        0x0
 .iplt          0x08065d20        0x0 D:/STM32CubeIDE_1.18.1/STM32CubeIDE/plugins/com.st.stm32cube.ide.mcu.externaltools.gnu-tools-for-stm32.13.3.rel1.win32_1.0.0.202411081344/tools/bin/../lib/gcc/arm-none-eabi/13.3.1/thumb/v7e-m+dp/hard/crtbegin.o

.rodata         0x08065d20      0x500
                0x08065d20                        . = ALIGN (0x4)
 *(.rodata)
 .rodata        0x08065d20       0xc8 ./Core/Src/main.o
 *(.rodata*)
 .rodata.crc32_table
                0x08065de8      0x400 ./Core/Src/Defind.o
 .rodata.D1CorePrescTable
                0x080661e8       0x10 ./Core/Src/system_stm32h7xx.o
                0x080661e8                D1CorePrescTable
 .rodata.UARTPrescTable
                0x080661f8       0x18 ./Drivers/STM32H7xx_HAL_Driver/Src/stm32h7xx_hal_uart.o
                0x080661f8                UARTPrescTable
 .rodata.numerator.1
                0x08066210        0x8 ./Drivers/STM32H7xx_HAL_Driver/Src/stm32h7xx_hal_uart_ex.o
 .rodata.denominator.0
                0x08066218        0x8 ./Drivers/STM32H7xx_HAL_Driver/Src/stm32h7xx_hal_uart_ex.o
                0x08066220                        . = ALIGN (0x4)

.ARM.extab
 *(.ARM.extab* .gnu.linkonce.armextab.*)

.ARM            0x08066220        0x8
                0x08066220                        __exidx_start = .
 *(.ARM.exidx*)
 .ARM.exidx     0x08066220        0x8 D:/STM32CubeIDE_1.18.1/STM32CubeIDE/plugins/com.st.stm32cube.ide.mcu.externaltools.gnu-tools-for-stm32.13.3.rel1.win32_1.0.0.202411081344/tools/bin/../lib/gcc/arm-none-eabi/13.3.1/../../../../arm-none-eabi/lib/thumb/v7e-m+dp/hard\libc_nano.a(libc_a-strlen.o)
 .ARM.exidx     0x08066228        0x0 D:/STM32CubeIDE_1.18.1/STM32CubeIDE/plugins/com.st.stm32cube.ide.mcu.externaltools.gnu-tools-for-stm32.13.3.rel1.win32_1.0.0.202411081344/tools/bin/../lib/gcc/arm-none-eabi/13.3.1/thumb/v7e-m+dp/hard\libgcc.a(_udivmoddi4.o)
                                  0x8 (size before relaxing)
                0x08066228                        __exidx_end = .

.preinit_array  0x08066228        0x0
                0x08066228                        PROVIDE (__preinit_array_start = .)
 *(.preinit_array*)
                0x08066228                        PROVIDE (__preinit_array_end = .)

.init_array     0x08066228        0x4
                0x08066228                        PROVIDE (__init_array_start = .)
 *(SORT_BY_NAME(.init_array.*))
 *(.init_array*)
 .init_array    0x08066228        0x4 D:/STM32CubeIDE_1.18.1/STM32CubeIDE/plugins/com.st.stm32cube.ide.mcu.externaltools.gnu-tools-for-stm32.13.3.rel1.win32_1.0.0.202411081344/tools/bin/../lib/gcc/arm-none-eabi/13.3.1/thumb/v7e-m+dp/hard/crtbegin.o
                0x0806622c                        PROVIDE (__init_array_end = .)

.fini_array     0x0806622c        0x4
                [!provide]                        PROVIDE (__fini_array_start = .)
 *(SORT_BY_NAME(.fini_array.*))
 *(.fini_array*)
 .fini_array    0x0806622c        0x4 D:/STM32CubeIDE_1.18.1/STM32CubeIDE/plugins/com.st.stm32cube.ide.mcu.externaltools.gnu-tools-for-stm32.13.3.rel1.win32_1.0.0.202411081344/tools/bin/../lib/gcc/arm-none-eabi/13.3.1/thumb/v7e-m+dp/hard/crtbegin.o
                [!provide]                        PROVIDE (__fini_array_end = .)
                0x08066230                        _sidata = LOADADDR (.data)

.rel.dyn        0x08066230        0x0
 .rel.iplt      0x08066230        0x0 D:/STM32CubeIDE_1.18.1/STM32CubeIDE/plugins/com.st.stm32cube.ide.mcu.externaltools.gnu-tools-for-stm32.13.3.rel1.win32_1.0.0.202411081344/tools/bin/../lib/gcc/arm-none-eabi/13.3.1/thumb/v7e-m+dp/hard/crtbegin.o

.data           0x24000000       0x10 load address 0x08066230
                0x24000000                        . = ALIGN (0x4)
                0x24000000                        _sdata = .
 *(.data)
 *(.data*)
 .data.SystemCoreClock
                0x24000000        0x4 ./Core/Src/system_stm32h7xx.o
                0x24000000                SystemCoreClock
 .data.SystemD2Clock
                0x24000004        0x4 ./Core/Src/system_stm32h7xx.o
                0x24000004                SystemD2Clock
 .data.uwTickPrio
                0x24000008        0x4 ./Drivers/STM32H7xx_HAL_Driver/Src/stm32h7xx_hal.o
                0x24000008                uwTickPrio
 .data.uwTickFreq
                0x2400000c        0x1 ./Drivers/STM32H7xx_HAL_Driver/Src/stm32h7xx_hal.o
                0x2400000c                uwTickFreq
 *(.RamFunc)
 *(.RamFunc*)
                0x24000010                        . = ALIGN (0x4)
 *fill*         0x2400000d        0x3 
                0x24000010                        _edata = .

.igot.plt       0x24000010        0x0 load address 0x08066240
 .igot.plt      0x24000010        0x0 D:/STM32CubeIDE_1.18.1/STM32CubeIDE/plugins/com.st.stm32cube.ide.mcu.externaltools.gnu-tools-for-stm32.13.3.rel1.win32_1.0.0.202411081344/tools/bin/../lib/gcc/arm-none-eabi/13.3.1/thumb/v7e-m+dp/hard/crtbegin.o
                0x24000010                        . = ALIGN (0x4)

.bss            0x24000010      0x1fc load address 0x08066240
                0x24000010                        _sbss = .
                0x24000010                        __bss_start__ = _sbss
 *(.bss)
 .bss           0x24000010       0x1c D:/STM32CubeIDE_1.18.1/STM32CubeIDE/plugins/com.st.stm32cube.ide.mcu.externaltools.gnu-tools-for-stm32.13.3.rel1.win32_1.0.0.202411081344/tools/bin/../lib/gcc/arm-none-eabi/13.3.1/thumb/v7e-m+dp/hard/crtbegin.o
 *(.bss*)
 .bss.user_buffer
                0x2400002c      0x12c ./Core/Src/main.o
                0x2400002c                user_buffer
 .bss.huart1    0x24000158       0x94 ./Core/Src/main.o
                0x24000158                huart1
 .bss.uwTick    0x240001ec        0x4 ./Drivers/STM32H7xx_HAL_Driver/Src/stm32h7xx_hal.o
                0x240001ec                uwTick
 .bss.pFlash    0x240001f0       0x1c ./Drivers/STM32H7xx_HAL_Driver/Src/stm32h7xx_hal_flash.o
                0x240001f0                pFlash
 *(COMMON)
                0x2400020c                        . = ALIGN (0x4)
                0x2400020c                        _ebss = .
                0x2400020c                        __bss_end__ = _ebss

._user_heap_stack
                0x2400020c      0x604 load address 0x08066240
                0x24000210                        . = ALIGN (0x8)
 *fill*         0x2400020c        0x4 
                [!provide]                        PROVIDE (end = .)
                0x24000210                        PROVIDE (_end = .)
                0x24000410                        . = (. + _Min_Heap_Size)
 *fill*         0x24000210      0x200 
                0x24000810                        . = (. + _Min_Stack_Size)
 *fill*         0x24000410      0x400 
                0x24000810                        . = ALIGN (0x8)

/DISCARD/
 libc.a(*)
 libm.a(*)
 libgcc.a(*)

.ARM.attributes
                0x00000000       0x2e
 *(.ARM.attributes)
 .ARM.attributes
                0x00000000       0x20 D:/STM32CubeIDE_1.18.1/STM32CubeIDE/plugins/com.st.stm32cube.ide.mcu.externaltools.gnu-tools-for-stm32.13.3.rel1.win32_1.0.0.202411081344/tools/bin/../lib/gcc/arm-none-eabi/13.3.1/thumb/v7e-m+dp/hard/crti.o
 .ARM.attributes
                0x00000020       0x32 D:/STM32CubeIDE_1.18.1/STM32CubeIDE/plugins/com.st.stm32cube.ide.mcu.externaltools.gnu-tools-for-stm32.13.3.rel1.win32_1.0.0.202411081344/tools/bin/../lib/gcc/arm-none-eabi/13.3.1/thumb/v7e-m+dp/hard/crtbegin.o
 .ARM.attributes
                0x00000052       0x32 ./Core/Src/Defind.o
 .ARM.attributes
                0x00000084       0x32 ./Core/Src/main.o
 .ARM.attributes
                0x000000b6       0x32 ./Core/Src/stm32h7xx_hal_msp.o
 .ARM.attributes
                0x000000e8       0x32 ./Core/Src/stm32h7xx_it.o
 .ARM.attributes
                0x0000011a       0x32 ./Core/Src/system_stm32h7xx.o
 .ARM.attributes
                0x0000014c       0x21 ./Core/Startup/startup_stm32h723zgtx.o
 .ARM.attributes
                0x0000016d       0x32 ./Drivers/STM32H7xx_HAL_Driver/Src/stm32h7xx_hal.o
 .ARM.attributes
                0x0000019f       0x32 ./Drivers/STM32H7xx_HAL_Driver/Src/stm32h7xx_hal_cortex.o
 .ARM.attributes
                0x000001d1       0x32 ./Drivers/STM32H7xx_HAL_Driver/Src/stm32h7xx_hal_flash.o
 .ARM.attributes
                0x00000203       0x32 ./Drivers/STM32H7xx_HAL_Driver/Src/stm32h7xx_hal_flash_ex.o
 .ARM.attributes
                0x00000235       0x32 ./Drivers/STM32H7xx_HAL_Driver/Src/stm32h7xx_hal_gpio.o
 .ARM.attributes
                0x00000267       0x32 ./Drivers/STM32H7xx_HAL_Driver/Src/stm32h7xx_hal_pwr_ex.o
 .ARM.attributes
                0x00000299       0x32 ./Drivers/STM32H7xx_HAL_Driver/Src/stm32h7xx_hal_rcc.o
 .ARM.attributes
                0x000002cb       0x32 ./Drivers/STM32H7xx_HAL_Driver/Src/stm32h7xx_hal_rcc_ex.o
 .ARM.attributes
                0x000002fd       0x32 ./Drivers/STM32H7xx_HAL_Driver/Src/stm32h7xx_hal_uart.o
 .ARM.attributes
                0x0000032f       0x32 ./Drivers/STM32H7xx_HAL_Driver/Src/stm32h7xx_hal_uart_ex.o
 .ARM.attributes
                0x00000361       0x32 D:/STM32CubeIDE_1.18.1/STM32CubeIDE/plugins/com.st.stm32cube.ide.mcu.externaltools.gnu-tools-for-stm32.13.3.rel1.win32_1.0.0.202411081344/tools/bin/../lib/gcc/arm-none-eabi/13.3.1/../../../../arm-none-eabi/lib/thumb/v7e-m+dp/hard\libc_nano.a(libc_a-memset.o)
 .ARM.attributes
                0x00000393       0x32 D:/STM32CubeIDE_1.18.1/STM32CubeIDE/plugins/com.st.stm32cube.ide.mcu.externaltools.gnu-tools-for-stm32.13.3.rel1.win32_1.0.0.202411081344/tools/bin/../lib/gcc/arm-none-eabi/13.3.1/../../../../arm-none-eabi/lib/thumb/v7e-m+dp/hard\libc_nano.a(libc_a-init.o)
 .ARM.attributes
                0x000003c5       0x17 D:/STM32CubeIDE_1.18.1/STM32CubeIDE/plugins/com.st.stm32cube.ide.mcu.externaltools.gnu-tools-for-stm32.13.3.rel1.win32_1.0.0.202411081344/tools/bin/../lib/gcc/arm-none-eabi/13.3.1/../../../../arm-none-eabi/lib/thumb/v7e-m+dp/hard\libc_nano.a(libc_a-strlen.o)
 .ARM.attributes
                0x000003dc       0x20 D:/STM32CubeIDE_1.18.1/STM32CubeIDE/plugins/com.st.stm32cube.ide.mcu.externaltools.gnu-tools-for-stm32.13.3.rel1.win32_1.0.0.202411081344/tools/bin/../lib/gcc/arm-none-eabi/13.3.1/thumb/v7e-m+dp/hard\libgcc.a(_aeabi_uldivmod.o)
 .ARM.attributes
                0x000003fc       0x32 D:/STM32CubeIDE_1.18.1/STM32CubeIDE/plugins/com.st.stm32cube.ide.mcu.externaltools.gnu-tools-for-stm32.13.3.rel1.win32_1.0.0.202411081344/tools/bin/../lib/gcc/arm-none-eabi/13.3.1/thumb/v7e-m+dp/hard\libgcc.a(_udivmoddi4.o)
 .ARM.attributes
                0x0000042e       0x20 D:/STM32CubeIDE_1.18.1/STM32CubeIDE/plugins/com.st.stm32cube.ide.mcu.externaltools.gnu-tools-for-stm32.13.3.rel1.win32_1.0.0.202411081344/tools/bin/../lib/gcc/arm-none-eabi/13.3.1/thumb/v7e-m+dp/hard\libgcc.a(_dvmd_tls.o)
 .ARM.attributes
                0x0000044e       0x20 D:/STM32CubeIDE_1.18.1/STM32CubeIDE/plugins/com.st.stm32cube.ide.mcu.externaltools.gnu-tools-for-stm32.13.3.rel1.win32_1.0.0.202411081344/tools/bin/../lib/gcc/arm-none-eabi/13.3.1/thumb/v7e-m+dp/hard/crtn.o
OUTPUT(Backup_Firmware.elf elf32-littlearm)
LOAD linker stubs
LOAD D:/STM32CubeIDE_1.18.1/STM32CubeIDE/plugins/com.st.stm32cube.ide.mcu.externaltools.gnu-tools-for-stm32.13.3.rel1.win32_1.0.0.202411081344/tools/bin/../lib/gcc/arm-none-eabi/13.3.1/../../../../arm-none-eabi/lib/thumb/v7e-m+dp/hard\libc.a
LOAD D:/STM32CubeIDE_1.18.1/STM32CubeIDE/plugins/com.st.stm32cube.ide.mcu.externaltools.gnu-tools-for-stm32.13.3.rel1.win32_1.0.0.202411081344/tools/bin/../lib/gcc/arm-none-eabi/13.3.1/../../../../arm-none-eabi/lib/thumb/v7e-m+dp/hard\libm.a
LOAD D:/STM32CubeIDE_1.18.1/STM32CubeIDE/plugins/com.st.stm32cube.ide.mcu.externaltools.gnu-tools-for-stm32.13.3.rel1.win32_1.0.0.202411081344/tools/bin/../lib/gcc/arm-none-eabi/13.3.1/thumb/v7e-m+dp/hard\libgcc.a

.debug_info     0x00000000    0x10b6a
 .debug_info    0x00000000      0x485 ./Core/Src/Defind.o
 .debug_info    0x00000485     0x1a20 ./Core/Src/main.o
 .debug_info    0x00001ea5     0x103e ./Core/Src/stm32h7xx_hal_msp.o
 .debug_info    0x00002ee3      0x128 ./Core/Src/stm32h7xx_it.o
 .debug_info    0x0000300b      0xbf0 ./Core/Src/system_stm32h7xx.o
 .debug_info    0x00003bfb       0x30 ./Core/Startup/startup_stm32h723zgtx.o
 .debug_info    0x00003c2b     0x1698 ./Drivers/STM32H7xx_HAL_Driver/Src/stm32h7xx_hal.o
 .debug_info    0x000052c3     0x10a5 ./Drivers/STM32H7xx_HAL_Driver/Src/stm32h7xx_hal_cortex.o
 .debug_info    0x00006368      0x75c ./Drivers/STM32H7xx_HAL_Driver/Src/stm32h7xx_hal_flash.o
 .debug_info    0x00006ac4      0xc04 ./Drivers/STM32H7xx_HAL_Driver/Src/stm32h7xx_hal_flash_ex.o
 .debug_info    0x000076c8      0xc6b ./Drivers/STM32H7xx_HAL_Driver/Src/stm32h7xx_hal_gpio.o
 .debug_info    0x00008333      0xdce ./Drivers/STM32H7xx_HAL_Driver/Src/stm32h7xx_hal_pwr_ex.o
 .debug_info    0x00009101      0xd82 ./Drivers/STM32H7xx_HAL_Driver/Src/stm32h7xx_hal_rcc.o
 .debug_info    0x00009e83     0x120b ./Drivers/STM32H7xx_HAL_Driver/Src/stm32h7xx_hal_rcc_ex.o
 .debug_info    0x0000b08e     0x4b1d ./Drivers/STM32H7xx_HAL_Driver/Src/stm32h7xx_hal_uart.o
 .debug_info    0x0000fbab      0xfbf ./Drivers/STM32H7xx_HAL_Driver/Src/stm32h7xx_hal_uart_ex.o

.debug_abbrev   0x00000000     0x2387
 .debug_abbrev  0x00000000      0x1be ./Core/Src/Defind.o
 .debug_abbrev  0x000001be      0x3b1 ./Core/Src/main.o
 .debug_abbrev  0x0000056f      0x205 ./Core/Src/stm32h7xx_hal_msp.o
 .debug_abbrev  0x00000774       0x73 ./Core/Src/stm32h7xx_it.o
 .debug_abbrev  0x000007e7      0x153 ./Core/Src/system_stm32h7xx.o
 .debug_abbrev  0x0000093a       0x24 ./Core/Startup/startup_stm32h723zgtx.o
 .debug_abbrev  0x0000095e      0x29e ./Drivers/STM32H7xx_HAL_Driver/Src/stm32h7xx_hal.o
 .debug_abbrev  0x00000bfc      0x339 ./Drivers/STM32H7xx_HAL_Driver/Src/stm32h7xx_hal_cortex.o
 .debug_abbrev  0x00000f35      0x252 ./Drivers/STM32H7xx_HAL_Driver/Src/stm32h7xx_hal_flash.o
 .debug_abbrev  0x00001187      0x23d ./Drivers/STM32H7xx_HAL_Driver/Src/stm32h7xx_hal_flash_ex.o
 .debug_abbrev  0x000013c4      0x205 ./Drivers/STM32H7xx_HAL_Driver/Src/stm32h7xx_hal_gpio.o
 .debug_abbrev  0x000015c9      0x295 ./Drivers/STM32H7xx_HAL_Driver/Src/stm32h7xx_hal_pwr_ex.o
 .debug_abbrev  0x0000185e      0x2b1 ./Drivers/STM32H7xx_HAL_Driver/Src/stm32h7xx_hal_rcc.o
 .debug_abbrev  0x00001b0f      0x269 ./Drivers/STM32H7xx_HAL_Driver/Src/stm32h7xx_hal_rcc_ex.o
 .debug_abbrev  0x00001d78      0x33d ./Drivers/STM32H7xx_HAL_Driver/Src/stm32h7xx_hal_uart.o
 .debug_abbrev  0x000020b5      0x2d2 ./Drivers/STM32H7xx_HAL_Driver/Src/stm32h7xx_hal_uart_ex.o

.debug_aranges  0x00000000      0xc30
 .debug_aranges
                0x00000000       0x38 ./Core/Src/Defind.o
 .debug_aranges
                0x00000038       0x78 ./Core/Src/main.o
 .debug_aranges
                0x000000b0       0x30 ./Core/Src/stm32h7xx_hal_msp.o
 .debug_aranges
                0x000000e0       0x60 ./Core/Src/stm32h7xx_it.o
 .debug_aranges
                0x00000140       0x30 ./Core/Src/system_stm32h7xx.o
 .debug_aranges
                0x00000170       0x28 ./Core/Startup/startup_stm32h723zgtx.o
 .debug_aranges
                0x00000198      0x1c8 ./Drivers/STM32H7xx_HAL_Driver/Src/stm32h7xx_hal.o
 .debug_aranges
                0x00000360      0x130 ./Drivers/STM32H7xx_HAL_Driver/Src/stm32h7xx_hal_cortex.o
 .debug_aranges
                0x00000490       0x88 ./Drivers/STM32H7xx_HAL_Driver/Src/stm32h7xx_hal_flash.o
 .debug_aranges
                0x00000518      0x108 ./Drivers/STM32H7xx_HAL_Driver/Src/stm32h7xx_hal_flash_ex.o
 .debug_aranges
                0x00000620       0x58 ./Drivers/STM32H7xx_HAL_Driver/Src/stm32h7xx_hal_gpio.o
 .debug_aranges
                0x00000678      0x148 ./Drivers/STM32H7xx_HAL_Driver/Src/stm32h7xx_hal_pwr_ex.o
 .debug_aranges
                0x000007c0       0x88 ./Drivers/STM32H7xx_HAL_Driver/Src/stm32h7xx_hal_rcc.o
 .debug_aranges
                0x00000848       0xf8 ./Drivers/STM32H7xx_HAL_Driver/Src/stm32h7xx_hal_rcc_ex.o
 .debug_aranges
                0x00000940      0x248 ./Drivers/STM32H7xx_HAL_Driver/Src/stm32h7xx_hal_uart.o
 .debug_aranges
                0x00000b88       0xa8 ./Drivers/STM32H7xx_HAL_Driver/Src/stm32h7xx_hal_uart_ex.o

.debug_rnglists
                0x00000000      0x954
 .debug_rnglists
                0x00000000       0x25 ./Core/Src/Defind.o
 .debug_rnglists
                0x00000025       0x5b ./Core/Src/main.o
 .debug_rnglists
                0x00000080       0x20 ./Core/Src/stm32h7xx_hal_msp.o
 .debug_rnglists
                0x000000a0       0x43 ./Core/Src/stm32h7xx_it.o
 .debug_rnglists
                0x000000e3       0x21 ./Core/Src/system_stm32h7xx.o
 .debug_rnglists
                0x00000104       0x19 ./Core/Startup/startup_stm32h723zgtx.o
 .debug_rnglists
                0x0000011d      0x155 ./Drivers/STM32H7xx_HAL_Driver/Src/stm32h7xx_hal.o
 .debug_rnglists
                0x00000272       0xe0 ./Drivers/STM32H7xx_HAL_Driver/Src/stm32h7xx_hal_cortex.o
 .debug_rnglists
                0x00000352       0x66 ./Drivers/STM32H7xx_HAL_Driver/Src/stm32h7xx_hal_flash.o
 .debug_rnglists
                0x000003b8       0xc7 ./Drivers/STM32H7xx_HAL_Driver/Src/stm32h7xx_hal_flash_ex.o
 .debug_rnglists
                0x0000047f       0x3f ./Drivers/STM32H7xx_HAL_Driver/Src/stm32h7xx_hal_gpio.o
 .debug_rnglists
                0x000004be       0xf5 ./Drivers/STM32H7xx_HAL_Driver/Src/stm32h7xx_hal_pwr_ex.o
 .debug_rnglists
                0x000005b3       0x68 ./Drivers/STM32H7xx_HAL_Driver/Src/stm32h7xx_hal_rcc.o
 .debug_rnglists
                0x0000061b       0xc0 ./Drivers/STM32H7xx_HAL_Driver/Src/stm32h7xx_hal_rcc_ex.o
 .debug_rnglists
                0x000006db      0x1fa ./Drivers/STM32H7xx_HAL_Driver/Src/stm32h7xx_hal_uart.o
 .debug_rnglists
                0x000008d5       0x7f ./Drivers/STM32H7xx_HAL_Driver/Src/stm32h7xx_hal_uart_ex.o

.debug_macro    0x00000000    0x31f28
 .debug_macro   0x00000000      0x2b2 ./Core/Src/Defind.o
 .debug_macro   0x000002b2      0xaf6 ./Core/Src/Defind.o
 .debug_macro   0x00000da8      0x232 ./Core/Src/Defind.o
 .debug_macro   0x00000fda       0x2e ./Core/Src/Defind.o
 .debug_macro   0x00001008       0x3b ./Core/Src/Defind.o
 .debug_macro   0x00001043       0x22 ./Core/Src/Defind.o
 .debug_macro   0x00001065       0x8e ./Core/Src/Defind.o
 .debug_macro   0x000010f3       0x51 ./Core/Src/Defind.o
 .debug_macro   0x00001144      0x103 ./Core/Src/Defind.o
 .debug_macro   0x00001247       0x6a ./Core/Src/Defind.o
 .debug_macro   0x000012b1      0x1df ./Core/Src/Defind.o
 .debug_macro   0x00001490       0x1c ./Core/Src/Defind.o
 .debug_macro   0x000014ac       0x22 ./Core/Src/Defind.o
 .debug_macro   0x000014ce       0xfb ./Core/Src/Defind.o
 .debug_macro   0x000015c9     0x1305 ./Core/Src/Defind.o
 .debug_macro   0x000028ce      0x11f ./Core/Src/Defind.o
 .debug_macro   0x000029ed       0x27 ./Core/Src/Defind.o
 .debug_macro   0x00002a14    0x216c1 ./Core/Src/Defind.o
 .debug_macro   0x000240d5       0x6d ./Core/Src/Defind.o
 .debug_macro   0x00024142     0x3d64 ./Core/Src/Defind.o
 .debug_macro   0x00027ea6      0x190 ./Core/Src/Defind.o
 .debug_macro   0x00028036       0x61 ./Core/Src/Defind.o
 .debug_macro   0x00028097       0x29 ./Core/Src/Defind.o
 .debug_macro   0x000280c0       0x43 ./Core/Src/Defind.o
 .debug_macro   0x00028103       0x34 ./Core/Src/Defind.o
 .debug_macro   0x00028137      0x370 ./Core/Src/Defind.o
 .debug_macro   0x000284a7       0x16 ./Core/Src/Defind.o
 .debug_macro   0x000284bd       0x4a ./Core/Src/Defind.o
 .debug_macro   0x00028507       0x34 ./Core/Src/Defind.o
 .debug_macro   0x0002853b       0x10 ./Core/Src/Defind.o
 .debug_macro   0x0002854b       0x58 ./Core/Src/Defind.o
 .debug_macro   0x000285a3       0x8e ./Core/Src/Defind.o
 .debug_macro   0x00028631       0x1c ./Core/Src/Defind.o
 .debug_macro   0x0002864d      0x185 ./Core/Src/Defind.o
 .debug_macro   0x000287d2      0x19b ./Core/Src/Defind.o
 .debug_macro   0x0002896d       0x5d ./Core/Src/Defind.o
 .debug_macro   0x000289ca     0x2462 ./Core/Src/Defind.o
 .debug_macro   0x0002ae2c     0x1079 ./Core/Src/Defind.o
 .debug_macro   0x0002bea5      0x154 ./Core/Src/Defind.o
 .debug_macro   0x0002bff9      0x114 ./Core/Src/Defind.o
 .debug_macro   0x0002c10d      0x3fc ./Core/Src/Defind.o
 .debug_macro   0x0002c509       0xac ./Core/Src/Defind.o
 .debug_macro   0x0002c5b5      0x788 ./Core/Src/Defind.o
 .debug_macro   0x0002cd3d      0x228 ./Core/Src/Defind.o
 .debug_macro   0x0002cf65       0x66 ./Core/Src/Defind.o
 .debug_macro   0x0002cfcb      0x3a6 ./Core/Src/Defind.o
 .debug_macro   0x0002d371      0x3f9 ./Core/Src/Defind.o
 .debug_macro   0x0002d76a      0x275 ./Core/Src/Defind.o
 .debug_macro   0x0002d9df      0x3ca ./Core/Src/Defind.o
 .debug_macro   0x0002dda9      0x45c ./Core/Src/Defind.o
 .debug_macro   0x0002e205       0x3c ./Core/Src/Defind.o
 .debug_macro   0x0002e241       0x4a ./Core/Src/Defind.o
 .debug_macro   0x0002e28b      0x22c ./Core/Src/Defind.o
 .debug_macro   0x0002e4b7       0x67 ./Core/Src/Defind.o
 .debug_macro   0x0002e51e       0xa5 ./Core/Src/Defind.o
 .debug_macro   0x0002e5c3      0x1c4 ./Core/Src/Defind.o
 .debug_macro   0x0002e787      0x22a ./Core/Src/Defind.o
 .debug_macro   0x0002e9b1       0x35 ./Core/Src/Defind.o
 .debug_macro   0x0002e9e6      0x693 ./Core/Src/Defind.o
 .debug_macro   0x0002f079       0xa6 ./Core/Src/Defind.o
 .debug_macro   0x0002f11f      0x5f2 ./Core/Src/Defind.o
 .debug_macro   0x0002f711       0x16 ./Core/Src/Defind.o
 .debug_macro   0x0002f727      0x1d2 ./Core/Src/Defind.o
 .debug_macro   0x0002f8f9      0x322 ./Core/Src/main.o
 .debug_macro   0x0002fc1b       0x16 ./Core/Src/main.o
 .debug_macro   0x0002fc31       0x3c ./Core/Src/main.o
 .debug_macro   0x0002fc6d       0x20 ./Core/Src/main.o
 .debug_macro   0x0002fc8d      0x2a3 ./Core/Src/stm32h7xx_hal_msp.o
 .debug_macro   0x0002ff30      0x2ad ./Core/Src/stm32h7xx_it.o
 .debug_macro   0x000301dd      0x294 ./Core/Src/system_stm32h7xx.o
 .debug_macro   0x00030471      0x2be ./Drivers/STM32H7xx_HAL_Driver/Src/stm32h7xx_hal.o
 .debug_macro   0x0003072f      0x294 ./Drivers/STM32H7xx_HAL_Driver/Src/stm32h7xx_hal_cortex.o
 .debug_macro   0x000309c3      0x29a ./Drivers/STM32H7xx_HAL_Driver/Src/stm32h7xx_hal_flash.o
 .debug_macro   0x00030c5d      0x29a ./Drivers/STM32H7xx_HAL_Driver/Src/stm32h7xx_hal_flash_ex.o
 .debug_macro   0x00030ef7      0x29b ./Drivers/STM32H7xx_HAL_Driver/Src/stm32h7xx_hal_gpio.o
 .debug_macro   0x00031192      0x2cd ./Drivers/STM32H7xx_HAL_Driver/Src/stm32h7xx_hal_pwr_ex.o
 .debug_macro   0x0003145f      0x2b8 ./Drivers/STM32H7xx_HAL_Driver/Src/stm32h7xx_hal_rcc.o
 .debug_macro   0x00031717      0x2b2 ./Drivers/STM32H7xx_HAL_Driver/Src/stm32h7xx_hal_rcc_ex.o
 .debug_macro   0x000319c9      0x2bf ./Drivers/STM32H7xx_HAL_Driver/Src/stm32h7xx_hal_uart.o
 .debug_macro   0x00031c88      0x2a0 ./Drivers/STM32H7xx_HAL_Driver/Src/stm32h7xx_hal_uart_ex.o

.debug_line     0x00000000    0x10224
 .debug_line    0x00000000      0x949 ./Core/Src/Defind.o
 .debug_line    0x00000949      0xbe3 ./Core/Src/main.o
 .debug_line    0x0000152c      0x8fe ./Core/Src/stm32h7xx_hal_msp.o
 .debug_line    0x00001e2a      0x949 ./Core/Src/stm32h7xx_it.o
 .debug_line    0x00002773      0xa8e ./Core/Src/system_stm32h7xx.o
 .debug_line    0x00003201       0x7b ./Core/Startup/startup_stm32h723zgtx.o
 .debug_line    0x0000327c      0xf03 ./Drivers/STM32H7xx_HAL_Driver/Src/stm32h7xx_hal.o
 .debug_line    0x0000417f      0xe5c ./Drivers/STM32H7xx_HAL_Driver/Src/stm32h7xx_hal_cortex.o
 .debug_line    0x00004fdb      0xcd6 ./Drivers/STM32H7xx_HAL_Driver/Src/stm32h7xx_hal_flash.o
 .debug_line    0x00005cb1     0x1029 ./Drivers/STM32H7xx_HAL_Driver/Src/stm32h7xx_hal_flash_ex.o
 .debug_line    0x00006cda      0xce7 ./Drivers/STM32H7xx_HAL_Driver/Src/stm32h7xx_hal_gpio.o
 .debug_line    0x000079c1      0xf41 ./Drivers/STM32H7xx_HAL_Driver/Src/stm32h7xx_hal_pwr_ex.o
 .debug_line    0x00008902     0x1480 ./Drivers/STM32H7xx_HAL_Driver/Src/stm32h7xx_hal_rcc.o
 .debug_line    0x00009d82     0x1d34 ./Drivers/STM32H7xx_HAL_Driver/Src/stm32h7xx_hal_rcc_ex.o
 .debug_line    0x0000bab6     0x3966 ./Drivers/STM32H7xx_HAL_Driver/Src/stm32h7xx_hal_uart.o
 .debug_line    0x0000f41c      0xe08 ./Drivers/STM32H7xx_HAL_Driver/Src/stm32h7xx_hal_uart_ex.o

.debug_str      0x00000000   0x1411c2
 .debug_str     0x00000000   0x1411c2 ./Core/Src/Defind.o
                             0x13c85e (size before relaxing)
 .debug_str     0x001411c2   0x13d813 ./Core/Src/main.o
 .debug_str     0x001411c2   0x13cdec ./Core/Src/stm32h7xx_hal_msp.o
 .debug_str     0x001411c2   0x13c26a ./Core/Src/stm32h7xx_it.o
 .debug_str     0x001411c2   0x13c6b4 ./Core/Src/system_stm32h7xx.o
 .debug_str     0x001411c2       0x86 ./Core/Startup/startup_stm32h723zgtx.o
 .debug_str     0x001411c2   0x13d6ff ./Drivers/STM32H7xx_HAL_Driver/Src/stm32h7xx_hal.o
 .debug_str     0x001411c2   0x13d019 ./Drivers/STM32H7xx_HAL_Driver/Src/stm32h7xx_hal_cortex.o
 .debug_str     0x001411c2   0x13c671 ./Drivers/STM32H7xx_HAL_Driver/Src/stm32h7xx_hal_flash.o
 .debug_str     0x001411c2   0x13c988 ./Drivers/STM32H7xx_HAL_Driver/Src/stm32h7xx_hal_flash_ex.o
 .debug_str     0x001411c2   0x13c6c0 ./Drivers/STM32H7xx_HAL_Driver/Src/stm32h7xx_hal_gpio.o
 .debug_str     0x001411c2   0x13cac8 ./Drivers/STM32H7xx_HAL_Driver/Src/stm32h7xx_hal_pwr_ex.o
 .debug_str     0x001411c2   0x13ca43 ./Drivers/STM32H7xx_HAL_Driver/Src/stm32h7xx_hal_rcc.o
 .debug_str     0x001411c2   0x13cf5b ./Drivers/STM32H7xx_HAL_Driver/Src/stm32h7xx_hal_rcc_ex.o
 .debug_str     0x001411c2   0x13d5e3 ./Drivers/STM32H7xx_HAL_Driver/Src/stm32h7xx_hal_uart.o
 .debug_str     0x001411c2   0x13cba3 ./Drivers/STM32H7xx_HAL_Driver/Src/stm32h7xx_hal_uart_ex.o

.comment        0x00000000       0x43
 .comment       0x00000000       0x43 ./Core/Src/Defind.o
                                 0x44 (size before relaxing)
 .comment       0x00000043       0x44 ./Core/Src/main.o
 .comment       0x00000043       0x44 ./Core/Src/stm32h7xx_hal_msp.o
 .comment       0x00000043       0x44 ./Core/Src/stm32h7xx_it.o
 .comment       0x00000043       0x44 ./Core/Src/system_stm32h7xx.o
 .comment       0x00000043       0x44 ./Drivers/STM32H7xx_HAL_Driver/Src/stm32h7xx_hal.o
 .comment       0x00000043       0x44 ./Drivers/STM32H7xx_HAL_Driver/Src/stm32h7xx_hal_cortex.o
 .comment       0x00000043       0x44 ./Drivers/STM32H7xx_HAL_Driver/Src/stm32h7xx_hal_flash.o
 .comment       0x00000043       0x44 ./Drivers/STM32H7xx_HAL_Driver/Src/stm32h7xx_hal_flash_ex.o
 .comment       0x00000043       0x44 ./Drivers/STM32H7xx_HAL_Driver/Src/stm32h7xx_hal_gpio.o
 .comment       0x00000043       0x44 ./Drivers/STM32H7xx_HAL_Driver/Src/stm32h7xx_hal_pwr_ex.o
 .comment       0x00000043       0x44 ./Drivers/STM32H7xx_HAL_Driver/Src/stm32h7xx_hal_rcc.o
 .comment       0x00000043       0x44 ./Drivers/STM32H7xx_HAL_Driver/Src/stm32h7xx_hal_rcc_ex.o
 .comment       0x00000043       0x44 ./Drivers/STM32H7xx_HAL_Driver/Src/stm32h7xx_hal_uart.o
 .comment       0x00000043       0x44 ./Drivers/STM32H7xx_HAL_Driver/Src/stm32h7xx_hal_uart_ex.o

.debug_frame    0x00000000     0x31d4
 .debug_frame   0x00000000       0xa4 ./Core/Src/Defind.o
 .debug_frame   0x000000a4      0x1ac ./Core/Src/main.o
 .debug_frame   0x00000250       0x84 ./Core/Src/stm32h7xx_hal_msp.o
 .debug_frame   0x000002d4      0x104 ./Core/Src/stm32h7xx_it.o
 .debug_frame   0x000003d8       0x78 ./Core/Src/system_stm32h7xx.o
 .debug_frame   0x00000450      0x760 ./Drivers/STM32H7xx_HAL_Driver/Src/stm32h7xx_hal.o
 .debug_frame   0x00000bb0      0x508 ./Drivers/STM32H7xx_HAL_Driver/Src/stm32h7xx_hal_cortex.o
 .debug_frame   0x000010b8      0x1fc ./Drivers/STM32H7xx_HAL_Driver/Src/stm32h7xx_hal_flash.o
 .debug_frame   0x000012b4      0x484 ./Drivers/STM32H7xx_HAL_Driver/Src/stm32h7xx_hal_flash_ex.o
 .debug_frame   0x00001738      0x14c ./Drivers/STM32H7xx_HAL_Driver/Src/stm32h7xx_hal_gpio.o
 .debug_frame   0x00001884      0x540 ./Drivers/STM32H7xx_HAL_Driver/Src/stm32h7xx_hal_pwr_ex.o
 .debug_frame   0x00001dc4      0x1fc ./Drivers/STM32H7xx_HAL_Driver/Src/stm32h7xx_hal_rcc.o
 .debug_frame   0x00001fc0      0x414 ./Drivers/STM32H7xx_HAL_Driver/Src/stm32h7xx_hal_rcc_ex.o
 .debug_frame   0x000023d4      0xa94 ./Drivers/STM32H7xx_HAL_Driver/Src/stm32h7xx_hal_uart.o
 .debug_frame   0x00002e68      0x2c0 ./Drivers/STM32H7xx_HAL_Driver/Src/stm32h7xx_hal_uart_ex.o
 .debug_frame   0x00003128       0x20 D:/STM32CubeIDE_1.18.1/STM32CubeIDE/plugins/com.st.stm32cube.ide.mcu.externaltools.gnu-tools-for-stm32.13.3.rel1.win32_1.0.0.202411081344/tools/bin/../lib/gcc/arm-none-eabi/13.3.1/../../../../arm-none-eabi/lib/thumb/v7e-m+dp/hard\libc_nano.a(libc_a-memset.o)
 .debug_frame   0x00003148       0x2c D:/STM32CubeIDE_1.18.1/STM32CubeIDE/plugins/com.st.stm32cube.ide.mcu.externaltools.gnu-tools-for-stm32.13.3.rel1.win32_1.0.0.202411081344/tools/bin/../lib/gcc/arm-none-eabi/13.3.1/../../../../arm-none-eabi/lib/thumb/v7e-m+dp/hard\libc_nano.a(libc_a-init.o)
 .debug_frame   0x00003174       0x2c D:/STM32CubeIDE_1.18.1/STM32CubeIDE/plugins/com.st.stm32cube.ide.mcu.externaltools.gnu-tools-for-stm32.13.3.rel1.win32_1.0.0.202411081344/tools/bin/../lib/gcc/arm-none-eabi/13.3.1/thumb/v7e-m+dp/hard\libgcc.a(_aeabi_uldivmod.o)
 .debug_frame   0x000031a0       0x34 D:/STM32CubeIDE_1.18.1/STM32CubeIDE/plugins/com.st.stm32cube.ide.mcu.externaltools.gnu-tools-for-stm32.13.3.rel1.win32_1.0.0.202411081344/tools/bin/../lib/gcc/arm-none-eabi/13.3.1/thumb/v7e-m+dp/hard\libgcc.a(_udivmoddi4.o)

.debug_line_str
                0x00000000       0x6a
 .debug_line_str
                0x00000000       0x6a ./Core/Startup/startup_stm32h723zgtx.o
